../CANopenNode_STM32/CO_driver_STM32.c:252:1:prv_send_can_message	24	static
../CANopenNode_STM32/CO_driver_STM32.c:490:1:prv_read_can_received_msg	32	static,ignoring_inline_asm
../CANopenNode_STM32/CO_driver_STM32.c:43:1:CO_CANsetConfigurationMode	8	static
../CANopenNode_STM32/CO_driver_STM32.c:56:1:CO_CANsetNormalMode	8	static
../CANopenNode_STM32/CO_driver_STM32.c:72:1:CO_CANmodule_init	64	static
../CANopenNode_STM32/CO_driver_STM32.c:183:1:CO_CANmodule_disable	8	static
../CANopenNode_STM32/CO_driver_STM32.c:196:1:CO_CANrxBufferInit	12	static,ignoring_inline_asm
../CANopenNode_STM32/CO_driver_STM32.c:228:1:CO_CANtxBufferInit	4	static
../CANopenNode_STM32/CO_driver_STM32.c:337:1:CO_CANsend	16	static,ignoring_inline_asm
../CANopenNode_STM32/CO_driver_STM32.c:368:1:CO_CANclearPendingSyncPDOs	4	static,ignoring_inline_asm
../CANopenNode_STM32/CO_driver_STM32.c:403:1:CO_CANmodule_process	0	static
../CANopenNode_STM32/CO_driver_STM32.c:653:1:HAL_CAN_RxFifo0MsgPendingCallback	8	static
../CANopenNode_STM32/CO_driver_STM32.c:663:1:HAL_CAN_RxFifo1MsgPendingCallback	8	static
../CANopenNode_STM32/CO_driver_STM32.c:674:1:CO_CANinterrupt_TX	16	static,ignoring_inline_asm
../CANopenNode_STM32/CO_driver_STM32.c:710:1:HAL_CAN_TxMailbox0CompleteCallback	8	static
../CANopenNode_STM32/CO_driver_STM32.c:715:1:HAL_CAN_TxMailbox1CompleteCallback	8	static
../CANopenNode_STM32/CO_driver_STM32.c:720:1:HAL_CAN_TxMailbox2CompleteCallback	8	static
