Archive member included to satisfy reference by file (symbol)

c:/st/stm32cubeide_1.9.0/stm32cubeide/plugins/com.st.stm32cube.ide.mcu.externaltools.gnu-tools-for-stm32.10.3-2021.10.win32_1.0.0.202111181127/tools/bin/../lib/gcc/arm-none-eabi/10.3.1/../../../../arm-none-eabi/lib/thumb/v7-m/nofp\libc_nano.a(lib_a-calloc.o)
                              ./CANopenNode/CANopen.o (calloc)
c:/st/stm32cubeide_1.9.0/stm32cubeide/plugins/com.st.stm32cube.ide.mcu.externaltools.gnu-tools-for-stm32.10.3-2021.10.win32_1.0.0.202111181127/tools/bin/../lib/gcc/arm-none-eabi/10.3.1/../../../../arm-none-eabi/lib/thumb/v7-m/nofp\libc_nano.a(lib_a-errno.o)
                              ./Core/Src/syscalls.o (__errno)
c:/st/stm32cubeide_1.9.0/stm32cubeide/plugins/com.st.stm32cube.ide.mcu.externaltools.gnu-tools-for-stm32.10.3-2021.10.win32_1.0.0.202111181127/tools/bin/../lib/gcc/arm-none-eabi/10.3.1/../../../../arm-none-eabi/lib/thumb/v7-m/nofp\libc_nano.a(lib_a-exit.o)
                              c:/st/stm32cubeide_1.9.0/stm32cubeide/plugins/com.st.stm32cube.ide.mcu.externaltools.gnu-tools-for-stm32.10.3-2021.10.win32_1.0.0.202111181127/tools/bin/../lib/gcc/arm-none-eabi/10.3.1/../../../../arm-none-eabi/lib/thumb/v7-m/nofp/crt0.o (exit)
c:/st/stm32cubeide_1.9.0/stm32cubeide/plugins/com.st.stm32cube.ide.mcu.externaltools.gnu-tools-for-stm32.10.3-2021.10.win32_1.0.0.202111181127/tools/bin/../lib/gcc/arm-none-eabi/10.3.1/../../../../arm-none-eabi/lib/thumb/v7-m/nofp\libc_nano.a(lib_a-fflush.o)
                              ./CANopenNode_STM32/CO_app_STM32.o (fflush)
c:/st/stm32cubeide_1.9.0/stm32cubeide/plugins/com.st.stm32cube.ide.mcu.externaltools.gnu-tools-for-stm32.10.3-2021.10.win32_1.0.0.202111181127/tools/bin/../lib/gcc/arm-none-eabi/10.3.1/../../../../arm-none-eabi/lib/thumb/v7-m/nofp\libc_nano.a(lib_a-findfp.o)
                              c:/st/stm32cubeide_1.9.0/stm32cubeide/plugins/com.st.stm32cube.ide.mcu.externaltools.gnu-tools-for-stm32.10.3-2021.10.win32_1.0.0.202111181127/tools/bin/../lib/gcc/arm-none-eabi/10.3.1/../../../../arm-none-eabi/lib/thumb/v7-m/nofp\libc_nano.a(lib_a-fflush.o) (__sinit)
c:/st/stm32cubeide_1.9.0/stm32cubeide/plugins/com.st.stm32cube.ide.mcu.externaltools.gnu-tools-for-stm32.10.3-2021.10.win32_1.0.0.202111181127/tools/bin/../lib/gcc/arm-none-eabi/10.3.1/../../../../arm-none-eabi/lib/thumb/v7-m/nofp\libc_nano.a(lib_a-fwalk.o)
                              c:/st/stm32cubeide_1.9.0/stm32cubeide/plugins/com.st.stm32cube.ide.mcu.externaltools.gnu-tools-for-stm32.10.3-2021.10.win32_1.0.0.202111181127/tools/bin/../lib/gcc/arm-none-eabi/10.3.1/../../../../arm-none-eabi/lib/thumb/v7-m/nofp\libc_nano.a(lib_a-findfp.o) (_fwalk)
c:/st/stm32cubeide_1.9.0/stm32cubeide/plugins/com.st.stm32cube.ide.mcu.externaltools.gnu-tools-for-stm32.10.3-2021.10.win32_1.0.0.202111181127/tools/bin/../lib/gcc/arm-none-eabi/10.3.1/../../../../arm-none-eabi/lib/thumb/v7-m/nofp\libc_nano.a(lib_a-impure.o)
                              c:/st/stm32cubeide_1.9.0/stm32cubeide/plugins/com.st.stm32cube.ide.mcu.externaltools.gnu-tools-for-stm32.10.3-2021.10.win32_1.0.0.202111181127/tools/bin/../lib/gcc/arm-none-eabi/10.3.1/../../../../arm-none-eabi/lib/thumb/v7-m/nofp\libc_nano.a(lib_a-exit.o) (_global_impure_ptr)
c:/st/stm32cubeide_1.9.0/stm32cubeide/plugins/com.st.stm32cube.ide.mcu.externaltools.gnu-tools-for-stm32.10.3-2021.10.win32_1.0.0.202111181127/tools/bin/../lib/gcc/arm-none-eabi/10.3.1/../../../../arm-none-eabi/lib/thumb/v7-m/nofp\libc_nano.a(lib_a-init.o)
                              c:/st/stm32cubeide_1.9.0/stm32cubeide/plugins/com.st.stm32cube.ide.mcu.externaltools.gnu-tools-for-stm32.10.3-2021.10.win32_1.0.0.202111181127/tools/bin/../lib/gcc/arm-none-eabi/10.3.1/../../../../arm-none-eabi/lib/thumb/v7-m/nofp/crt0.o (__libc_init_array)
c:/st/stm32cubeide_1.9.0/stm32cubeide/plugins/com.st.stm32cube.ide.mcu.externaltools.gnu-tools-for-stm32.10.3-2021.10.win32_1.0.0.202111181127/tools/bin/../lib/gcc/arm-none-eabi/10.3.1/../../../../arm-none-eabi/lib/thumb/v7-m/nofp\libc_nano.a(lib_a-lock.o)
                              c:/st/stm32cubeide_1.9.0/stm32cubeide/plugins/com.st.stm32cube.ide.mcu.externaltools.gnu-tools-for-stm32.10.3-2021.10.win32_1.0.0.202111181127/tools/bin/../lib/gcc/arm-none-eabi/10.3.1/../../../../arm-none-eabi/lib/thumb/v7-m/nofp\libc_nano.a(lib_a-findfp.o) (__retarget_lock_init_recursive)
c:/st/stm32cubeide_1.9.0/stm32cubeide/plugins/com.st.stm32cube.ide.mcu.externaltools.gnu-tools-for-stm32.10.3-2021.10.win32_1.0.0.202111181127/tools/bin/../lib/gcc/arm-none-eabi/10.3.1/../../../../arm-none-eabi/lib/thumb/v7-m/nofp\libc_nano.a(lib_a-malloc.o)
                              ./CANopenNode/CANopen.o (free)
c:/st/stm32cubeide_1.9.0/stm32cubeide/plugins/com.st.stm32cube.ide.mcu.externaltools.gnu-tools-for-stm32.10.3-2021.10.win32_1.0.0.202111181127/tools/bin/../lib/gcc/arm-none-eabi/10.3.1/../../../../arm-none-eabi/lib/thumb/v7-m/nofp\libc_nano.a(lib_a-memcmp.o)
[...]
Memory Configuration

Name             Origin             Length             Attributes
RAM              0x0000000020000000 0x0000000000005000 xrw
FLASH            0x0000000008000000 0x0000000000010000 xr
*default*        0x0000000000000000 0xffffffffffffffff

Linker script and memory map

LOAD c:/st/stm32cubeide_1.9.0/stm32cubeide/plugins/com.st.stm32cube.ide.mcu.externaltools.gnu-tools-for-stm32.10.3-2021.10.win32_1.0.0.202111181127/tools/bin/../lib/gcc/arm-none-eabi/10.3.1/thumb/v7-m/nofp/crti.o
LOAD c:/st/stm32cubeide_1.9.0/stm32cubeide/plugins/com.st.stm32cube.ide.mcu.externaltools.gnu-tools-for-stm32.10.3-2021.10.win32_1.0.0.202111181127/tools/bin/../lib/gcc/arm-none-eabi/10.3.1/thumb/v7-m/nofp/crtbegin.o
LOAD c:/st/stm32cubeide_1.9.0/stm32cubeide/plugins/com.st.stm32cube.ide.mcu.externaltools.gnu-tools-for-stm32.10.3-2021.10.win32_1.0.0.202111181127/tools/bin/../lib/gcc/arm-none-eabi/10.3.1/../../../../arm-none-eabi/lib/thumb/v7-m/nofp/crt0.o
LOAD ./CANopenNode/301/CO_Emergency.o
LOAD ./CANopenNode/301/CO_HBconsumer.o
LOAD ./CANopenNode/301/CO_NMT_Heartbeat.o
LOAD ./CANopenNode/301/CO_ODinterface.o
LOAD ./CANopenNode/301/CO_PDO.o
LOAD ./CANopenNode/301/CO_SDOclient.o
LOAD ./CANopenNode/301/CO_SDOserver.o
LOAD ./CANopenNode/301/CO_SYNC.o
LOAD ./CANopenNode/301/CO_TIME.o
LOAD ./CANopenNode/301/CO_fifo.o
LOAD ./CANopenNode/301/crc16-ccitt.o
LOAD ./CANopenNode/303/CO_LEDs.o
LOAD ./CANopenNode/304/CO_GFC.o
LOAD ./CANopenNode/304/CO_SRDO.o
LOAD ./CANopenNode/305/CO_LSSmaster.o
LOAD ./CANopenNode/305/CO_LSSslave.o
LOAD ./CANopenNode/309/CO_gateway_ascii.o
LOAD ./CANopenNode/CANopen.o
LOAD ./CANopenNode/extra/CO_trace.o
LOAD ./CANopenNode/storage/CO_eeprom.o
LOAD ./CANopenNode/storage/CO_storage.o
LOAD ./CANopenNode/storage/CO_storageEeprom.o
LOAD ./CANopenNode_STM32/CO_app_STM32.o
LOAD ./CANopenNode_STM32/CO_driver_STM32.o
LOAD ./CANopenNode_STM32/OD.o
LOAD ./Core/Src/adc.o
LOAD ./Core/Src/buttons.o
LOAD ./Core/Src/can.o
LOAD ./Core/Src/debug.o
LOAD ./Core/Src/gpio.o
LOAD ./Core/Src/i2c.o
LOAD ./Core/Src/main.o
LOAD ./Core/Src/main_cpp.o
LOAD ./Core/Src/stm32f1xx_hal_msp.o
LOAD ./Core/Src/stm32f1xx_it.o
LOAD ./Core/Src/syscalls.o
LOAD ./Core/Src/sysmem.o
LOAD ./Core/Src/system_stm32f1xx.o
LOAD ./Core/Src/tim.o
LOAD ./Core/Src/timers.o
LOAD ./Core/Src/usart.o
LOAD ./Core/Startup/startup_stm32f103c8tx.o
LOAD ./DS18B20/ds18b20.o
LOAD ./Drivers/STM32F1xx_HAL_Driver/Src/stm32f1xx_hal.o
LOAD ./Drivers/STM32F1xx_HAL_Driver/Src/stm32f1xx_hal_adc.o
LOAD ./Drivers/STM32F1xx_HAL_Driver/Src/stm32f1xx_hal_adc_ex.o
LOAD ./Drivers/STM32F1xx_HAL_Driver/Src/stm32f1xx_hal_can.o
LOAD ./Drivers/STM32F1xx_HAL_Driver/Src/stm32f1xx_hal_cortex.o
LOAD ./Drivers/STM32F1xx_HAL_Driver/Src/stm32f1xx_hal_dma.o
LOAD ./Drivers/STM32F1xx_HAL_Driver/Src/stm32f1xx_hal_exti.o
LOAD ./Drivers/STM32F1xx_HAL_Driver/Src/stm32f1xx_hal_flash.o
LOAD ./Drivers/STM32F1xx_HAL_Driver/Src/stm32f1xx_hal_flash_ex.o
LOAD ./Drivers/STM32F1xx_HAL_Driver/Src/stm32f1xx_hal_gpio.o
LOAD ./Drivers/STM32F1xx_HAL_Driver/Src/stm32f1xx_hal_gpio_ex.o
LOAD ./Drivers/STM32F1xx_HAL_Driver/Src/stm32f1xx_hal_i2c.o
LOAD ./Drivers/STM32F1xx_HAL_Driver/Src/stm32f1xx_hal_pwr.o
LOAD ./Drivers/STM32F1xx_HAL_Driver/Src/stm32f1xx_hal_rcc.o
LOAD ./Drivers/STM32F1xx_HAL_Driver/Src/stm32f1xx_hal_rcc_ex.o
LOAD ./Drivers/STM32F1xx_HAL_Driver/Src/stm32f1xx_hal_tim.o
LOAD ./Drivers/STM32F1xx_HAL_Driver/Src/stm32f1xx_hal_tim_ex.o
LOAD ./Drivers/STM32F1xx_HAL_Driver/Src/stm32f1xx_hal_uart.o
LOAD ./OneWire/onewire.o
START GROUP
LOAD c:/st/stm32cubeide_1.9.0/stm32cubeide/plugins/com.st.stm32cube.ide.mcu.externaltools.gnu-tools-for-stm32.10.3-2021.10.win32_1.0.0.202111181127/tools/bin/../lib/gcc/arm-none-eabi/10.3.1/../../../../arm-none-eabi/lib/thumb/v7-m/nofp\libstdc++_nano.a
LOAD c:/st/stm32cubeide_1.9.0/stm32cubeide/plugins/com.st.stm32cube.ide.mcu.externaltools.gnu-tools-for-stm32.10.3-2021.10.win32_1.0.0.202111181127/tools/bin/../lib/gcc/arm-none-eabi/10.3.1/../../../../arm-none-eabi/lib/thumb/v7-m/nofp\libsupc++_nano.a
END GROUP
LOAD c:/st/stm32cubeide_1.9.0/stm32cubeide/plugins/com.st.stm32cube.ide.mcu.externaltools.gnu-tools-for-stm32.10.3-2021.10.win32_1.0.0.202111181127/tools/bin/../lib/gcc/arm-none-eabi/10.3.1/../../../../arm-none-eabi/lib/thumb/v7-m/nofp\libstdc++_nano.a
LOAD c:/st/stm32cubeide_1.9.0/stm32cubeide/plugins/com.st.stm32cube.ide.mcu.externaltools.gnu-tools-for-stm32.10.3-2021.10.win32_1.0.0.202111181127/tools/bin/../lib/gcc/arm-none-eabi/10.3.1/../../../../arm-none-eabi/lib/thumb/v7-m/nofp\libm.a
LOAD c:/st/stm32cubeide_1.9.0/stm32cubeide/plugins/com.st.stm32cube.ide.mcu.externaltools.gnu-tools-for-stm32.10.3-2021.10.win32_1.0.0.202111181127/tools/bin/../lib/gcc/arm-none-eabi/10.3.1/../../../../arm-none-eabi/lib/thumb/v7-m/nofp\libc_nano.a
START GROUP
LOAD c:/st/stm32cubeide_1.9.0/stm32cubeide/plugins/com.st.stm32cube.ide.mcu.externaltools.gnu-tools-for-stm32.10.3-2021.10.win32_1.0.0.202111181127/tools/bin/../lib/gcc/arm-none-eabi/10.3.1/thumb/v7-m/nofp\libgcc.a
LOAD c:/st/stm32cubeide_1.9.0/stm32cubeide/plugins/com.st.stm32cube.ide.mcu.externaltools.gnu-tools-for-stm32.10.3-2021.10.win32_1.0.0.202111181127/tools/bin/../lib/gcc/arm-none-eabi/10.3.1/../../../../arm-none-eabi/lib/thumb/v7-m/nofp\libc_nano.a
END GROUP
START GROUP
LOAD c:/st/stm32cubeide_1.9.0/stm32cubeide/plugins/com.st.stm32cube.ide.mcu.externaltools.gnu-tools-for-stm32.10.3-2021.10.win32_1.0.0.202111181127/tools/bin/../lib/gcc/arm-none-eabi/10.3.1/thumb/v7-m/nofp\libgcc.a
LOAD c:/st/stm32cubeide_1.9.0/stm32cubeide/plugins/com.st.stm32cube.ide.mcu.externaltools.gnu-tools-for-stm32.10.3-2021.10.win32_1.0.0.202111181127/tools/bin/../lib/gcc/arm-none-eabi/10.3.1/../../../../arm-none-eabi/lib/thumb/v7-m/nofp\libc_nano.a
LOAD c:/st/stm32cubeide_1.9.0/stm32cubeide/plugins/com.st.stm32cube.ide.mcu.externaltools.gnu-tools-for-stm32.10.3-2021.10.win32_1.0.0.202111181127/tools/bin/../lib/gcc/arm-none-eabi/10.3.1/../../../../arm-none-eabi/lib/thumb/v7-m/nofp\libnosys.a
END GROUP
START GROUP
LOAD c:/st/stm32cubeide_1.9.0/stm32cubeide/plugins/com.st.stm32cube.ide.mcu.externaltools.gnu-tools-for-stm32.10.3-2021.10.win32_1.0.0.202111181127/tools/bin/../lib/gcc/arm-none-eabi/10.3.1/thumb/v7-m/nofp\libgcc.a
LOAD c:/st/stm32cubeide_1.9.0/stm32cubeide/plugins/com.st.stm32cube.ide.mcu.externaltools.gnu-tools-for-stm32.10.3-2021.10.win32_1.0.0.202111181127/tools/bin/../lib/gcc/arm-none-eabi/10.3.1/../../../../arm-none-eabi/lib/thumb/v7-m/nofp\libc_nano.a
LOAD c:/st/stm32cubeide_1.9.0/stm32cubeide/plugins/com.st.stm32cube.ide.mcu.externaltools.gnu-tools-for-stm32.10.3-2021.10.win32_1.0.0.202111181127/tools/bin/../lib/gcc/arm-none-eabi/10.3.1/../../../../arm-none-eabi/lib/thumb/v7-m/nofp\libnosys.a
END GROUP
LOAD c:/st/stm32cubeide_1.9.0/stm32cubeide/plugins/com.st.stm32cube.ide.mcu.externaltools.gnu-tools-for-stm32.10.3-2021.10.win32_1.0.0.202111181127/tools/bin/../lib/gcc/arm-none-eabi/10.3.1/thumb/v7-m/nofp/crtend.o
LOAD c:/st/stm32cubeide_1.9.0/stm32cubeide/plugins/com.st.stm32cube.ide.mcu.externaltools.gnu-tools-for-stm32.10.3-2021.10.win32_1.0.0.202111181127/tools/bin/../lib/gcc/arm-none-eabi/10.3.1/thumb/v7-m/nofp/crtn.o
                0x0000000020005000                _estack = (ORIGIN (RAM) + LENGTH (RAM))
                0x0000000000000200                _Min_Heap_Size = 0x200
                0x0000000000000400                _Min_Stack_Size = 0x400

.isr_vector     0x0000000008000000      0x10c
                0x0000000008000000                . = ALIGN (0x4)
 *(.isr_vector)
 .isr_vector    0x0000000008000000      0x10c ./Core/Startup/startup_stm32f103c8tx.o
                0x0000000008000000                g_pfnVectors
                0x000000000800010c                . = ALIGN (0x4)

.text           0x0000000008000110     0xadcc
                0x0000000008000110                . = ALIGN (0x4)
 *(.text)
 .text          0x0000000008000110       0x40 c:/st/stm32cubeide_1.9.0/stm32cubeide/plugins/com.st.stm32cube.ide.mcu.externaltools.gnu-tools-for-stm32.10.3-2021.10.win32_1.0.0.202111181127/tools/bin/../lib/gcc/arm-none-eabi/10.3.1/thumb/v7-m/nofp/crtbegin.o
 .text          0x0000000008000150       0x10 c:/st/stm32cubeide_1.9.0/stm32cubeide/plugins/com.st.stm32cube.ide.mcu.externaltools.gnu-tools-for-stm32.10.3-2021.10.win32_1.0.0.202111181127/tools/bin/../lib/gcc/arm-none-eabi/10.3.1/../../../../arm-none-eabi/lib/thumb/v7-m/nofp\libc_nano.a(lib_a-strlen.o)
                0x0000000008000150                strlen
 .text          0x0000000008000160      0x378 c:/st/stm32cubeide_1.9.0/stm32cubeide/plugins/com.st.stm32cube.ide.mcu.externaltools.gnu-tools-for-stm32.10.3-2021.10.win32_1.0.0.202111181127/tools/bin/../lib/gcc/arm-none-eabi/10.3.1/thumb/v7-m/nofp\libgcc.a(_arm_addsubdf3.o)
                0x0000000008000160                __aeabi_drsub
                0x0000000008000168                __aeabi_dsub
                0x0000000008000168                __subdf3
                0x000000000800016c                __aeabi_dadd
                0x000000000800016c                __adddf3
                0x00000000080003e4                __floatunsidf
                0x00000000080003e4                __aeabi_ui2d
                0x0000000008000404                __floatsidf
                0x0000000008000404                __aeabi_i2d
                0x0000000008000428                __aeabi_f2d
                0x0000000008000428                __extendsfdf2
                0x000000000800046c                __floatundidf
                0x000000000800046c                __aeabi_ul2d
                0x000000000800047c                __floatdidf
                0x000000000800047c                __aeabi_l2d
 .text          0x00000000080004d8      0x424 c:/st/stm32cubeide_1.9.0/stm32cubeide/plugins/com.st.stm32cube.ide.mcu.externaltools.gnu-tools-for-stm32.10.3-2021.10.win32_1.0.0.202111181127/tools/bin/../lib/gcc/arm-none-eabi/10.3.1/thumb/v7-m/nofp\libgcc.a(_arm_muldivdf3.o)
                0x00000000080004d8                __aeabi_dmul
                0x00000000080004d8                __muldf3
                0x000000000800072c                __divdf3
                0x000000000800072c                __aeabi_ddiv
 .text          0x00000000080008fc       0xa0 c:/st/stm32cubeide_1.9.0/stm32cubeide/plugins/com.st.stm32cube.ide.mcu.externaltools.gnu-tools-for-stm32.10.3-2021.10.win32_1.0.0.202111181127/tools/bin/../lib/gcc/arm-none-eabi/10.3.1/thumb/v7-m/nofp\libgcc.a(_arm_truncdfsf2.o)
                0x00000000080008fc                __truncdfsf2
                0x00000000080008fc                __aeabi_d2f
 .text          0x000000000800099c      0x21c c:/st/stm32cubeide_1.9.0/stm32cubeide/plugins/com.st.stm32cube.ide.mcu.externaltools.gnu-tools-for-stm32.10.3-2021.10.win32_1.0.0.202111181127/tools/bin/../lib/gcc/arm-none-eabi/10.3.1/thumb/v7-m/nofp\libgcc.a(_arm_addsubsf3.o)
                0x000000000800099c                __aeabi_frsub
                0x00000000080009a4                __subsf3
                0x00000000080009a4                __aeabi_fsub
                0x00000000080009a8                __aeabi_fadd
                0x00000000080009a8                __addsf3
                0x0000000008000b08                __aeabi_ui2f
                0x0000000008000b08                __floatunsisf
                0x0000000008000b10                __aeabi_i2f
                0x0000000008000b10                __floatsisf
                0x0000000008000b2c                __aeabi_ul2f
                0x0000000008000b2c                __floatundisf
                0x0000000008000b3c                __aeabi_l2f
                0x0000000008000b3c                __floatdisf
 .text          0x0000000008000bb8      0x2a0 c:/st/stm32cubeide_1.9.0/stm32cubeide/plugins/com.st.stm32cube.ide.mcu.externaltools.gnu-tools-for-stm32.10.3-2021.10.win32_1.0.0.202111181127/tools/bin/../lib/gcc/arm-none-eabi/10.3.1/thumb/v7-m/nofp\libgcc.a(_arm_muldivsf3.o)
                0x0000000008000bb8                __mulsf3
                0x0000000008000bb8                __aeabi_fmul
                0x0000000008000d20                __aeabi_fdiv
                0x0000000008000d20                __divsf3
 .text          0x0000000008000e58       0xec c:/st/stm32cubeide_1.9.0/stm32cubeide/plugins/com.st.stm32cube.ide.mcu.externaltools.gnu-tools-for-stm32.10.3-2021.10.win32_1.0.0.202111181127/tools/bin/../lib/gcc/arm-none-eabi/10.3.1/thumb/v7-m/nofp\libgcc.a(_arm_cmpsf2.o)
                0x0000000008000e58                __gesf2
                0x0000000008000e58                __gtsf2
                0x0000000008000e60                __lesf2
                0x0000000008000e60                __ltsf2
                0x0000000008000e68                __nesf2
                0x0000000008000e68                __eqsf2
                0x0000000008000e68                __cmpsf2
                0x0000000008000ec8                __aeabi_cfrcmple
                0x0000000008000ed0                __aeabi_cfcmpeq
                0x0000000008000ed0                __aeabi_cfcmple
                0x0000000008000ee0                __aeabi_fcmpeq
                0x0000000008000ef4                __aeabi_fcmplt
                0x0000000008000f08                __aeabi_fcmple
                0x0000000008000f1c                __aeabi_fcmpge
                0x0000000008000f30                __aeabi_fcmpgt
 .text          0x0000000008000f44       0x4c c:/st/stm32cubeide_1.9.0/stm32cubeide/plugins/com.st.stm32cube.ide.mcu.externaltools.gnu-tools-for-stm32.10.3-2021.10.win32_1.0.0.202111181127/tools/bin/../lib/gcc/arm-none-eabi/10.3.1/thumb/v7-m/nofp\libgcc.a(_arm_fixsfsi.o)
                0x0000000008000f44                __aeabi_f2iz
                0x0000000008000f44                __fixsfsi
 *(.text*)
 .text.OD_read_1014_default
                0x0000000008000f90       0x4a ./CANopenNode/301/CO_Emergency.o
 .text.OD_read_1003
                0x0000000008000fda       0x84 ./CANopenNode/301/CO_Emergency.o
 .text.OD_write_1003
                0x000000000800105e       0x3a ./CANopenNode/301/CO_Emergency.o
 .text.CO_EM_init
                0x0000000008001098      0x150 ./CANopenNode/301/CO_Emergency.o
                0x0000000008001098                CO_EM_init
 .text.CO_error
                0x00000000080011e8       0xc2 ./CANopenNode/301/CO_Emergency.o
                0x00000000080011e8                CO_error
 .text.CO_EM_process
                0x00000000080012aa      0x186 ./CANopenNode/301/CO_Emergency.o
                0x00000000080012aa                CO_EM_process
 .text.CO_HBcons_receive
                0x0000000008001430       0x14 ./CANopenNode/301/CO_HBconsumer.o
 .text.CO_HBconsumer_initEntry
                0x0000000008001444       0xd0 ./CANopenNode/301/CO_HBconsumer.o
 .text.OD_write_1016
                0x0000000008001514       0x5c ./CANopenNode/301/CO_HBconsumer.o
 .text.CO_HBconsumer_init
                0x0000000008001570       0xf0 ./CANopenNode/301/CO_HBconsumer.o
                0x0000000008001570                CO_HBconsumer_init
 .text.CO_HBconsumer_process
                0x0000000008001660      0x130 ./CANopenNode/301/CO_HBconsumer.o
                0x0000000008001660                CO_HBconsumer_process
 .text.CO_NMT_receive
                0x0000000008001790       0x1c ./CANopenNode/301/CO_NMT_Heartbeat.o
 .text.OD_write_1017
                0x00000000080017ac       0x42 ./CANopenNode/301/CO_NMT_Heartbeat.o
 *fill*         0x00000000080017ee        0x2 
 .text.CO_NMT_init
                0x00000000080017f0      0x114 ./CANopenNode/301/CO_NMT_Heartbeat.o
                0x00000000080017f0                CO_NMT_init
 .text.CO_NMT_process
                0x0000000008001904      0x11c ./CANopenNode/301/CO_NMT_Heartbeat.o
                0x0000000008001904                CO_NMT_process
 .text.OD_readDisabled
                0x0000000008001a20        0x4 ./CANopenNode/301/CO_ODinterface.o
 .text.OD_writeDisabled
                0x0000000008001a24        0x4 ./CANopenNode/301/CO_ODinterface.o
 .text.OD_readOriginal
                0x0000000008001a28       0x5e ./CANopenNode/301/CO_ODinterface.o
                0x0000000008001a28                OD_readOriginal
 .text.OD_writeOriginal
                0x0000000008001a86       0x62 ./CANopenNode/301/CO_ODinterface.o
                0x0000000008001a86                OD_writeOriginal
 .text.OD_find  0x0000000008001ae8       0x66 ./CANopenNode/301/CO_ODinterface.o
                0x0000000008001ae8                OD_find
 *fill*         0x0000000008001b4e        0x2 
 .text.OD_getSub
                0x0000000008001b50      0x104 ./CANopenNode/301/CO_ODinterface.o
                0x0000000008001b50                OD_getSub
 .text.OD_getSDOabCode
                0x0000000008001c54       0x1c ./CANopenNode/301/CO_ODinterface.o
                0x0000000008001c54                OD_getSDOabCode
 .text.OD_get_value
                0x0000000008001c70       0x36 ./CANopenNode/301/CO_ODinterface.o
                0x0000000008001c70                OD_get_value
 .text.OD_set_value
                0x0000000008001ca6       0x30 ./CANopenNode/301/CO_ODinterface.o
                0x0000000008001ca6                OD_set_value
 .text.OD_getPtr
                0x0000000008001cd6       0x3c ./CANopenNode/301/CO_ODinterface.o
                0x0000000008001cd6                OD_getPtr
 .text.OD_write_dummy
                0x0000000008001d12        0x8 ./CANopenNode/301/CO_PDO.o
 .text.OD_read_dummy
                0x0000000008001d1a       0x30 ./CANopenNode/301/CO_PDO.o
 .text.OD_read_PDO_commParam
                0x0000000008001d4a       0x46 ./CANopenNode/301/CO_PDO.o
 .text.PDOconfigMap
                0x0000000008001d90      0x128 ./CANopenNode/301/CO_PDO.o
 .text.OD_write_PDO_mapping
                0x0000000008001eb8       0xbc ./CANopenNode/301/CO_PDO.o
 .text.OD_write_14xx
                0x0000000008001f74      0x1b4 ./CANopenNode/301/CO_PDO.o
 .text.CO_PDO_receive
                0x0000000008002128       0x74 ./CANopenNode/301/CO_PDO.o
 .text.PDO_initMapping
                0x000000000800219c      0x118 ./CANopenNode/301/CO_PDO.o
 .text.OD_write_18xx
                0x00000000080022b4      0x1fc ./CANopenNode/301/CO_PDO.o
 .text.CO_TPDOsend
                0x00000000080024b0       0xce ./CANopenNode/301/CO_PDO.o
 *fill*         0x000000000800257e        0x2 
 .text.CO_RPDO_init
                0x0000000008002580      0x218 ./CANopenNode/301/CO_PDO.o
                0x0000000008002580                CO_RPDO_init
 .text.CO_RPDO_process
                0x0000000008002798      0x17c ./CANopenNode/301/CO_PDO.o
                0x0000000008002798                CO_RPDO_process
 .text.CO_TPDO_init
                0x0000000008002914      0x280 ./CANopenNode/301/CO_PDO.o
                0x0000000008002914                CO_TPDO_init
 .text.CO_TPDO_process
                0x0000000008002b94      0x124 ./CANopenNode/301/CO_PDO.o
                0x0000000008002b94                CO_TPDO_process
 .text.CO_SDOserver_init_canRxTx
                0x0000000008002cb8       0x90 ./CANopenNode/301/CO_SDOserver.o
 .text.OD_write_1201_additional
                0x0000000008002d48      0x1b4 ./CANopenNode/301/CO_SDOserver.o
 .text.CO_SDO_receive
                0x0000000008002efc       0x2e ./CANopenNode/301/CO_SDOserver.o
 *fill*         0x0000000008002f2a        0x2 
 .text.validateAndWriteToOD
                0x0000000008002f2c      0x148 ./CANopenNode/301/CO_SDOserver.o
 .text.readFromOd
                0x0000000008003074      0x114 ./CANopenNode/301/CO_SDOserver.o
 .text.CO_SDOserver_init
                0x0000000008003188      0x19c ./CANopenNode/301/CO_SDOserver.o
                0x0000000008003188                CO_SDOserver_init
 .text.CO_SDOserver_process
                0x0000000008003324      0x620 ./CANopenNode/301/CO_SDOserver.o
                0x0000000008003324                CO_SDOserver_process
 .text.CO_SYNC_receive
                0x0000000008003944       0x30 ./CANopenNode/301/CO_SYNC.o
 .text.OD_write_1019
                0x0000000008003974       0x9e ./CANopenNode/301/CO_SYNC.o
 *fill*         0x0000000008003a12        0x2 
 .text.OD_write_1005
                0x0000000008003a14      0x14c ./CANopenNode/301/CO_SYNC.o
 .text.CO_SYNC_init
                0x0000000008003b60      0x1d0 ./CANopenNode/301/CO_SYNC.o
                0x0000000008003b60                CO_SYNC_init
 .text.CO_SYNC_process
                0x0000000008003d30      0x104 ./CANopenNode/301/CO_SYNC.o
                0x0000000008003d30                CO_SYNC_process
 .text.CO_TIME_receive
                0x0000000008003e34       0x1a ./CANopenNode/301/CO_TIME.o
 *fill*         0x0000000008003e4e        0x2 
 .text.OD_write_1012
                0x0000000008003e50       0xa8 ./CANopenNode/301/CO_TIME.o
 .text.CO_TIME_init
                0x0000000008003ef8       0xa0 ./CANopenNode/301/CO_TIME.o
                0x0000000008003ef8                CO_TIME_init
 .text.CO_TIME_process
                0x0000000008003f98       0x6c ./CANopenNode/301/CO_TIME.o
                0x0000000008003f98                CO_TIME_process
 .text.CO_LEDs_init
                0x0000000008004004       0x14 ./CANopenNode/303/CO_LEDs.o
                0x0000000008004004                CO_LEDs_init
 .text.CO_LEDs_process
                0x0000000008004018      0x1b8 ./CANopenNode/303/CO_LEDs.o
                0x0000000008004018                CO_LEDs_process
 .text.checkBitrate
                0x00000000080041d0        0x4 ./CANopenNode/305/CO_LSSslave.o
                0x00000000080041d0                checkBitrate
 .text.CO_LSSslave_receive
                0x00000000080041d4      0x160 ./CANopenNode/305/CO_LSSslave.o
 .text.storeIDandBitrate
                0x0000000008004334       0x6c ./CANopenNode/305/CO_LSSslave.o
                0x0000000008004334                storeIDandBitrate
 .text.CO_LSSslave_initCheckBitRateCallback
                0x00000000080043a0        0x8 ./CANopenNode/305/CO_LSSslave.o
                0x00000000080043a0                CO_LSSslave_initCheckBitRateCallback
 .text.CO_LSSslave_initCfgStoreCallback
                0x00000000080043a8        0x8 ./CANopenNode/305/CO_LSSslave.o
                0x00000000080043a8                CO_LSSslave_initCfgStoreCallback
 .text.CO_LSSslave_init
                0x00000000080043b0       0xec ./CANopenNode/305/CO_LSSslave.o
                0x00000000080043b0                CO_LSSslave_init
 .text.CO_LSSslave_process
                0x000000000800449c      0x1c8 ./CANopenNode/305/CO_LSSslave.o
                0x000000000800449c                CO_LSSslave_process
 .text.CO_delete
                0x0000000008004664       0x72 ./CANopenNode/CANopen.o
                0x0000000008004664                CO_delete
 .text.CO_new   0x00000000080046d6      0x152 ./CANopenNode/CANopen.o
                0x00000000080046d6                CO_new
 .text.CO_CANinit
                0x0000000008004828       0x38 ./CANopenNode/CANopen.o
                0x0000000008004828                CO_CANinit
 .text.CO_LSSinit
                0x0000000008004860       0x3c ./CANopenNode/CANopen.o
                0x0000000008004860                CO_LSSinit
 .text.CO_CANopenInit
                0x000000000800489c      0x19c ./CANopenNode/CANopen.o
                0x000000000800489c                CO_CANopenInit
 .text.CO_CANopenInitPDO
                0x0000000008004a38      0x110 ./CANopenNode/CANopen.o
                0x0000000008004a38                CO_CANopenInitPDO
 .text.CO_process
                0x0000000008004b48      0x18a ./CANopenNode/CANopen.o
                0x0000000008004b48                CO_process
 .text.CO_process_SYNC
                0x0000000008004cd2       0x4c ./CANopenNode/CANopen.o
                0x0000000008004cd2                CO_process_SYNC
 .text.CO_process_RPDO
                0x0000000008004d1e       0x56 ./CANopenNode/CANopen.o
                0x0000000008004d1e                CO_process_RPDO
 .text.CO_process_TPDO
                0x0000000008004d74       0x56 ./CANopenNode/CANopen.o
                0x0000000008004d74                CO_process_TPDO
 .text.CO_eeprom_init
                0x0000000008004dca        0x4 ./CANopenNode/storage/CO_eeprom.o
                0x0000000008004dca                CO_eeprom_init
 *fill*         0x0000000008004dce        0x2 
 .text.CO_eeprom_getAddr
                0x0000000008004dd0       0x18 ./CANopenNode/storage/CO_eeprom.o
                0x0000000008004dd0                CO_eeprom_getAddr
 .text.CO_eeprom_readBlock
                0x0000000008004de8       0xdc ./CANopenNode/storage/CO_eeprom.o
                0x0000000008004de8                CO_eeprom_readBlock
 .text.CO_eeprom_writeBlock
                0x0000000008004ec4      0x140 ./CANopenNode/storage/CO_eeprom.o
                0x0000000008004ec4                CO_eeprom_writeBlock
 .text.CO_eeprom_getCrcBlock
                0x0000000008005004        0x4 ./CANopenNode/storage/CO_eeprom.o
                0x0000000008005004                CO_eeprom_getCrcBlock
 .text.OD_write_1010
                0x0000000008005008       0xd4 ./CANopenNode/storage/CO_storage.o
 .text.OD_write_1011
                0x00000000080050dc       0xd4 ./CANopenNode/storage/CO_storage.o
 .text.CO_storage_init
                0x00000000080051b0       0x58 ./CANopenNode/storage/CO_storage.o
                0x00000000080051b0                CO_storage_init
 .text.restoreEeprom
                0x0000000008005208       0x40 ./CANopenNode/storage/CO_storageEeprom.o
 .text.storeEeprom
                0x0000000008005248       0x6a ./CANopenNode/storage/CO_storageEeprom.o
 *fill*         0x00000000080052b2        0x2 
 .text.CO_storageEeprom_init
                0x00000000080052b4      0x190 ./CANopenNode/storage/CO_storageEeprom.o
                0x00000000080052b4                CO_storageEeprom_init
 .text.canopen_app_resetCommunication
                0x0000000008005444      0x1c0 ./CANopenNode_STM32/CO_app_STM32.o
                0x0000000008005444                canopen_app_resetCommunication
 .text.canopen_app_init
                0x0000000008005604       0xa4 ./CANopenNode_STM32/CO_app_STM32.o
                0x0000000008005604                canopen_app_init
 .text.canopen_app_process
                0x00000000080056a8       0x94 ./CANopenNode_STM32/CO_app_STM32.o
                0x00000000080056a8                canopen_app_process
 .text.canopen_app_interrupt
                0x000000000800573c       0x5c ./CANopenNode_STM32/CO_app_STM32.o
                0x000000000800573c                canopen_app_interrupt
 .text.prv_send_can_message
                0x0000000008005798       0x50 ./CANopenNode_STM32/CO_driver_STM32.o
 .text.prv_read_can_received_msg
                0x00000000080057e8       0x78 ./CANopenNode_STM32/CO_driver_STM32.o
 .text.CO_CANsetConfigurationMode
                0x0000000008005860        0xe ./CANopenNode_STM32/CO_driver_STM32.o
                0x0000000008005860                CO_CANsetConfigurationMode
 .text.CO_CANsetNormalMode
                0x000000000800586e       0x18 ./CANopenNode_STM32/CO_driver_STM32.o
                0x000000000800586e                CO_CANsetNormalMode
 *fill*         0x0000000008005886        0x2 
 .text.CO_CANmodule_init
                0x0000000008005888       0xf0 ./CANopenNode_STM32/CO_driver_STM32.o
                0x0000000008005888                CO_CANmodule_init
 .text.CO_CANmodule_disable
                0x0000000008005978       0x12 ./CANopenNode_STM32/CO_driver_STM32.o
                0x0000000008005978                CO_CANmodule_disable
 *fill*         0x000000000800598a        0x2 
 .text.CO_CANrxBufferInit
                0x000000000800598c       0x74 ./CANopenNode_STM32/CO_driver_STM32.o
                0x000000000800598c                CO_CANrxBufferInit
 .text.CO_CANtxBufferInit
                0x0000000008005a00       0x44 ./CANopenNode_STM32/CO_driver_STM32.o
                0x0000000008005a00                CO_CANtxBufferInit
 .text.CO_CANsend
                0x0000000008005a44       0x54 ./CANopenNode_STM32/CO_driver_STM32.o
                0x0000000008005a44                CO_CANsend
 .text.CO_CANclearPendingSyncPDOs
                0x0000000008005a98       0x60 ./CANopenNode_STM32/CO_driver_STM32.o
                0x0000000008005a98                CO_CANclearPendingSyncPDOs
 .text.CO_CANmodule_process
                0x0000000008005af8       0x4c ./CANopenNode_STM32/CO_driver_STM32.o
                0x0000000008005af8                CO_CANmodule_process
 .text.HAL_CAN_RxFifo0MsgPendingCallback
                0x0000000008005b44        0xc ./CANopenNode_STM32/CO_driver_STM32.o
                0x0000000008005b44                HAL_CAN_RxFifo0MsgPendingCallback
 .text.HAL_CAN_RxFifo1MsgPendingCallback
                0x0000000008005b50        0xc ./CANopenNode_STM32/CO_driver_STM32.o
                0x0000000008005b50                HAL_CAN_RxFifo1MsgPendingCallback
 .text.CO_CANinterrupt_TX
                0x0000000008005b5c       0x5a ./CANopenNode_STM32/CO_driver_STM32.o
                0x0000000008005b5c                CO_CANinterrupt_TX
 *fill*         0x0000000008005bb6        0x2 
 .text.HAL_CAN_TxMailbox0CompleteCallback
                0x0000000008005bb8       0x14 ./CANopenNode_STM32/CO_driver_STM32.o
                0x0000000008005bb8                HAL_CAN_TxMailbox0CompleteCallback
 .text.HAL_CAN_TxMailbox1CompleteCallback
                0x0000000008005bcc       0x14 ./CANopenNode_STM32/CO_driver_STM32.o
                0x0000000008005bcc                HAL_CAN_TxMailbox1CompleteCallback
 .text.HAL_CAN_TxMailbox2CompleteCallback
                0x0000000008005be0       0x14 ./CANopenNode_STM32/CO_driver_STM32.o
                0x0000000008005be0                HAL_CAN_TxMailbox2CompleteCallback
 *fill*         0x0000000008005bf4        0x4 
 .text.HAL_ADCEx_InjectedConvCpltCallback
                0x0000000008005bf8      0x190 ./Core/Src/adc.o
                0x0000000008005bf8                HAL_ADCEx_InjectedConvCpltCallback
 .text.MX_ADC1_Init
                0x0000000008005d88       0xac ./Core/Src/adc.o
                0x0000000008005d88                MX_ADC1_Init
 .text.HAL_ADC_MspInit
                0x0000000008005e34       0x70 ./Core/Src/adc.o
                0x0000000008005e34                HAL_ADC_MspInit
 .text.HAL_GPIO_EXTI_Callback
                0x0000000008005ea4       0x9c ./Core/Src/buttons.o
                0x0000000008005ea4                HAL_GPIO_EXTI_Callback
 .text.MX_CAN_Init
                0x0000000008005f40       0x4c ./Core/Src/can.o
                0x0000000008005f40                MX_CAN_Init
 .text.HAL_CAN_MspInit
                0x0000000008005f8c       0x94 ./Core/Src/can.o
                0x0000000008005f8c                HAL_CAN_MspInit
 .text.ledOff   0x0000000008006020       0x2c ./Core/Src/debug.o
                0x0000000008006020                ledOff
 .text.ledOn    0x000000000800604c       0x2c ./Core/Src/debug.o
                0x000000000800604c                ledOn
 .text.MX_GPIO_Init
                0x0000000008006078      0x124 ./Core/Src/gpio.o
                0x0000000008006078                MX_GPIO_Init
 .text.MX_I2C1_Init
                0x000000000800619c       0x3c ./Core/Src/i2c.o
                0x000000000800619c                MX_I2C1_Init
 .text.HAL_I2C_MspInit
                0x00000000080061d8       0x64 ./Core/Src/i2c.o
                0x00000000080061d8                HAL_I2C_MspInit
 .text.HAL_TIM_PeriodElapsedCallback
                0x000000000800623c       0x18 ./Core/Src/main.o
                0x000000000800623c                HAL_TIM_PeriodElapsedCallback
 .text.readIDAndBitrate
                0x0000000008006254       0x6c ./Core/Src/main.o
                0x0000000008006254                readIDAndBitrate
 .text.SystemClock_Config
                0x00000000080062c0       0x6c ./Core/Src/main.o
                0x00000000080062c0                SystemClock_Config
 .text.main     0x000000000800632c       0x90 ./Core/Src/main.o
                0x000000000800632c                main
 .text.Error_Handler
                0x00000000080063bc        0x2 ./Core/Src/main.o
                0x00000000080063bc                Error_Handler
 *fill*         0x00000000080063be        0x2 
 .text.checkAKB
                0x00000000080063c0       0x50 ./Core/Src/main_cpp.o
                0x00000000080063c0                checkAKB
 .text.calculateVoltage
                0x0000000008006410       0x14 ./Core/Src/main_cpp.o
                0x0000000008006410                calculateVoltage
 .text.DS18B20Init
                0x0000000008006424       0x4c ./Core/Src/main_cpp.o
                0x0000000008006424                DS18B20Init
 .text.DS18B20Read
                0x0000000008006470       0x2a ./Core/Src/main_cpp.o
                0x0000000008006470                DS18B20Read
 *fill*         0x000000000800649a        0x2 
 .text.mainCPP  0x000000000800649c      0x128 ./Core/Src/main_cpp.o
                0x000000000800649c                mainCPP
 .text.HAL_MspInit
                0x00000000080065c4       0x44 ./Core/Src/stm32f1xx_hal_msp.o
                0x00000000080065c4                HAL_MspInit
 .text.NMI_Handler
                0x0000000008006608        0x2 ./Core/Src/stm32f1xx_it.o
                0x0000000008006608                NMI_Handler
 .text.HardFault_Handler
                0x000000000800660a        0x2 ./Core/Src/stm32f1xx_it.o
                0x000000000800660a                HardFault_Handler
 .text.MemManage_Handler
                0x000000000800660c        0x2 ./Core/Src/stm32f1xx_it.o
                0x000000000800660c                MemManage_Handler
 .text.BusFault_Handler
                0x000000000800660e        0x2 ./Core/Src/stm32f1xx_it.o
                0x000000000800660e                BusFault_Handler
 .text.UsageFault_Handler
                0x0000000008006610        0x2 ./Core/Src/stm32f1xx_it.o
                0x0000000008006610                UsageFault_Handler
 .text.SVC_Handler
                0x0000000008006612        0x2 ./Core/Src/stm32f1xx_it.o
                0x0000000008006612                SVC_Handler
 .text.DebugMon_Handler
                0x0000000008006614        0x2 ./Core/Src/stm32f1xx_it.o
                0x0000000008006614                DebugMon_Handler
 .text.PendSV_Handler
                0x0000000008006616        0x2 ./Core/Src/stm32f1xx_it.o
                0x0000000008006616                PendSV_Handler
 .text.SysTick_Handler
                0x0000000008006618        0x8 ./Core/Src/stm32f1xx_it.o
                0x0000000008006618                SysTick_Handler
 .text.EXTI0_IRQHandler
                0x0000000008006620        0xa ./Core/Src/stm32f1xx_it.o
                0x0000000008006620                EXTI0_IRQHandler
 .text.EXTI1_IRQHandler
                0x000000000800662a        0xa ./Core/Src/stm32f1xx_it.o
                0x000000000800662a                EXTI1_IRQHandler
 .text.ADC1_2_IRQHandler
                0x0000000008006634       0x10 ./Core/Src/stm32f1xx_it.o
                0x0000000008006634                ADC1_2_IRQHandler
 .text.USB_HP_CAN1_TX_IRQHandler
                0x0000000008006644       0x10 ./Core/Src/stm32f1xx_it.o
                0x0000000008006644                USB_HP_CAN1_TX_IRQHandler
 .text.USB_LP_CAN1_RX0_IRQHandler
                0x0000000008006654       0x10 ./Core/Src/stm32f1xx_it.o
                0x0000000008006654                USB_LP_CAN1_RX0_IRQHandler
 .text.TIM3_IRQHandler
                0x0000000008006664       0x10 ./Core/Src/stm32f1xx_it.o
                0x0000000008006664                TIM3_IRQHandler
 .text._read    0x0000000008006674       0x20 ./Core/Src/syscalls.o
                0x0000000008006674                _read
 .text._write   0x0000000008006694       0x1c ./Core/Src/syscalls.o
                0x0000000008006694                _write
 .text._close   0x00000000080066b0        0x6 ./Core/Src/syscalls.o
                0x00000000080066b0                _close
 .text._fstat   0x00000000080066b6        0xa ./Core/Src/syscalls.o
                0x00000000080066b6                _fstat
 .text._isatty  0x00000000080066c0        0x4 ./Core/Src/syscalls.o
                0x00000000080066c0                _isatty
 .text._lseek   0x00000000080066c4        0x4 ./Core/Src/syscalls.o
                0x00000000080066c4                _lseek
 .text._sbrk    0x00000000080066c8       0x48 ./Core/Src/sysmem.o
                0x00000000080066c8                _sbrk
 .text.SystemInit
                0x0000000008006710        0x2 ./Core/Src/system_stm32f1xx.o
                0x0000000008006710                SystemInit
 *fill*         0x0000000008006712        0x2 
 .text.MX_TIM3_Init
                0x0000000008006714       0x70 ./Core/Src/tim.o
                0x0000000008006714                MX_TIM3_Init
 .text.HAL_TIM_Base_MspInit
                0x0000000008006784       0x40 ./Core/Src/tim.o
                0x0000000008006784                HAL_TIM_Base_MspInit
 .text.MX_USART1_UART_Init
                0x00000000080067c4       0x34 ./Core/Src/usart.o
                0x00000000080067c4                MX_USART1_UART_Init
 .text.MX_USART3_UART_Init
                0x00000000080067f8       0x34 ./Core/Src/usart.o
                0x00000000080067f8                MX_USART3_UART_Init
 .text.HAL_UART_MspInit
                0x000000000800682c       0xc8 ./Core/Src/usart.o
                0x000000000800682c                HAL_UART_MspInit
 .text.Reset_Handler
                0x00000000080068f4       0x48 ./Core/Startup/startup_stm32f103c8tx.o
                0x00000000080068f4                Reset_Handler
 .text.Default_Handler
                0x000000000800693c        0x2 ./Core/Startup/startup_stm32f103c8tx.o
                0x000000000800693c                RTC_Alarm_IRQHandler
                0x000000000800693c                EXTI2_IRQHandler
                0x000000000800693c                TIM1_CC_IRQHandler
                0x000000000800693c                PVD_IRQHandler
                0x000000000800693c                EXTI3_IRQHandler
                0x000000000800693c                I2C2_EV_IRQHandler
                0x000000000800693c                SPI1_IRQHandler
                0x000000000800693c                TAMPER_IRQHandler
                0x000000000800693c                DMA1_Channel4_IRQHandler
                0x000000000800693c                USART3_IRQHandler
                0x000000000800693c                RTC_IRQHandler
                0x000000000800693c                DMA1_Channel7_IRQHandler
                0x000000000800693c                CAN1_RX1_IRQHandler
                0x000000000800693c                TIM4_IRQHandler
                0x000000000800693c                I2C1_EV_IRQHandler
                0x000000000800693c                DMA1_Channel6_IRQHandler
                0x000000000800693c                RCC_IRQHandler
                0x000000000800693c                TIM1_TRG_COM_IRQHandler
                0x000000000800693c                DMA1_Channel1_IRQHandler
                0x000000000800693c                Default_Handler
                0x000000000800693c                EXTI15_10_IRQHandler
                0x000000000800693c                EXTI9_5_IRQHandler
                0x000000000800693c                SPI2_IRQHandler
                0x000000000800693c                DMA1_Channel5_IRQHandler
                0x000000000800693c                EXTI4_IRQHandler
                0x000000000800693c                DMA1_Channel3_IRQHandler
                0x000000000800693c                TIM1_UP_IRQHandler
                0x000000000800693c                WWDG_IRQHandler
                0x000000000800693c                TIM2_IRQHandler
                0x000000000800693c                TIM1_BRK_IRQHandler
                0x000000000800693c                USART2_IRQHandler
                0x000000000800693c                I2C2_ER_IRQHandler
                0x000000000800693c                DMA1_Channel2_IRQHandler
                0x000000000800693c                CAN1_SCE_IRQHandler
                0x000000000800693c                FLASH_IRQHandler
                0x000000000800693c                USART1_IRQHandler
                0x000000000800693c                I2C1_ER_IRQHandler
                0x000000000800693c                USBWakeUp_IRQHandler
 .text.CalculateChecksum
                0x000000000800693e       0x3c ./DS18B20/ds18b20.o
 .text.ExecuteCommand
                0x000000000800697a       0x72 ./DS18B20/ds18b20.o
 .text.WaitForConversionFinished
                0x00000000080069ec       0x1c ./DS18B20/ds18b20.o
 .text.DS18B20_Init
                0x0000000008006a08        0xc ./DS18B20/ds18b20.o
                0x0000000008006a08                DS18B20_Init
 .text.DS18B20_InitializationCommand
                0x0000000008006a14       0x22 ./DS18B20/ds18b20.o
                0x0000000008006a14                DS18B20_InitializationCommand
 *fill*         0x0000000008006a36        0x2 
 .text.DS18B20_ReadRom
                0x0000000008006a38       0x34 ./DS18B20/ds18b20.o
                0x0000000008006a38                DS18B20_ReadRom
 .text.DS18B20_ReadScratchpad
                0x0000000008006a6c       0x90 ./DS18B20/ds18b20.o
                0x0000000008006a6c                DS18B20_ReadScratchpad
 .text.DS18B20_WriteScratchpad
                0x0000000008006afc       0x24 ./DS18B20/ds18b20.o
                0x0000000008006afc                DS18B20_WriteScratchpad
 .text.DS18B20_SkipRom
                0x0000000008006b20       0x1c ./DS18B20/ds18b20.o
                0x0000000008006b20                DS18B20_SkipRom
 .text.DS18B20_ConvertT
                0x0000000008006b3c       0x64 ./DS18B20/ds18b20.o
                0x0000000008006b3c                DS18B20_ConvertT
 .text.HAL_InitTick
                0x0000000008006ba0       0x4c ./Drivers/STM32F1xx_HAL_Driver/Src/stm32f1xx_hal.o
                0x0000000008006ba0                HAL_InitTick
 .text.HAL_Init
                0x0000000008006bec       0x24 ./Drivers/STM32F1xx_HAL_Driver/Src/stm32f1xx_hal.o
                0x0000000008006bec                HAL_Init
 .text.HAL_IncTick
                0x0000000008006c10       0x18 ./Drivers/STM32F1xx_HAL_Driver/Src/stm32f1xx_hal.o
                0x0000000008006c10                HAL_IncTick
 .text.HAL_GetTick
                0x0000000008006c28        0xc ./Drivers/STM32F1xx_HAL_Driver/Src/stm32f1xx_hal.o
                0x0000000008006c28                HAL_GetTick
 .text.HAL_Delay
                0x0000000008006c34       0x28 ./Drivers/STM32F1xx_HAL_Driver/Src/stm32f1xx_hal.o
                0x0000000008006c34                HAL_Delay
 .text.HAL_ADC_ConvCpltCallback
                0x0000000008006c5c        0x2 ./Drivers/STM32F1xx_HAL_Driver/Src/stm32f1xx_hal_adc.o
                0x0000000008006c5c                HAL_ADC_ConvCpltCallback
 .text.HAL_ADC_LevelOutOfWindowCallback
                0x0000000008006c5e        0x2 ./Drivers/STM32F1xx_HAL_Driver/Src/stm32f1xx_hal_adc.o
                0x0000000008006c5e                HAL_ADC_LevelOutOfWindowCallback
 .text.HAL_ADC_IRQHandler
                0x0000000008006c60      0x102 ./Drivers/STM32F1xx_HAL_Driver/Src/stm32f1xx_hal_adc.o
                0x0000000008006c60                HAL_ADC_IRQHandler
 *fill*         0x0000000008006d62        0x2 
 .text.ADC_Enable
                0x0000000008006d64       0x88 ./Drivers/STM32F1xx_HAL_Driver/Src/stm32f1xx_hal_adc.o
                0x0000000008006d64                ADC_Enable
 .text.ADC_ConversionStop_Disable
                0x0000000008006dec       0x56 ./Drivers/STM32F1xx_HAL_Driver/Src/stm32f1xx_hal_adc.o
                0x0000000008006dec                ADC_ConversionStop_Disable
 *fill*         0x0000000008006e42        0x2 
 .text.HAL_ADC_Init
                0x0000000008006e44      0x108 ./Drivers/STM32F1xx_HAL_Driver/Src/stm32f1xx_hal_adc.o
                0x0000000008006e44                HAL_ADC_Init
 .text.HAL_ADCEx_Calibration_Start
                0x0000000008006f4c      0x100 ./Drivers/STM32F1xx_HAL_Driver/Src/stm32f1xx_hal_adc_ex.o
                0x0000000008006f4c                HAL_ADCEx_Calibration_Start
 .text.HAL_ADCEx_InjectedStart_IT
                0x000000000800704c       0xc0 ./Drivers/STM32F1xx_HAL_Driver/Src/stm32f1xx_hal_adc_ex.o
                0x000000000800704c                HAL_ADCEx_InjectedStart_IT
 .text.HAL_ADCEx_InjectedGetValue
                0x000000000800710c       0x24 ./Drivers/STM32F1xx_HAL_Driver/Src/stm32f1xx_hal_adc_ex.o
                0x000000000800710c                HAL_ADCEx_InjectedGetValue
 .text.HAL_ADCEx_InjectedConfigChannel
                0x0000000008007130      0x228 ./Drivers/STM32F1xx_HAL_Driver/Src/stm32f1xx_hal_adc_ex.o
                0x0000000008007130                HAL_ADCEx_InjectedConfigChannel
 .text.HAL_CAN_Init
                0x0000000008007358      0x14c ./Drivers/STM32F1xx_HAL_Driver/Src/stm32f1xx_hal_can.o
                0x0000000008007358                HAL_CAN_Init
 .text.HAL_CAN_ConfigFilter
                0x00000000080074a4      0x10c ./Drivers/STM32F1xx_HAL_Driver/Src/stm32f1xx_hal_can.o
                0x00000000080074a4                HAL_CAN_ConfigFilter
 .text.HAL_CAN_Start
                0x00000000080075b0       0x5c ./Drivers/STM32F1xx_HAL_Driver/Src/stm32f1xx_hal_can.o
                0x00000000080075b0                HAL_CAN_Start
 .text.HAL_CAN_Stop
                0x000000000800760c       0x62 ./Drivers/STM32F1xx_HAL_Driver/Src/stm32f1xx_hal_can.o
                0x000000000800760c                HAL_CAN_Stop
 .text.HAL_CAN_AddTxMessage
                0x000000000800766e       0xea ./Drivers/STM32F1xx_HAL_Driver/Src/stm32f1xx_hal_can.o
                0x000000000800766e                HAL_CAN_AddTxMessage
 .text.HAL_CAN_GetTxMailboxesFreeLevel
                0x0000000008007758       0x32 ./Drivers/STM32F1xx_HAL_Driver/Src/stm32f1xx_hal_can.o
                0x0000000008007758                HAL_CAN_GetTxMailboxesFreeLevel
 .text.HAL_CAN_GetRxMessage
                0x000000000800778a      0x16a ./Drivers/STM32F1xx_HAL_Driver/Src/stm32f1xx_hal_can.o
                0x000000000800778a                HAL_CAN_GetRxMessage
 .text.HAL_CAN_ActivateNotification
                0x00000000080078f4       0x24 ./Drivers/STM32F1xx_HAL_Driver/Src/stm32f1xx_hal_can.o
                0x00000000080078f4                HAL_CAN_ActivateNotification
 .text.HAL_CAN_TxMailbox0AbortCallback
                0x0000000008007918        0x2 ./Drivers/STM32F1xx_HAL_Driver/Src/stm32f1xx_hal_can.o
                0x0000000008007918                HAL_CAN_TxMailbox0AbortCallback
 .text.HAL_CAN_TxMailbox1AbortCallback
                0x000000000800791a        0x2 ./Drivers/STM32F1xx_HAL_Driver/Src/stm32f1xx_hal_can.o
                0x000000000800791a                HAL_CAN_TxMailbox1AbortCallback
 .text.HAL_CAN_TxMailbox2AbortCallback
                0x000000000800791c        0x2 ./Drivers/STM32F1xx_HAL_Driver/Src/stm32f1xx_hal_can.o
                0x000000000800791c                HAL_CAN_TxMailbox2AbortCallback
 .text.HAL_CAN_RxFifo0FullCallback
                0x000000000800791e        0x2 ./Drivers/STM32F1xx_HAL_Driver/Src/stm32f1xx_hal_can.o
                0x000000000800791e                HAL_CAN_RxFifo0FullCallback
 .text.HAL_CAN_RxFifo1FullCallback
                0x0000000008007920        0x2 ./Drivers/STM32F1xx_HAL_Driver/Src/stm32f1xx_hal_can.o
                0x0000000008007920                HAL_CAN_RxFifo1FullCallback
 .text.HAL_CAN_SleepCallback
                0x0000000008007922        0x2 ./Drivers/STM32F1xx_HAL_Driver/Src/stm32f1xx_hal_can.o
                0x0000000008007922                HAL_CAN_SleepCallback
 .text.HAL_CAN_WakeUpFromRxMsgCallback
                0x0000000008007924        0x2 ./Drivers/STM32F1xx_HAL_Driver/Src/stm32f1xx_hal_can.o
                0x0000000008007924                HAL_CAN_WakeUpFromRxMsgCallback
 .text.HAL_CAN_ErrorCallback
                0x0000000008007926        0x2 ./Drivers/STM32F1xx_HAL_Driver/Src/stm32f1xx_hal_can.o
                0x0000000008007926                HAL_CAN_ErrorCallback
 .text.HAL_CAN_IRQHandler
                0x0000000008007928      0x24a ./Drivers/STM32F1xx_HAL_Driver/Src/stm32f1xx_hal_can.o
                0x0000000008007928                HAL_CAN_IRQHandler
 *fill*         0x0000000008007b72        0x2 
 .text.HAL_NVIC_SetPriorityGrouping
                0x0000000008007b74       0x24 ./Drivers/STM32F1xx_HAL_Driver/Src/stm32f1xx_hal_cortex.o
                0x0000000008007b74                HAL_NVIC_SetPriorityGrouping
 .text.HAL_NVIC_SetPriority
                0x0000000008007b98       0x70 ./Drivers/STM32F1xx_HAL_Driver/Src/stm32f1xx_hal_cortex.o
                0x0000000008007b98                HAL_NVIC_SetPriority
 .text.HAL_NVIC_EnableIRQ
                0x0000000008007c08       0x1c ./Drivers/STM32F1xx_HAL_Driver/Src/stm32f1xx_hal_cortex.o
                0x0000000008007c08                HAL_NVIC_EnableIRQ
 .text.HAL_NVIC_SystemReset
                0x0000000008007c24       0x24 ./Drivers/STM32F1xx_HAL_Driver/Src/stm32f1xx_hal_cortex.o
                0x0000000008007c24                HAL_NVIC_SystemReset
 .text.HAL_SYSTICK_Config
                0x0000000008007c48       0x28 ./Drivers/STM32F1xx_HAL_Driver/Src/stm32f1xx_hal_cortex.o
                0x0000000008007c48                HAL_SYSTICK_Config
 .text.HAL_GPIO_Init
                0x0000000008007c70      0x224 ./Drivers/STM32F1xx_HAL_Driver/Src/stm32f1xx_hal_gpio.o
                0x0000000008007c70                HAL_GPIO_Init
 .text.HAL_GPIO_ReadPin
                0x0000000008007e94        0xe ./Drivers/STM32F1xx_HAL_Driver/Src/stm32f1xx_hal_gpio.o
                0x0000000008007e94                HAL_GPIO_ReadPin
 .text.HAL_GPIO_WritePin
                0x0000000008007ea2        0xc ./Drivers/STM32F1xx_HAL_Driver/Src/stm32f1xx_hal_gpio.o
                0x0000000008007ea2                HAL_GPIO_WritePin
 *fill*         0x0000000008007eae        0x2 
 .text.HAL_GPIO_EXTI_IRQHandler
                0x0000000008007eb0       0x1c ./Drivers/STM32F1xx_HAL_Driver/Src/stm32f1xx_hal_gpio.o
                0x0000000008007eb0                HAL_GPIO_EXTI_IRQHandler
 .text.I2C_IsAcknowledgeFailed
                0x0000000008007ecc       0x32 ./Drivers/STM32F1xx_HAL_Driver/Src/stm32f1xx_hal_i2c.o
 .text.I2C_WaitOnFlagUntilTimeout
                0x0000000008007efe       0xaa ./Drivers/STM32F1xx_HAL_Driver/Src/stm32f1xx_hal_i2c.o
 .text.I2C_WaitOnMasterAddressFlagUntilTimeout
                0x0000000008007fa8       0xd6 ./Drivers/STM32F1xx_HAL_Driver/Src/stm32f1xx_hal_i2c.o
 .text.I2C_WaitOnTXEFlagUntilTimeout
                0x000000000800807e       0x5e ./Drivers/STM32F1xx_HAL_Driver/Src/stm32f1xx_hal_i2c.o
 .text.I2C_RequestMemoryWrite
                0x00000000080080dc       0xd8 ./Drivers/STM32F1xx_HAL_Driver/Src/stm32f1xx_hal_i2c.o
 .text.I2C_RequestMemoryRead
                0x00000000080081b4      0x154 ./Drivers/STM32F1xx_HAL_Driver/Src/stm32f1xx_hal_i2c.o
 .text.I2C_WaitOnBTFFlagUntilTimeout
                0x0000000008008308       0x5e ./Drivers/STM32F1xx_HAL_Driver/Src/stm32f1xx_hal_i2c.o
 .text.I2C_WaitOnRXNEFlagUntilTimeout
                0x0000000008008366       0x78 ./Drivers/STM32F1xx_HAL_Driver/Src/stm32f1xx_hal_i2c.o
 *fill*         0x00000000080083de        0x2 
 .text.HAL_I2C_Init
                0x00000000080083e0      0x1bc ./Drivers/STM32F1xx_HAL_Driver/Src/stm32f1xx_hal_i2c.o
                0x00000000080083e0                HAL_I2C_Init
 .text.HAL_I2C_Mem_Write
                0x000000000800859c      0x164 ./Drivers/STM32F1xx_HAL_Driver/Src/stm32f1xx_hal_i2c.o
                0x000000000800859c                HAL_I2C_Mem_Write
 .text.HAL_I2C_Mem_Read
                0x0000000008008700      0x348 ./Drivers/STM32F1xx_HAL_Driver/Src/stm32f1xx_hal_i2c.o
                0x0000000008008700                HAL_I2C_Mem_Read
 .text.HAL_I2C_IsDeviceReady
                0x0000000008008a48      0x194 ./Drivers/STM32F1xx_HAL_Driver/Src/stm32f1xx_hal_i2c.o
                0x0000000008008a48                HAL_I2C_IsDeviceReady
 .text.RCC_Delay
                0x0000000008008bdc       0x2c ./Drivers/STM32F1xx_HAL_Driver/Src/stm32f1xx_hal_rcc.o
 .text.HAL_RCC_OscConfig
                0x0000000008008c08      0x410 ./Drivers/STM32F1xx_HAL_Driver/Src/stm32f1xx_hal_rcc.o
                0x0000000008008c08                HAL_RCC_OscConfig
 .text.HAL_RCC_GetSysClockFreq
                0x0000000008009018       0x54 ./Drivers/STM32F1xx_HAL_Driver/Src/stm32f1xx_hal_rcc.o
                0x0000000008009018                HAL_RCC_GetSysClockFreq
 .text.HAL_RCC_ClockConfig
                0x000000000800906c      0x16c ./Drivers/STM32F1xx_HAL_Driver/Src/stm32f1xx_hal_rcc.o
                0x000000000800906c                HAL_RCC_ClockConfig
 .text.HAL_RCC_GetHCLKFreq
                0x00000000080091d8        0xc ./Drivers/STM32F1xx_HAL_Driver/Src/stm32f1xx_hal_rcc.o
                0x00000000080091d8                HAL_RCC_GetHCLKFreq
 .text.HAL_RCC_GetPCLK1Freq
                0x00000000080091e4       0x20 ./Drivers/STM32F1xx_HAL_Driver/Src/stm32f1xx_hal_rcc.o
                0x00000000080091e4                HAL_RCC_GetPCLK1Freq
 .text.HAL_RCC_GetPCLK2Freq
                0x0000000008009204       0x20 ./Drivers/STM32F1xx_HAL_Driver/Src/stm32f1xx_hal_rcc.o
                0x0000000008009204                HAL_RCC_GetPCLK2Freq
 .text.HAL_RCCEx_PeriphCLKConfig
                0x0000000008009224      0x118 ./Drivers/STM32F1xx_HAL_Driver/Src/stm32f1xx_hal_rcc_ex.o
                0x0000000008009224                HAL_RCCEx_PeriphCLKConfig
 .text.HAL_RCCEx_GetPeriphCLKFreq
                0x000000000800933c       0xd8 ./Drivers/STM32F1xx_HAL_Driver/Src/stm32f1xx_hal_rcc_ex.o
                0x000000000800933c                HAL_RCCEx_GetPeriphCLKFreq
 .text.TIM_TI1_ConfigInputStage
                0x0000000008009414       0x24 ./Drivers/STM32F1xx_HAL_Driver/Src/stm32f1xx_hal_tim.o
 .text.TIM_TI2_ConfigInputStage
                0x0000000008009438       0x26 ./Drivers/STM32F1xx_HAL_Driver/Src/stm32f1xx_hal_tim.o
 .text.TIM_ITRx_SetConfig
                0x000000000800945e       0x10 ./Drivers/STM32F1xx_HAL_Driver/Src/stm32f1xx_hal_tim.o
 *fill*         0x000000000800946e        0x2 
 .text.HAL_TIM_Base_Start_IT
                0x0000000008009470       0x68 ./Drivers/STM32F1xx_HAL_Driver/Src/stm32f1xx_hal_tim.o
                0x0000000008009470                HAL_TIM_Base_Start_IT
 .text.HAL_TIM_Base_Stop_IT
                0x00000000080094d8       0x32 ./Drivers/STM32F1xx_HAL_Driver/Src/stm32f1xx_hal_tim.o
                0x00000000080094d8                HAL_TIM_Base_Stop_IT
 .text.HAL_TIM_OC_DelayElapsedCallback
                0x000000000800950a        0x2 ./Drivers/STM32F1xx_HAL_Driver/Src/stm32f1xx_hal_tim.o
                0x000000000800950a                HAL_TIM_OC_DelayElapsedCallback
 .text.HAL_TIM_IC_CaptureCallback
                0x000000000800950c        0x2 ./Drivers/STM32F1xx_HAL_Driver/Src/stm32f1xx_hal_tim.o
                0x000000000800950c                HAL_TIM_IC_CaptureCallback
 .text.HAL_TIM_PWM_PulseFinishedCallback
                0x000000000800950e        0x2 ./Drivers/STM32F1xx_HAL_Driver/Src/stm32f1xx_hal_tim.o
                0x000000000800950e                HAL_TIM_PWM_PulseFinishedCallback
 .text.HAL_TIM_TriggerCallback
                0x0000000008009510        0x2 ./Drivers/STM32F1xx_HAL_Driver/Src/stm32f1xx_hal_tim.o
                0x0000000008009510                HAL_TIM_TriggerCallback
 .text.HAL_TIM_IRQHandler
                0x0000000008009512      0x17a ./Drivers/STM32F1xx_HAL_Driver/Src/stm32f1xx_hal_tim.o
                0x0000000008009512                HAL_TIM_IRQHandler
 .text.TIM_Base_SetConfig
                0x000000000800968c       0x74 ./Drivers/STM32F1xx_HAL_Driver/Src/stm32f1xx_hal_tim.o
                0x000000000800968c                TIM_Base_SetConfig
 .text.HAL_TIM_Base_Init
                0x0000000008009700       0x58 ./Drivers/STM32F1xx_HAL_Driver/Src/stm32f1xx_hal_tim.o
                0x0000000008009700                HAL_TIM_Base_Init
 .text.TIM_ETR_SetConfig
                0x0000000008009758       0x18 ./Drivers/STM32F1xx_HAL_Driver/Src/stm32f1xx_hal_tim.o
                0x0000000008009758                TIM_ETR_SetConfig
 .text.HAL_TIM_ConfigClockSource
                0x0000000008009770       0xfe ./Drivers/STM32F1xx_HAL_Driver/Src/stm32f1xx_hal_tim.o
                0x0000000008009770                HAL_TIM_ConfigClockSource
 *fill*         0x000000000800986e        0x2 
 .text.HAL_TIMEx_MasterConfigSynchronization
                0x0000000008009870       0x6c ./Drivers/STM32F1xx_HAL_Driver/Src/stm32f1xx_hal_tim_ex.o
                0x0000000008009870                HAL_TIMEx_MasterConfigSynchronization
 .text.HAL_TIMEx_CommutCallback
                0x00000000080098dc        0x2 ./Drivers/STM32F1xx_HAL_Driver/Src/stm32f1xx_hal_tim_ex.o
                0x00000000080098dc                HAL_TIMEx_CommutCallback
 .text.HAL_TIMEx_BreakCallback
                0x00000000080098de        0x2 ./Drivers/STM32F1xx_HAL_Driver/Src/stm32f1xx_hal_tim_ex.o
                0x00000000080098de                HAL_TIMEx_BreakCallback
 .text.UART_SetConfig
                0x00000000080098e0       0x94 ./Drivers/STM32F1xx_HAL_Driver/Src/stm32f1xx_hal_uart.o
 .text.UART_WaitOnFlagUntilTimeout
                0x0000000008009974       0x88 ./Drivers/STM32F1xx_HAL_Driver/Src/stm32f1xx_hal_uart.o
 .text.HAL_UART_Init
                0x00000000080099fc       0x60 ./Drivers/STM32F1xx_HAL_Driver/Src/stm32f1xx_hal_uart.o
                0x00000000080099fc                HAL_UART_Init
 .text.HAL_HalfDuplex_Init
                0x0000000008009a5c       0x6c ./Drivers/STM32F1xx_HAL_Driver/Src/stm32f1xx_hal_uart.o
                0x0000000008009a5c                HAL_HalfDuplex_Init
 .text.HAL_UART_Transmit
                0x0000000008009ac8       0xbe ./Drivers/STM32F1xx_HAL_Driver/Src/stm32f1xx_hal_uart.o
                0x0000000008009ac8                HAL_UART_Transmit
 .text.HAL_UART_Receive
                0x0000000008009b86       0xca ./Drivers/STM32F1xx_HAL_Driver/Src/stm32f1xx_hal_uart.o
                0x0000000008009b86                HAL_UART_Receive
 .text.SetBaudrate
                0x0000000008009c50       0x4c ./OneWire/onewire.o
 .text.OneWire_Reset
                0x0000000008009c9c       0x56 ./OneWire/onewire.o
                0x0000000008009c9c                OneWire_Reset
 .text.OneWire_ProcessBit
                0x0000000008009cf2       0x3c ./OneWire/onewire.o
                0x0000000008009cf2                OneWire_ProcessBit
 .text.OneWire_ProcessByte
                0x0000000008009d2e       0x3e ./OneWire/onewire.o
                0x0000000008009d2e                OneWire_ProcessByte
 .text.calloc   0x0000000008009d6c       0x10 c:/st/stm32cubeide_1.9.0/stm32cubeide/plugins/com.st.stm32cube.ide.mcu.externaltools.gnu-tools-for-stm32.10.3-2021.10.win32_1.0.0.202111181127/tools/bin/../lib/gcc/arm-none-eabi/10.3.1/../../../../arm-none-eabi/lib/thumb/v7-m/nofp\libc_nano.a(lib_a-calloc.o)
                0x0000000008009d6c                calloc
 .text.__errno  0x0000000008009d7c        0xc c:/st/stm32cubeide_1.9.0/stm32cubeide/plugins/com.st.stm32cube.ide.mcu.externaltools.gnu-tools-for-stm32.10.3-2021.10.win32_1.0.0.202111181127/tools/bin/../lib/gcc/arm-none-eabi/10.3.1/../../../../arm-none-eabi/lib/thumb/v7-m/nofp\libc_nano.a(lib_a-errno.o)
                0x0000000008009d7c                __errno
 .text.__sflush_r
                0x0000000008009d88      0x104 c:/st/stm32cubeide_1.9.0/stm32cubeide/plugins/com.st.stm32cube.ide.mcu.externaltools.gnu-tools-for-stm32.10.3-2021.10.win32_1.0.0.202111181127/tools/bin/../lib/gcc/arm-none-eabi/10.3.1/../../../../arm-none-eabi/lib/thumb/v7-m/nofp\libc_nano.a(lib_a-fflush.o)
                0x0000000008009d88                __sflush_r
 .text._fflush_r
                0x0000000008009e8c       0x78 c:/st/stm32cubeide_1.9.0/stm32cubeide/plugins/com.st.stm32cube.ide.mcu.externaltools.gnu-tools-for-stm32.10.3-2021.10.win32_1.0.0.202111181127/tools/bin/../lib/gcc/arm-none-eabi/10.3.1/../../../../arm-none-eabi/lib/thumb/v7-m/nofp\libc_nano.a(lib_a-fflush.o)
                0x0000000008009e8c                _fflush_r
 .text.fflush   0x0000000008009f04       0x24 c:/st/stm32cubeide_1.9.0/stm32cubeide/plugins/com.st.stm32cube.ide.mcu.externaltools.gnu-tools-for-stm32.10.3-2021.10.win32_1.0.0.202111181127/tools/bin/../lib/gcc/arm-none-eabi/10.3.1/../../../../arm-none-eabi/lib/thumb/v7-m/nofp\libc_nano.a(lib_a-fflush.o)
                0x0000000008009f04                fflush
 .text.std      0x0000000008009f28       0x48 c:/st/stm32cubeide_1.9.0/stm32cubeide/plugins/com.st.stm32cube.ide.mcu.externaltools.gnu-tools-for-stm32.10.3-2021.10.win32_1.0.0.202111181127/tools/bin/../lib/gcc/arm-none-eabi/10.3.1/../../../../arm-none-eabi/lib/thumb/v7-m/nofp\libc_nano.a(lib_a-findfp.o)
 .text._cleanup_r
                0x0000000008009f70        0xc c:/st/stm32cubeide_1.9.0/stm32cubeide/plugins/com.st.stm32cube.ide.mcu.externaltools.gnu-tools-for-stm32.10.3-2021.10.win32_1.0.0.202111181127/tools/bin/../lib/gcc/arm-none-eabi/10.3.1/../../../../arm-none-eabi/lib/thumb/v7-m/nofp\libc_nano.a(lib_a-findfp.o)
                0x0000000008009f70                _cleanup_r
 .text.__sfmoreglue
                0x0000000008009f7c       0x2c c:/st/stm32cubeide_1.9.0/stm32cubeide/plugins/com.st.stm32cube.ide.mcu.externaltools.gnu-tools-for-stm32.10.3-2021.10.win32_1.0.0.202111181127/tools/bin/../lib/gcc/arm-none-eabi/10.3.1/../../../../arm-none-eabi/lib/thumb/v7-m/nofp\libc_nano.a(lib_a-findfp.o)
                0x0000000008009f7c                __sfmoreglue
 .text.__sfp_lock_acquire
                0x0000000008009fa8        0xc c:/st/stm32cubeide_1.9.0/stm32cubeide/plugins/com.st.stm32cube.ide.mcu.externaltools.gnu-tools-for-stm32.10.3-2021.10.win32_1.0.0.202111181127/tools/bin/../lib/gcc/arm-none-eabi/10.3.1/../../../../arm-none-eabi/lib/thumb/v7-m/nofp\libc_nano.a(lib_a-findfp.o)
                0x0000000008009fa8                __sfp_lock_acquire
 .text.__sfp_lock_release
                0x0000000008009fb4        0xc c:/st/stm32cubeide_1.9.0/stm32cubeide/plugins/com.st.stm32cube.ide.mcu.externaltools.gnu-tools-for-stm32.10.3-2021.10.win32_1.0.0.202111181127/tools/bin/../lib/gcc/arm-none-eabi/10.3.1/../../../../arm-none-eabi/lib/thumb/v7-m/nofp\libc_nano.a(lib_a-findfp.o)
                0x0000000008009fb4                __sfp_lock_release
 .text.__sinit_lock_acquire
                0x0000000008009fc0        0xc c:/st/stm32cubeide_1.9.0/stm32cubeide/plugins/com.st.stm32cube.ide.mcu.externaltools.gnu-tools-for-stm32.10.3-2021.10.win32_1.0.0.202111181127/tools/bin/../lib/gcc/arm-none-eabi/10.3.1/../../../../arm-none-eabi/lib/thumb/v7-m/nofp\libc_nano.a(lib_a-findfp.o)
                0x0000000008009fc0                __sinit_lock_acquire
 .text.__sinit_lock_release
                0x0000000008009fcc        0xc c:/st/stm32cubeide_1.9.0/stm32cubeide/plugins/com.st.stm32cube.ide.mcu.externaltools.gnu-tools-for-stm32.10.3-2021.10.win32_1.0.0.202111181127/tools/bin/../lib/gcc/arm-none-eabi/10.3.1/../../../../arm-none-eabi/lib/thumb/v7-m/nofp\libc_nano.a(lib_a-findfp.o)
                0x0000000008009fcc                __sinit_lock_release
 .text.__sinit  0x0000000008009fd8       0x70 c:/st/stm32cubeide_1.9.0/stm32cubeide/plugins/com.st.stm32cube.ide.mcu.externaltools.gnu-tools-for-stm32.10.3-2021.10.win32_1.0.0.202111181127/tools/bin/../lib/gcc/arm-none-eabi/10.3.1/../../../../arm-none-eabi/lib/thumb/v7-m/nofp\libc_nano.a(lib_a-findfp.o)
                0x0000000008009fd8                __sinit
 .text.__sfp    0x000000000800a048       0x8c c:/st/stm32cubeide_1.9.0/stm32cubeide/plugins/com.st.stm32cube.ide.mcu.externaltools.gnu-tools-for-stm32.10.3-2021.10.win32_1.0.0.202111181127/tools/bin/../lib/gcc/arm-none-eabi/10.3.1/../../../../arm-none-eabi/lib/thumb/v7-m/nofp\libc_nano.a(lib_a-findfp.o)
                0x000000000800a048                __sfp
 .text._fwalk_reent
                0x000000000800a0d4       0x3e c:/st/stm32cubeide_1.9.0/stm32cubeide/plugins/com.st.stm32cube.ide.mcu.externaltools.gnu-tools-for-stm32.10.3-2021.10.win32_1.0.0.202111181127/tools/bin/../lib/gcc/arm-none-eabi/10.3.1/../../../../arm-none-eabi/lib/thumb/v7-m/nofp\libc_nano.a(lib_a-fwalk.o)
                0x000000000800a0d4                _fwalk_reent
 *fill*         0x000000000800a112        0x2 
 .text.__libc_init_array
                0x000000000800a114       0x48 c:/st/stm32cubeide_1.9.0/stm32cubeide/plugins/com.st.stm32cube.ide.mcu.externaltools.gnu-tools-for-stm32.10.3-2021.10.win32_1.0.0.202111181127/tools/bin/../lib/gcc/arm-none-eabi/10.3.1/../../../../arm-none-eabi/lib/thumb/v7-m/nofp\libc_nano.a(lib_a-init.o)
                0x000000000800a114                __libc_init_array
 .text.__retarget_lock_init_recursive
                0x000000000800a15c        0x2 c:/st/stm32cubeide_1.9.0/stm32cubeide/plugins/com.st.stm32cube.ide.mcu.externaltools.gnu-tools-for-stm32.10.3-2021.10.win32_1.0.0.202111181127/tools/bin/../lib/gcc/arm-none-eabi/10.3.1/../../../../arm-none-eabi/lib/thumb/v7-m/nofp\libc_nano.a(lib_a-lock.o)
                0x000000000800a15c                __retarget_lock_init_recursive
 .text.__retarget_lock_acquire_recursive
                0x000000000800a15e        0x2 c:/st/stm32cubeide_1.9.0/stm32cubeide/plugins/com.st.stm32cube.ide.mcu.externaltools.gnu-tools-for-stm32.10.3-2021.10.win32_1.0.0.202111181127/tools/bin/../lib/gcc/arm-none-eabi/10.3.1/../../../../arm-none-eabi/lib/thumb/v7-m/nofp\libc_nano.a(lib_a-lock.o)
                0x000000000800a15e                __retarget_lock_acquire_recursive
 .text.__retarget_lock_release_recursive
                0x000000000800a160        0x2 c:/st/stm32cubeide_1.9.0/stm32cubeide/plugins/com.st.stm32cube.ide.mcu.externaltools.gnu-tools-for-stm32.10.3-2021.10.win32_1.0.0.202111181127/tools/bin/../lib/gcc/arm-none-eabi/10.3.1/../../../../arm-none-eabi/lib/thumb/v7-m/nofp\libc_nano.a(lib_a-lock.o)
                0x000000000800a160                __retarget_lock_release_recursive
 *fill*         0x000000000800a162        0x2 
 .text.free     0x000000000800a164       0x10 c:/st/stm32cubeide_1.9.0/stm32cubeide/plugins/com.st.stm32cube.ide.mcu.externaltools.gnu-tools-for-stm32.10.3-2021.10.win32_1.0.0.202111181127/tools/bin/../lib/gcc/arm-none-eabi/10.3.1/../../../../arm-none-eabi/lib/thumb/v7-m/nofp\libc_nano.a(lib_a-malloc.o)
                0x000000000800a164                free
 .text.memcmp   0x000000000800a174       0x20 c:/st/stm32cubeide_1.9.0/stm32cubeide/plugins/com.st.stm32cube.ide.mcu.externaltools.gnu-tools-for-stm32.10.3-2021.10.win32_1.0.0.202111181127/tools/bin/../lib/gcc/arm-none-eabi/10.3.1/../../../../arm-none-eabi/lib/thumb/v7-m/nofp\libc_nano.a(lib_a-memcmp.o)
                0x000000000800a174                memcmp
 .text.memcpy   0x000000000800a194       0x1c c:/st/stm32cubeide_1.9.0/stm32cubeide/plugins/com.st.stm32cube.ide.mcu.externaltools.gnu-tools-for-stm32.10.3-2021.10.win32_1.0.0.202111181127/tools/bin/../lib/gcc/arm-none-eabi/10.3.1/../../../../arm-none-eabi/lib/thumb/v7-m/nofp\libc_nano.a(lib_a-memcpy-stub.o)
                0x000000000800a194                memcpy
 .text.memmove  0x000000000800a1b0       0x34 c:/st/stm32cubeide_1.9.0/stm32cubeide/plugins/com.st.stm32cube.ide.mcu.externaltools.gnu-tools-for-stm32.10.3-2021.10.win32_1.0.0.202111181127/tools/bin/../lib/gcc/arm-none-eabi/10.3.1/../../../../arm-none-eabi/lib/thumb/v7-m/nofp\libc_nano.a(lib_a-memmove.o)
                0x000000000800a1b0                memmove
 .text.memset   0x000000000800a1e4       0x10 c:/st/stm32cubeide_1.9.0/stm32cubeide/plugins/com.st.stm32cube.ide.mcu.externaltools.gnu-tools-for-stm32.10.3-2021.10.win32_1.0.0.202111181127/tools/bin/../lib/gcc/arm-none-eabi/10.3.1/../../../../arm-none-eabi/lib/thumb/v7-m/nofp\libc_nano.a(lib_a-memset.o)
                0x000000000800a1e4                memset
 .text._calloc_r
                0x000000000800a1f4       0x28 c:/st/stm32cubeide_1.9.0/stm32cubeide/plugins/com.st.stm32cube.ide.mcu.externaltools.gnu-tools-for-stm32.10.3-2021.10.win32_1.0.0.202111181127/tools/bin/../lib/gcc/arm-none-eabi/10.3.1/../../../../arm-none-eabi/lib/thumb/v7-m/nofp\libc_nano.a(lib_a-nano-callocr.o)
                0x000000000800a1f4                _calloc_r
 .text._free_r  0x000000000800a21c       0x90 c:/st/stm32cubeide_1.9.0/stm32cubeide/plugins/com.st.stm32cube.ide.mcu.externaltools.gnu-tools-for-stm32.10.3-2021.10.win32_1.0.0.202111181127/tools/bin/../lib/gcc/arm-none-eabi/10.3.1/../../../../arm-none-eabi/lib/thumb/v7-m/nofp\libc_nano.a(lib_a-nano-freer.o)
                0x000000000800a21c                _free_r
 .text.sbrk_aligned
                0x000000000800a2ac       0x40 c:/st/stm32cubeide_1.9.0/stm32cubeide/plugins/com.st.stm32cube.ide.mcu.externaltools.gnu-tools-for-stm32.10.3-2021.10.win32_1.0.0.202111181127/tools/bin/../lib/gcc/arm-none-eabi/10.3.1/../../../../arm-none-eabi/lib/thumb/v7-m/nofp\libc_nano.a(lib_a-nano-mallocr.o)
 .text._malloc_r
                0x000000000800a2ec       0xe8 c:/st/stm32cubeide_1.9.0/stm32cubeide/plugins/com.st.stm32cube.ide.mcu.externaltools.gnu-tools-for-stm32.10.3-2021.10.win32_1.0.0.202111181127/tools/bin/../lib/gcc/arm-none-eabi/10.3.1/../../../../arm-none-eabi/lib/thumb/v7-m/nofp\libc_nano.a(lib_a-nano-mallocr.o)
                0x000000000800a2ec                _malloc_r
 .text.printf   0x000000000800a3d4       0x30 c:/st/stm32cubeide_1.9.0/stm32cubeide/plugins/com.st.stm32cube.ide.mcu.externaltools.gnu-tools-for-stm32.10.3-2021.10.win32_1.0.0.202111181127/tools/bin/../lib/gcc/arm-none-eabi/10.3.1/../../../../arm-none-eabi/lib/thumb/v7-m/nofp\libc_nano.a(lib_a-printf.o)
                0x000000000800a3d4                iprintf
                0x000000000800a3d4                printf
 .text._puts_r  0x000000000800a404       0xdc c:/st/stm32cubeide_1.9.0/stm32cubeide/plugins/com.st.stm32cube.ide.mcu.externaltools.gnu-tools-for-stm32.10.3-2021.10.win32_1.0.0.202111181127/tools/bin/../lib/gcc/arm-none-eabi/10.3.1/../../../../arm-none-eabi/lib/thumb/v7-m/nofp\libc_nano.a(lib_a-puts.o)
                0x000000000800a404                _puts_r
 .text.puts     0x000000000800a4e0       0x10 c:/st/stm32cubeide_1.9.0/stm32cubeide/plugins/com.st.stm32cube.ide.mcu.externaltools.gnu-tools-for-stm32.10.3-2021.10.win32_1.0.0.202111181127/tools/bin/../lib/gcc/arm-none-eabi/10.3.1/../../../../arm-none-eabi/lib/thumb/v7-m/nofp\libc_nano.a(lib_a-puts.o)
                0x000000000800a4e0                puts
 .text._sbrk_r  0x000000000800a4f0       0x20 c:/st/stm32cubeide_1.9.0/stm32cubeide/plugins/com.st.stm32cube.ide.mcu.externaltools.gnu-tools-for-stm32.10.3-2021.10.win32_1.0.0.202111181127/tools/bin/../lib/gcc/arm-none-eabi/10.3.1/../../../../arm-none-eabi/lib/thumb/v7-m/nofp\libc_nano.a(lib_a-sbrkr.o)
                0x000000000800a4f0                _sbrk_r
 .text.__sread  0x000000000800a510       0x22 c:/st/stm32cubeide_1.9.0/stm32cubeide/plugins/com.st.stm32cube.ide.mcu.externaltools.gnu-tools-for-stm32.10.3-2021.10.win32_1.0.0.202111181127/tools/bin/../lib/gcc/arm-none-eabi/10.3.1/../../../../arm-none-eabi/lib/thumb/v7-m/nofp\libc_nano.a(lib_a-stdio.o)
                0x000000000800a510                __sread
 .text.__swrite
                0x000000000800a532       0x38 c:/st/stm32cubeide_1.9.0/stm32cubeide/plugins/com.st.stm32cube.ide.mcu.externaltools.gnu-tools-for-stm32.10.3-2021.10.win32_1.0.0.202111181127/tools/bin/../lib/gcc/arm-none-eabi/10.3.1/../../../../arm-none-eabi/lib/thumb/v7-m/nofp\libc_nano.a(lib_a-stdio.o)
                0x000000000800a532                __swrite
 .text.__sseek  0x000000000800a56a       0x24 c:/st/stm32cubeide_1.9.0/stm32cubeide/plugins/com.st.stm32cube.ide.mcu.externaltools.gnu-tools-for-stm32.10.3-2021.10.win32_1.0.0.202111181127/tools/bin/../lib/gcc/arm-none-eabi/10.3.1/../../../../arm-none-eabi/lib/thumb/v7-m/nofp\libc_nano.a(lib_a-stdio.o)
                0x000000000800a56a                __sseek
 .text.__sclose
                0x000000000800a58e        0x8 c:/st/stm32cubeide_1.9.0/stm32cubeide/plugins/com.st.stm32cube.ide.mcu.externaltools.gnu-tools-for-stm32.10.3-2021.10.win32_1.0.0.202111181127/tools/bin/../lib/gcc/arm-none-eabi/10.3.1/../../../../arm-none-eabi/lib/thumb/v7-m/nofp\libc_nano.a(lib_a-stdio.o)
                0x000000000800a58e                __sclose
 *fill*         0x000000000800a596        0x2 
 .text.__swbuf_r
                0x000000000800a598       0xa4 c:/st/stm32cubeide_1.9.0/stm32cubeide/plugins/com.st.stm32cube.ide.mcu.externaltools.gnu-tools-for-stm32.10.3-2021.10.win32_1.0.0.202111181127/tools/bin/../lib/gcc/arm-none-eabi/10.3.1/../../../../arm-none-eabi/lib/thumb/v7-m/nofp\libc_nano.a(lib_a-wbuf.o)
                0x000000000800a598                __swbuf_r
 .text._write_r
                0x000000000800a63c       0x24 c:/st/stm32cubeide_1.9.0/stm32cubeide/plugins/com.st.stm32cube.ide.mcu.externaltools.gnu-tools-for-stm32.10.3-2021.10.win32_1.0.0.202111181127/tools/bin/../lib/gcc/arm-none-eabi/10.3.1/../../../../arm-none-eabi/lib/thumb/v7-m/nofp\libc_nano.a(lib_a-writer.o)
                0x000000000800a63c                _write_r
 .text.__swsetup_r
                0x000000000800a660       0xdc c:/st/stm32cubeide_1.9.0/stm32cubeide/plugins/com.st.stm32cube.ide.mcu.externaltools.gnu-tools-for-stm32.10.3-2021.10.win32_1.0.0.202111181127/tools/bin/../lib/gcc/arm-none-eabi/10.3.1/../../../../arm-none-eabi/lib/thumb/v7-m/nofp\libc_nano.a(lib_a-wsetup.o)
                0x000000000800a660                __swsetup_r
 .text._close_r
                0x000000000800a73c       0x20 c:/st/stm32cubeide_1.9.0/stm32cubeide/plugins/com.st.stm32cube.ide.mcu.externaltools.gnu-tools-for-stm32.10.3-2021.10.win32_1.0.0.202111181127/tools/bin/../lib/gcc/arm-none-eabi/10.3.1/../../../../arm-none-eabi/lib/thumb/v7-m/nofp\libc_nano.a(lib_a-closer.o)
                0x000000000800a73c                _close_r
 .text._lseek_r
                0x000000000800a75c       0x24 c:/st/stm32cubeide_1.9.0/stm32cubeide/plugins/com.st.stm32cube.ide.mcu.externaltools.gnu-tools-for-stm32.10.3-2021.10.win32_1.0.0.202111181127/tools/bin/../lib/gcc/arm-none-eabi/10.3.1/../../../../arm-none-eabi/lib/thumb/v7-m/nofp\libc_nano.a(lib_a-lseekr.o)
                0x000000000800a75c                _lseek_r
 .text.__swhatbuf_r
                0x000000000800a780       0x4a c:/st/stm32cubeide_1.9.0/stm32cubeide/plugins/com.st.stm32cube.ide.mcu.externaltools.gnu-tools-for-stm32.10.3-2021.10.win32_1.0.0.202111181127/tools/bin/../lib/gcc/arm-none-eabi/10.3.1/../../../../arm-none-eabi/lib/thumb/v7-m/nofp\libc_nano.a(lib_a-makebuf.o)
                0x000000000800a780                __swhatbuf_r
 *fill*         0x000000000800a7ca        0x2 
 .text.__smakebuf_r
                0x000000000800a7cc       0x80 c:/st/stm32cubeide_1.9.0/stm32cubeide/plugins/com.st.stm32cube.ide.mcu.externaltools.gnu-tools-for-stm32.10.3-2021.10.win32_1.0.0.202111181127/tools/bin/../lib/gcc/arm-none-eabi/10.3.1/../../../../arm-none-eabi/lib/thumb/v7-m/nofp\libc_nano.a(lib_a-makebuf.o)
                0x000000000800a7cc                __smakebuf_r
 .text.__malloc_lock
                0x000000000800a84c        0xc c:/st/stm32cubeide_1.9.0/stm32cubeide/plugins/com.st.stm32cube.ide.mcu.externaltools.gnu-tools-for-stm32.10.3-2021.10.win32_1.0.0.202111181127/tools/bin/../lib/gcc/arm-none-eabi/10.3.1/../../../../arm-none-eabi/lib/thumb/v7-m/nofp\libc_nano.a(lib_a-mlock.o)
                0x000000000800a84c                __malloc_lock
 .text.__malloc_unlock
                0x000000000800a858        0xc c:/st/stm32cubeide_1.9.0/stm32cubeide/plugins/com.st.stm32cube.ide.mcu.externaltools.gnu-tools-for-stm32.10.3-2021.10.win32_1.0.0.202111181127/tools/bin/../lib/gcc/arm-none-eabi/10.3.1/../../../../arm-none-eabi/lib/thumb/v7-m/nofp\libc_nano.a(lib_a-mlock.o)
                0x000000000800a858                __malloc_unlock
 .text.__sfputc_r
                0x000000000800a864       0x2a c:/st/stm32cubeide_1.9.0/stm32cubeide/plugins/com.st.stm32cube.ide.mcu.externaltools.gnu-tools-for-stm32.10.3-2021.10.win32_1.0.0.202111181127/tools/bin/../lib/gcc/arm-none-eabi/10.3.1/../../../../arm-none-eabi/lib/thumb/v7-m/nofp\libc_nano.a(lib_a-nano-vfprintf.o)
 .text.__sfputs_r
                0x000000000800a88e       0x24 c:/st/stm32cubeide_1.9.0/stm32cubeide/plugins/com.st.stm32cube.ide.mcu.externaltools.gnu-tools-for-stm32.10.3-2021.10.win32_1.0.0.202111181127/tools/bin/../lib/gcc/arm-none-eabi/10.3.1/../../../../arm-none-eabi/lib/thumb/v7-m/nofp\libc_nano.a(lib_a-nano-vfprintf.o)
                0x000000000800a88e                __sfputs_r
 *fill*         0x000000000800a8b2        0x2 
 .text._vfprintf_r
                0x000000000800a8b4      0x260 c:/st/stm32cubeide_1.9.0/stm32cubeide/plugins/com.st.stm32cube.ide.mcu.externaltools.gnu-tools-for-stm32.10.3-2021.10.win32_1.0.0.202111181127/tools/bin/../lib/gcc/arm-none-eabi/10.3.1/../../../../arm-none-eabi/lib/thumb/v7-m/nofp\libc_nano.a(lib_a-nano-vfprintf.o)
                0x000000000800a8b4                _vfprintf_r
                0x000000000800a8b4                _vfiprintf_r
 .text._printf_common
                0x000000000800ab14       0xde c:/st/stm32cubeide_1.9.0/stm32cubeide/plugins/com.st.stm32cube.ide.mcu.externaltools.gnu-tools-for-stm32.10.3-2021.10.win32_1.0.0.202111181127/tools/bin/../lib/gcc/arm-none-eabi/10.3.1/../../../../arm-none-eabi/lib/thumb/v7-m/nofp\libc_nano.a(lib_a-nano-vfprintf_i.o)
                0x000000000800ab14                _printf_common
 *fill*         0x000000000800abf2        0x2 
 .text._printf_i
                0x000000000800abf4      0x24c c:/st/stm32cubeide_1.9.0/stm32cubeide/plugins/com.st.stm32cube.ide.mcu.externaltools.gnu-tools-for-stm32.10.3-2021.10.win32_1.0.0.202111181127/tools/bin/../lib/gcc/arm-none-eabi/10.3.1/../../../../arm-none-eabi/lib/thumb/v7-m/nofp\libc_nano.a(lib_a-nano-vfprintf_i.o)
                0x000000000800abf4                _printf_i
 .text._read_r  0x000000000800ae40       0x24 c:/st/stm32cubeide_1.9.0/stm32cubeide/plugins/com.st.stm32cube.ide.mcu.externaltools.gnu-tools-for-stm32.10.3-2021.10.win32_1.0.0.202111181127/tools/bin/../lib/gcc/arm-none-eabi/10.3.1/../../../../arm-none-eabi/lib/thumb/v7-m/nofp\libc_nano.a(lib_a-readr.o)
                0x000000000800ae40                _read_r
 .text._fstat_r
                0x000000000800ae64       0x24 c:/st/stm32cubeide_1.9.0/stm32cubeide/plugins/com.st.stm32cube.ide.mcu.externaltools.gnu-tools-for-stm32.10.3-2021.10.win32_1.0.0.202111181127/tools/bin/../lib/gcc/arm-none-eabi/10.3.1/../../../../arm-none-eabi/lib/thumb/v7-m/nofp\libc_nano.a(lib_a-fstatr.o)
                0x000000000800ae64                _fstat_r
 .text._isatty_r
                0x000000000800ae88       0x20 c:/st/stm32cubeide_1.9.0/stm32cubeide/plugins/com.st.stm32cube.ide.mcu.externaltools.gnu-tools-for-stm32.10.3-2021.10.win32_1.0.0.202111181127/tools/bin/../lib/gcc/arm-none-eabi/10.3.1/../../../../arm-none-eabi/lib/thumb/v7-m/nofp\libc_nano.a(lib_a-isattyr.o)
                0x000000000800ae88                _isatty_r
 .text.memchr   0x000000000800aea8       0x1c c:/st/stm32cubeide_1.9.0/stm32cubeide/plugins/com.st.stm32cube.ide.mcu.externaltools.gnu-tools-for-stm32.10.3-2021.10.win32_1.0.0.202111181127/tools/bin/../lib/gcc/arm-none-eabi/10.3.1/../../../../arm-none-eabi/lib/thumb/v7-m/nofp\libc_nano.a(lib_a-memchr-stub.o)
                0x000000000800aea8                memchr
 *(.glue_7)
 .glue_7        0x000000000800aec4        0x0 linker stubs
 *(.glue_7t)
 .glue_7t       0x000000000800aec4        0x0 linker stubs
 *(.eh_frame)
 .eh_frame      0x000000000800aec4        0x0 c:/st/stm32cubeide_1.9.0/stm32cubeide/plugins/com.st.stm32cube.ide.mcu.externaltools.gnu-tools-for-stm32.10.3-2021.10.win32_1.0.0.202111181127/tools/bin/../lib/gcc/arm-none-eabi/10.3.1/thumb/v7-m/nofp/crtbegin.o
 *(.init)
 .init          0x000000000800aec4        0x4 c:/st/stm32cubeide_1.9.0/stm32cubeide/plugins/com.st.stm32cube.ide.mcu.externaltools.gnu-tools-for-stm32.10.3-2021.10.win32_1.0.0.202111181127/tools/bin/../lib/gcc/arm-none-eabi/10.3.1/thumb/v7-m/nofp/crti.o
                0x000000000800aec4                _init
 .init          0x000000000800aec8        0x8 c:/st/stm32cubeide_1.9.0/stm32cubeide/plugins/com.st.stm32cube.ide.mcu.externaltools.gnu-tools-for-stm32.10.3-2021.10.win32_1.0.0.202111181127/tools/bin/../lib/gcc/arm-none-eabi/10.3.1/thumb/v7-m/nofp/crtn.o
 *(.fini)
 .fini          0x000000000800aed0        0x4 c:/st/stm32cubeide_1.9.0/stm32cubeide/plugins/com.st.stm32cube.ide.mcu.externaltools.gnu-tools-for-stm32.10.3-2021.10.win32_1.0.0.202111181127/tools/bin/../lib/gcc/arm-none-eabi/10.3.1/thumb/v7-m/nofp/crti.o
                0x000000000800aed0                _fini
 .fini          0x000000000800aed4        0x8 c:/st/stm32cubeide_1.9.0/stm32cubeide/plugins/com.st.stm32cube.ide.mcu.externaltools.gnu-tools-for-stm32.10.3-2021.10.win32_1.0.0.202111181127/tools/bin/../lib/gcc/arm-none-eabi/10.3.1/thumb/v7-m/nofp/crtn.o
                0x000000000800aedc                . = ALIGN (0x4)
                0x000000000800aedc                _etext = .

.vfp11_veneer   0x000000000800aedc        0x0
 .vfp11_veneer  0x000000000800aedc        0x0 linker stubs

.v4_bx          0x000000000800aedc        0x0
 .v4_bx         0x000000000800aedc        0x0 linker stubs

.iplt           0x000000000800aedc        0x0
 .iplt          0x000000000800aedc        0x0 c:/st/stm32cubeide_1.9.0/stm32cubeide/plugins/com.st.stm32cube.ide.mcu.externaltools.gnu-tools-for-stm32.10.3-2021.10.win32_1.0.0.202111181127/tools/bin/../lib/gcc/arm-none-eabi/10.3.1/thumb/v7-m/nofp/crtbegin.o

.rodata         0x000000000800aedc      0xa50
                0x000000000800aedc                . = ALIGN (0x4)
 *(.rodata)
 .rodata        0x000000000800aedc        0x3 ./CANopenNode/305/CO_LSSslave.o
 *fill*         0x000000000800aedf        0x1 
 .rodata        0x000000000800aee0        0x3 ./Core/Src/main.o
 *(.rodata*)
 *fill*         0x000000000800aee3        0x1 
 .rodata.abortCodes.0
                0x000000000800aee4       0x68 ./CANopenNode/301/CO_ODinterface.o
 .rodata.CO_LSS_bitTimingTableLookup
                0x000000000800af4c       0x14 ./CANopenNode/305/CO_LSSslave.o
 .rodata.canopen_app_resetCommunication.str1.4
                0x000000000800af60      0x139 ./CANopenNode_STM32/CO_app_STM32.o
 *fill*         0x000000000800b099        0x3 
 .rodata.canopen_app_init.str1.4
                0x000000000800b09c       0x5b ./CANopenNode_STM32/CO_app_STM32.o
 *fill*         0x000000000800b0f7        0x1 
 .rodata.canopen_app_process.str1.4
                0x000000000800b0f8       0x41 ./CANopenNode_STM32/CO_app_STM32.o
 *fill*         0x000000000800b139        0x3 
 .rodata.ODObjs
                0x000000000800b13c      0x704 ./CANopenNode_STM32/OD.o
 .rodata.AHBPrescTable
                0x000000000800b840       0x10 ./Core/Src/system_stm32f1xx.o
                0x000000000800b840                AHBPrescTable
 .rodata.APBPrescTable
                0x000000000800b850        0x8 ./Core/Src/system_stm32f1xx.o
                0x000000000800b850                APBPrescTable
 .rodata.convertT
                0x000000000800b858        0x3 ./DS18B20/ds18b20.o
 *fill*         0x000000000800b85b        0x1 
 .rodata.readRom
                0x000000000800b85c        0x3 ./DS18B20/ds18b20.o
 *fill*         0x000000000800b85f        0x1 
 .rodata.readScratchpad
                0x000000000800b860        0x3 ./DS18B20/ds18b20.o
 *fill*         0x000000000800b863        0x1 
 .rodata.skipRom
                0x000000000800b864        0x3 ./DS18B20/ds18b20.o
 *fill*         0x000000000800b867        0x1 
 .rodata.writeScratchpad
                0x000000000800b868        0x3 ./DS18B20/ds18b20.o
 *fill*         0x000000000800b86b        0x1 
 .rodata.aPLLMULFactorTable.1
                0x000000000800b86c       0x10 ./Drivers/STM32F1xx_HAL_Driver/Src/stm32f1xx_hal_rcc.o
 .rodata.aPredivFactorTable.0
                0x000000000800b87c        0x2 ./Drivers/STM32F1xx_HAL_Driver/Src/stm32f1xx_hal_rcc.o
 *fill*         0x000000000800b87e        0x2 
 .rodata.aPLLMULFactorTable.1
                0x000000000800b880       0x10 ./Drivers/STM32F1xx_HAL_Driver/Src/stm32f1xx_hal_rcc_ex.o
 .rodata.aPredivFactorTable.0
                0x000000000800b890        0x2 ./Drivers/STM32F1xx_HAL_Driver/Src/stm32f1xx_hal_rcc_ex.o
 *fill*         0x000000000800b892        0x2 
 .rodata.__sf_fake_stderr
                0x000000000800b894       0x20 c:/st/stm32cubeide_1.9.0/stm32cubeide/plugins/com.st.stm32cube.ide.mcu.externaltools.gnu-tools-for-stm32.10.3-2021.10.win32_1.0.0.202111181127/tools/bin/../lib/gcc/arm-none-eabi/10.3.1/../../../../arm-none-eabi/lib/thumb/v7-m/nofp\libc_nano.a(lib_a-findfp.o)
                0x000000000800b894                __sf_fake_stderr
 .rodata.__sf_fake_stdin
                0x000000000800b8b4       0x20 c:/st/stm32cubeide_1.9.0/stm32cubeide/plugins/com.st.stm32cube.ide.mcu.externaltools.gnu-tools-for-stm32.10.3-2021.10.win32_1.0.0.202111181127/tools/bin/../lib/gcc/arm-none-eabi/10.3.1/../../../../arm-none-eabi/lib/thumb/v7-m/nofp\libc_nano.a(lib_a-findfp.o)
                0x000000000800b8b4                __sf_fake_stdin
 .rodata.__sf_fake_stdout
                0x000000000800b8d4       0x20 c:/st/stm32cubeide_1.9.0/stm32cubeide/plugins/com.st.stm32cube.ide.mcu.externaltools.gnu-tools-for-stm32.10.3-2021.10.win32_1.0.0.202111181127/tools/bin/../lib/gcc/arm-none-eabi/10.3.1/../../../../arm-none-eabi/lib/thumb/v7-m/nofp\libc_nano.a(lib_a-findfp.o)
                0x000000000800b8d4                __sf_fake_stdout
 .rodata._global_impure_ptr
                0x000000000800b8f4        0x4 c:/st/stm32cubeide_1.9.0/stm32cubeide/plugins/com.st.stm32cube.ide.mcu.externaltools.gnu-tools-for-stm32.10.3-2021.10.win32_1.0.0.202111181127/tools/bin/../lib/gcc/arm-none-eabi/10.3.1/../../../../arm-none-eabi/lib/thumb/v7-m/nofp\libc_nano.a(lib_a-impure.o)
                0x000000000800b8f4                _global_impure_ptr
 .rodata._vfprintf_r.str1.1
                0x000000000800b8f8       0x11 c:/st/stm32cubeide_1.9.0/stm32cubeide/plugins/com.st.stm32cube.ide.mcu.externaltools.gnu-tools-for-stm32.10.3-2021.10.win32_1.0.0.202111181127/tools/bin/../lib/gcc/arm-none-eabi/10.3.1/../../../../arm-none-eabi/lib/thumb/v7-m/nofp\libc_nano.a(lib_a-nano-vfprintf.o)
 .rodata._printf_i.str1.1
                0x000000000800b909       0x22 c:/st/stm32cubeide_1.9.0/stm32cubeide/plugins/com.st.stm32cube.ide.mcu.externaltools.gnu-tools-for-stm32.10.3-2021.10.win32_1.0.0.202111181127/tools/bin/../lib/gcc/arm-none-eabi/10.3.1/../../../../arm-none-eabi/lib/thumb/v7-m/nofp\libc_nano.a(lib_a-nano-vfprintf_i.o)
                0x000000000800b92c                . = ALIGN (0x4)
 *fill*         0x000000000800b92b        0x1 

.rel.dyn        0x000000000800b92c        0x0
 .rel.iplt      0x000000000800b92c        0x0 c:/st/stm32cubeide_1.9.0/stm32cubeide/plugins/com.st.stm32cube.ide.mcu.externaltools.gnu-tools-for-stm32.10.3-2021.10.win32_1.0.0.202111181127/tools/bin/../lib/gcc/arm-none-eabi/10.3.1/thumb/v7-m/nofp/crtbegin.o

.ARM.extab      0x000000000800b92c        0x0
                0x000000000800b92c                . = ALIGN (0x4)
 *(.ARM.extab* .gnu.linkonce.armextab.*)
                0x000000000800b92c                . = ALIGN (0x4)

.ARM            0x000000000800b92c        0x0
                0x000000000800b92c                . = ALIGN (0x4)
                0x000000000800b92c                __exidx_start = .
 *(.ARM.exidx*)
                0x000000000800b92c                __exidx_end = .
                0x000000000800b92c                . = ALIGN (0x4)

.preinit_array  0x000000000800b92c        0x0
                0x000000000800b92c                . = ALIGN (0x4)
                0x000000000800b92c                PROVIDE (__preinit_array_start = .)
 *(.preinit_array*)
                0x000000000800b92c                PROVIDE (__preinit_array_end = .)
                0x000000000800b92c                . = ALIGN (0x4)

.init_array     0x000000000800b92c        0x4
                0x000000000800b92c                . = ALIGN (0x4)
                0x000000000800b92c                PROVIDE (__init_array_start = .)
 *(SORT_BY_NAME(.init_array.*))
 *(.init_array*)
 .init_array    0x000000000800b92c        0x4 c:/st/stm32cubeide_1.9.0/stm32cubeide/plugins/com.st.stm32cube.ide.mcu.externaltools.gnu-tools-for-stm32.10.3-2021.10.win32_1.0.0.202111181127/tools/bin/../lib/gcc/arm-none-eabi/10.3.1/thumb/v7-m/nofp/crtbegin.o
                0x000000000800b930                PROVIDE (__init_array_end = .)
                0x000000000800b930                . = ALIGN (0x4)

.fini_array     0x000000000800b930        0x4
                0x000000000800b930                . = ALIGN (0x4)
                [!provide]                        PROVIDE (__fini_array_start = .)
 *(SORT_BY_NAME(.fini_array.*))
 *(.fini_array*)
 .fini_array    0x000000000800b930        0x4 c:/st/stm32cubeide_1.9.0/stm32cubeide/plugins/com.st.stm32cube.ide.mcu.externaltools.gnu-tools-for-stm32.10.3-2021.10.win32_1.0.0.202111181127/tools/bin/../lib/gcc/arm-none-eabi/10.3.1/thumb/v7-m/nofp/crtbegin.o
                [!provide]                        PROVIDE (__fini_array_end = .)
                0x000000000800b934                . = ALIGN (0x4)
                0x000000000800b934                _sidata = LOADADDR (.data)

.data           0x0000000020000000      0x4f8 load address 0x000000000800b934
                0x0000000020000000                . = ALIGN (0x4)
                0x0000000020000000                _sdata = .
 *(.data)
 *(.data*)
 .data.I2C1_DEVICE_ADDRESS
                0x0000000020000000        0x1 ./CANopenNode/storage/CO_eeprom.o
                0x0000000020000000                I2C1_DEVICE_ADDRESS
 *fill*         0x0000000020000001        0x3 
 .data.storageEntries
                0x0000000020000004       0x24 ./CANopenNode_STM32/CO_app_STM32.o
                0x0000000020000004                storageEntries
 .data.OD       0x0000000020000028        0x4 ./CANopenNode_STM32/OD.o
                0x0000000020000028                OD
 .data.ODList   0x000000002000002c      0x204 ./CANopenNode_STM32/OD.o
 .data.OD_PERSIST_COMM
                0x0000000020000230      0x21c ./CANopenNode_STM32/OD.o
                0x0000000020000230                OD_PERSIST_COMM
 .data.OD_RAM   0x000000002000044c       0x34 ./CANopenNode_STM32/OD.o
                0x000000002000044c                OD_RAM
 .data._OD      0x0000000020000480        0x8 ./CANopenNode_STM32/OD.o
 .data.SystemCoreClock
                0x0000000020000488        0x4 ./Core/Src/system_stm32f1xx.o
                0x0000000020000488                SystemCoreClock
 .data.uwTickFreq
                0x000000002000048c        0x1 ./Drivers/STM32F1xx_HAL_Driver/Src/stm32f1xx_hal.o
                0x000000002000048c                uwTickFreq
 *fill*         0x000000002000048d        0x3 
 .data.uwTickPrio
                0x0000000020000490        0x4 ./Drivers/STM32F1xx_HAL_Driver/Src/stm32f1xx_hal.o
                0x0000000020000490                uwTickPrio
 .data._impure_ptr
                0x0000000020000494        0x4 c:/st/stm32cubeide_1.9.0/stm32cubeide/plugins/com.st.stm32cube.ide.mcu.externaltools.gnu-tools-for-stm32.10.3-2021.10.win32_1.0.0.202111181127/tools/bin/../lib/gcc/arm-none-eabi/10.3.1/../../../../arm-none-eabi/lib/thumb/v7-m/nofp\libc_nano.a(lib_a-impure.o)
                0x0000000020000494                _impure_ptr
 .data.impure_data
                0x0000000020000498       0x60 c:/st/stm32cubeide_1.9.0/stm32cubeide/plugins/com.st.stm32cube.ide.mcu.externaltools.gnu-tools-for-stm32.10.3-2021.10.win32_1.0.0.202111181127/tools/bin/../lib/gcc/arm-none-eabi/10.3.1/../../../../arm-none-eabi/lib/thumb/v7-m/nofp\libc_nano.a(lib_a-impure.o)
 *(.RamFunc)
 *(.RamFunc*)
                0x00000000200004f8                . = ALIGN (0x4)
                0x00000000200004f8                _edata = .

.igot.plt       0x00000000200004f8        0x0 load address 0x000000000800be2c
 .igot.plt      0x00000000200004f8        0x0 c:/st/stm32cubeide_1.9.0/stm32cubeide/plugins/com.st.stm32cube.ide.mcu.externaltools.gnu-tools-for-stm32.10.3-2021.10.win32_1.0.0.202111181127/tools/bin/../lib/gcc/arm-none-eabi/10.3.1/thumb/v7-m/nofp/crtbegin.o
                0x00000000200004f8                . = ALIGN (0x4)

.bss            0x00000000200004f8      0x2c0 load address 0x000000000800be2c
                0x00000000200004f8                _sbss = .
                0x00000000200004f8                __bss_start__ = _sbss
 *(.bss)
 .bss           0x00000000200004f8       0x1c c:/st/stm32cubeide_1.9.0/stm32cubeide/plugins/com.st.stm32cube.ide.mcu.externaltools.gnu-tools-for-stm32.10.3-2021.10.win32_1.0.0.202111181127/tools/bin/../lib/gcc/arm-none-eabi/10.3.1/thumb/v7-m/nofp/crtbegin.o
 *(.bss*)
 .bss.eepromAddrNextAuto
                0x0000000020000514        0x4 ./CANopenNode/storage/CO_eeprom.o
 .bss.CO        0x0000000020000518        0x4 ./CANopenNode_STM32/CO_app_STM32.o
                0x0000000020000518                CO
 .bss.canopenNodeSTM32
                0x000000002000051c        0x4 ./CANopenNode_STM32/CO_app_STM32.o
                0x000000002000051c                canopenNodeSTM32
 .bss.err       0x0000000020000520        0x1 ./CANopenNode_STM32/CO_app_STM32.o
                0x0000000020000520                err
 *fill*         0x0000000020000521        0x3 
 .bss.storage   0x0000000020000524       0x38 ./CANopenNode_STM32/CO_app_STM32.o
                0x0000000020000524                storage
 .bss.storageInitError
                0x000000002000055c        0x4 ./CANopenNode_STM32/CO_app_STM32.o
                0x000000002000055c                storageInitError
 .bss.time_current
                0x0000000020000560        0x4 ./CANopenNode_STM32/CO_app_STM32.o
                0x0000000020000560                time_current
 .bss.time_old  0x0000000020000564        0x4 ./CANopenNode_STM32/CO_app_STM32.o
                0x0000000020000564                time_old
 .bss.CANModule_local
                0x0000000020000568        0x4 ./CANopenNode_STM32/CO_driver_STM32.o
 .bss.rx_hdr.0  0x000000002000056c       0x1c ./CANopenNode_STM32/CO_driver_STM32.o
 .bss.tx_hdr.1  0x0000000020000588       0x18 ./CANopenNode_STM32/CO_driver_STM32.o
 .bss.adcData   0x00000000200005a0        0xc ./Core/Src/adc.o