../CANopenNode/301/CO_SDOserver.c:167:25:CO_SDOserver_init_canRxTx	40	static
../CANopenNode/301/CO_SDOserver.c:235:14:OD_write_1201_additional	32	static
../CANopenNode/301/CO_SDOserver.c:56:13:CO_SDO_receive	8	static
../CANopenNode/301/CO_SDOserver.c:476:15:validateAndWriteToOD	24	static,ignoring_inline_asm
../CANopenNode/301/CO_SDOserver.c:597:15:readFromOd	56	static,ignoring_inline_asm
../CANopenNode/301/CO_SDOserver.c:315:18:CO_SDOserver_init	72	static
../CANopenNode/301/CO_SDOserver.c:685:17:CO_SDOserver_process	40	static,ignoring_inline_asm
