Archive member included to satisfy reference by file (symbol)

c:/st/stm32cubeide_1.9.0/stm32cubeide/plugins/com.st.stm32cube.ide.mcu.externaltools.gnu-tools-for-stm32.10.3-2021.10.win32_1.0.0.202111181127/tools/bin/../lib/gcc/arm-none-eabi/10.3.1/../../../../arm-none-eabi/lib/thumb/v7-m/nofp\libc_nano.a(lib_a-calloc.o)
                              ./CANopenNode/CANopen.o (calloc)
c:/st/stm32cubeide_1.9.0/stm32cubeide/plugins/com.st.stm32cube.ide.mcu.externaltools.gnu-tools-for-stm32.10.3-2021.10.win32_1.0.0.202111181127/tools/bin/../lib/gcc/arm-none-eabi/10.3.1/../../../../arm-none-eabi/lib/thumb/v7-m/nofp\libc_nano.a(lib_a-errno.o)
                              ./Core/Src/syscalls.o (__errno)
c:/st/stm32cubeide_1.9.0/stm32cubeide/plugins/com.st.stm32cube.ide.mcu.externaltools.gnu-tools-for-stm32.10.3-2021.10.win32_1.0.0.202111181127/tools/bin/../lib/gcc/arm-none-eabi/10.3.1/../../../../arm-none-eabi/lib/thumb/v7-m/nofp\libc_nano.a(lib_a-exit.o)
                              c:/st/stm32cubeide_1.9.0/stm32cubeide/plugins/com.st.stm32cube.ide.mcu.externaltools.gnu-tools-for-stm32.10.3-2021.10.win32_1.0.0.202111181127/tools/bin/../lib/gcc/arm-none-eabi/10.3.1/../../../../arm-none-eabi/lib/thumb/v7-m/nofp/crt0.o (exit)
c:/st/stm32cubeide_1.9.0/stm32cubeide/plugins/com.st.stm32cube.ide.mcu.externaltools.gnu-tools-for-stm32.10.3-2021.10.win32_1.0.0.202111181127/tools/bin/../lib/gcc/arm-none-eabi/10.3.1/../../../../arm-none-eabi/lib/thumb/v7-m/nofp\libc_nano.a(lib_a-fflush.o)
                              ./CANopenNode_STM32/CO_app_STM32.o (fflush)
c:/st/stm32cubeide_1.9.0/stm32cubeide/plugins/com.st.stm32cube.ide.mcu.externaltools.gnu-tools-for-stm32.10.3-2021.10.win32_1.0.0.202111181127/tools/bin/../lib/gcc/arm-none-eabi/10.3.1/../../../../arm-none-eabi/lib/thumb/v7-m/nofp\libc_nano.a(lib_a-findfp.o)
                              c:/st/stm32cubeide_1.9.0/stm32cubeide/plugins/com.st.stm32cube.ide.mcu.externaltools.gnu-tools-for-stm32.10.3-2021.10.win32_1.0.0.202111181127/tools/bin/../lib/gcc/arm-none-eabi/10.3.1/../../../../arm-none-eabi/lib/thumb/v7-m/nofp\libc_nano.a(lib_a-fflush.o) (__sinit)
c:/st/stm32cubeide_1.9.0/stm32cubeide/plugins/com.st.stm32cube.ide.mcu.externaltools.gnu-tools-for-stm32.10.3-2021.10.win32_1.0.0.202111181127/tools/bin/../lib/gcc/arm-none-eabi/10.3.1/../../../../arm-none-eabi/lib/thumb/v7-m/nofp\libc_nano.a(lib_a-fwalk.o)
                              c:/st/stm32cubeide_1.9.0/stm32cubeide/plugins/com.st.stm32cube.ide.mcu.externaltools.gnu-tools-for-stm32.10.3-2021.10.win32_1.0.0.202111181127/tools/bin/../lib/gcc/arm-none-eabi/10.3.1/../../../../arm-none-eabi/lib/thumb/v7-m/nofp\libc_nano.a(lib_a-findfp.o) (_fwalk)
c:/st/stm32cubeide_1.9.0/stm32cubeide/plugins/com.st.stm32cube.ide.mcu.externaltools.gnu-tools-for-stm32.10.3-2021.10.win32_1.0.0.202111181127/tools/bin/../lib/gcc/arm-none-eabi/10.3.1/../../../../arm-none-eabi/lib/thumb/v7-m/nofp\libc_nano.a(lib_a-impure.o)
                              c:/st/stm32cubeide_1.9.0/stm32cubeide/plugins/com.st.stm32cube.ide.mcu.externaltools.gnu-tools-for-stm32.10.3-2021.10.win32_1.0.0.202111181127/tools/bin/../lib/gcc/arm-none-eabi/10.3.1/../../../../arm-none-eabi/lib/thumb/v7-m/nofp\libc_nano.a(lib_a-exit.o) (_global_impure_ptr)
c:/st/stm32cubeide_1.9.0/stm32cubeide/plugins/com.st.stm32cube.ide.mcu.externaltools.gnu-tools-for-stm32.10.3-2021.10.win32_1.0.0.202111181127/tools/bin/../lib/gcc/arm-none-eabi/10.3.1/../../../../arm-none-eabi/lib/thumb/v7-m/nofp\libc_nano.a(lib_a-init.o)
                              c:/st/stm32cubeide_1.9.0/stm32cubeide/plugins/com.st.stm32cube.ide.mcu.externaltools.gnu-tools-for-stm32.10.3-2021.10.win32_1.0.0.202111181127/tools/bin/../lib/gcc/arm-none-eabi/10.3.1/../../../../arm-none-eabi/lib/thumb/v7-m/nofp/crt0.o (__libc_init_array)
c:/st/stm32cubeide_1.9.0/stm32cubeide/plugins/com.st.stm32cube.ide.mcu.externaltools.gnu-tools-for-stm32.10.3-2021.10.win32_1.0.0.202111181127/tools/bin/../lib/gcc/arm-none-eabi/10.3.1/../../../../arm-none-eabi/lib/thumb/v7-m/nofp\libc_nano.a(lib_a-lock.o)
                              c:/st/stm32cubeide_1.9.0/stm32cubeide/plugins/com.st.stm32cube.ide.mcu.externaltools.gnu-tools-for-stm32.10.3-2021.10.win32_1.0.0.202111181127/tools/bin/../lib/gcc/arm-none-eabi/10.3.1/../../../../arm-none-eabi/lib/thumb/v7-m/nofp\libc_nano.a(lib_a-findfp.o) (__retarget_lock_init_recursive)
c:/st/stm32cubeide_1.9.0/stm32cubeide/plugins/com.st.stm32cube.ide.mcu.externaltools.gnu-tools-for-stm32.10.3-2021.10.win32_1.0.0.202111181127/tools/bin/../lib/gcc/arm-none-eabi/10.3.1/../../../../arm-none-eabi/lib/thumb/v7-m/nofp\libc_nano.a(lib_a-malloc.o)
                              ./CANopenNode/CANopen.o (free)
c:/st/stm32cubeide_1.9.0/stm32cubeide/plugins/com.st.stm32cube.ide.mcu.externaltools.gnu-tools-for-stm32.10.3-2021.10.win32_1.0.0.202111181127/tools/bin/../lib/gcc/arm-none-eabi/10.3.1/../../../../arm-none-eabi/lib/thumb/v7-m/nofp\libc_nano.a(lib_a-memcmp.o)
[...]
Memory Configuration

Name             Origin             Length             Attributes
RAM              0x0000000020000000 0x0000000000005000 xrw
FLASH            0x0000000008000000 0x0000000000010000 xr
*default*        0x0000000000000000 0xffffffffffffffff

Linker script and memory map

LOAD c:/st/stm32cubeide_1.9.0/stm32cubeide/plugins/com.st.stm32cube.ide.mcu.externaltools.gnu-tools-for-stm32.10.3-2021.10.win32_1.0.0.202111181127/tools/bin/../lib/gcc/arm-none-eabi/10.3.1/thumb/v7-m/nofp/crti.o
LOAD c:/st/stm32cubeide_1.9.0/stm32cubeide/plugins/com.st.stm32cube.ide.mcu.externaltools.gnu-tools-for-stm32.10.3-2021.10.win32_1.0.0.202111181127/tools/bin/../lib/gcc/arm-none-eabi/10.3.1/thumb/v7-m/nofp/crtbegin.o
LOAD c:/st/stm32cubeide_1.9.0/stm32cubeide/plugins/com.st.stm32cube.ide.mcu.externaltools.gnu-tools-for-stm32.10.3-2021.10.win32_1.0.0.202111181127/tools/bin/../lib/gcc/arm-none-eabi/10.3.1/../../../../arm-none-eabi/lib/thumb/v7-m/nofp/crt0.o
LOAD ./CANopenNode/301/CO_Emergency.o
LOAD ./CANopenNode/301/CO_HBconsumer.o
LOAD ./CANopenNode/301/CO_NMT_Heartbeat.o
LOAD ./CANopenNode/301/CO_ODinterface.o
LOAD ./CANopenNode/301/CO_PDO.o
LOAD ./CANopenNode/301/CO_SDOclient.o
LOAD ./CANopenNode/301/CO_SDOserver.o
LOAD ./CANopenNode/301/CO_SYNC.o
LOAD ./CANopenNode/301/CO_TIME.o
LOAD ./CANopenNode/301/CO_fifo.o
LOAD ./CANopenNode/301/crc16-ccitt.o
LOAD ./CANopenNode/303/CO_LEDs.o
LOAD ./CANopenNode/304/CO_GFC.o
LOAD ./CANopenNode/304/CO_SRDO.o
LOAD ./CANopenNode/305/CO_LSSmaster.o
LOAD ./CANopenNode/305/CO_LSSslave.o
LOAD ./CANopenNode/309/CO_gateway_ascii.o
LOAD ./CANopenNode/CANopen.o
LOAD ./CANopenNode/extra/CO_trace.o
LOAD ./CANopenNode/storage/CO_eeprom.o
LOAD ./CANopenNode/storage/CO_storage.o
LOAD ./CANopenNode/storage/CO_storageEeprom.o
LOAD ./CANopenNode_STM32/CO_app_STM32.o
LOAD ./CANopenNode_STM32/CO_driver_STM32.o
LOAD ./CANopenNode_STM32/OD.o
LOAD ./Core/Src/adc.o
LOAD ./Core/Src/buttons.o
LOAD ./Core/Src/can.o
LOAD ./Core/Src/debug.o
LOAD ./Core/Src/gpio.o
LOAD ./Core/Src/i2c.o
LOAD ./Core/Src/main.o
LOAD ./Core/Src/main_cpp.o
LOAD ./Core/Src/stm32f1xx_hal_msp.o
LOAD ./Core/Src/stm32f1xx_it.o
LOAD ./Core/Src/syscalls.o
LOAD ./Core/Src/sysmem.o
LOAD ./Core/Src/system_stm32f1xx.o
LOAD ./Core/Src/tim.o
LOAD ./Core/Src/timers.o
LOAD ./Core/Src/usart.o
LOAD ./Core/Startup/startup_stm32f103c8tx.o
LOAD ./DS18B20/ds18b20.o
LOAD ./Drivers/STM32F1xx_HAL_Driver/Src/stm32f1xx_hal.o
LOAD ./Drivers/STM32F1xx_HAL_Driver/Src/stm32f1xx_hal_adc.o
LOAD ./Drivers/STM32F1xx_HAL_Driver/Src/stm32f1xx_hal_adc_ex.o
LOAD ./Drivers/STM32F1xx_HAL_Driver/Src/stm32f1xx_hal_can.o
LOAD ./Drivers/STM32F1xx_HAL_Driver/Src/stm32f1xx_hal_cortex.o
LOAD ./Drivers/STM32F1xx_HAL_Driver/Src/stm32f1xx_hal_dma.o
LOAD ./Drivers/STM32F1xx_HAL_Driver/Src/stm32f1xx_hal_exti.o
LOAD ./Drivers/STM32F1xx_HAL_Driver/Src/stm32f1xx_hal_flash.o
LOAD ./Drivers/STM32F1xx_HAL_Driver/Src/stm32f1xx_hal_flash_ex.o
LOAD ./Drivers/STM32F1xx_HAL_Driver/Src/stm32f1xx_hal_gpio.o
LOAD ./Drivers/STM32F1xx_HAL_Driver/Src/stm32f1xx_hal_gpio_ex.o
LOAD ./Drivers/STM32F1xx_HAL_Driver/Src/stm32f1xx_hal_i2c.o
LOAD ./Drivers/STM32F1xx_HAL_Driver/Src/stm32f1xx_hal_pwr.o
LOAD ./Drivers/STM32F1xx_HAL_Driver/Src/stm32f1xx_hal_rcc.o
LOAD ./Drivers/STM32F1xx_HAL_Driver/Src/stm32f1xx_hal_rcc_ex.o
LOAD ./Drivers/STM32F1xx_HAL_Driver/Src/stm32f1xx_hal_tim.o
LOAD ./Drivers/STM32F1xx_HAL_Driver/Src/stm32f1xx_hal_tim_ex.o
LOAD ./Drivers/STM32F1xx_HAL_Driver/Src/stm32f1xx_hal_uart.o
LOAD ./OneWire/onewire.o
START GROUP
LOAD c:/st/stm32cubeide_1.9.0/stm32cubeide/plugins/com.st.stm32cube.ide.mcu.externaltools.gnu-tools-for-stm32.10.3-2021.10.win32_1.0.0.202111181127/tools/bin/../lib/gcc/arm-none-eabi/10.3.1/../../../../arm-none-eabi/lib/thumb/v7-m/nofp\libstdc++_nano.a
LOAD c:/st/stm32cubeide_1.9.0/stm32cubeide/plugins/com.st.stm32cube.ide.mcu.externaltools.gnu-tools-for-stm32.10.3-2021.10.win32_1.0.0.202111181127/tools/bin/../lib/gcc/arm-none-eabi/10.3.1/../../../../arm-none-eabi/lib/thumb/v7-m/nofp\libsupc++_nano.a
END GROUP
LOAD c:/st/stm32cubeide_1.9.0/stm32cubeide/plugins/com.st.stm32cube.ide.mcu.externaltools.gnu-tools-for-stm32.10.3-2021.10.win32_1.0.0.202111181127/tools/bin/../lib/gcc/arm-none-eabi/10.3.1/../../../../arm-none-eabi/lib/thumb/v7-m/nofp\libstdc++_nano.a
LOAD c:/st/stm32cubeide_1.9.0/stm32cubeide/plugins/com.st.stm32cube.ide.mcu.externaltools.gnu-tools-for-stm32.10.3-2021.10.win32_1.0.0.202111181127/tools/bin/../lib/gcc/arm-none-eabi/10.3.1/../../../../arm-none-eabi/lib/thumb/v7-m/nofp\libm.a
LOAD c:/st/stm32cubeide_1.9.0/stm32cubeide/plugins/com.st.stm32cube.ide.mcu.externaltools.gnu-tools-for-stm32.10.3-2021.10.win32_1.0.0.202111181127/tools/bin/../lib/gcc/arm-none-eabi/10.3.1/../../../../arm-none-eabi/lib/thumb/v7-m/nofp\libc_nano.a
START GROUP
LOAD c:/st/stm32cubeide_1.9.0/stm32cubeide/plugins/com.st.stm32cube.ide.mcu.externaltools.gnu-tools-for-stm32.10.3-2021.10.win32_1.0.0.202111181127/tools/bin/../lib/gcc/arm-none-eabi/10.3.1/thumb/v7-m/nofp\libgcc.a
LOAD c:/st/stm32cubeide_1.9.0/stm32cubeide/plugins/com.st.stm32cube.ide.mcu.externaltools.gnu-tools-for-stm32.10.3-2021.10.win32_1.0.0.202111181127/tools/bin/../lib/gcc/arm-none-eabi/10.3.1/../../../../arm-none-eabi/lib/thumb/v7-m/nofp\libc_nano.a
END GROUP
START GROUP
LOAD c:/st/stm32cubeide_1.9.0/stm32cubeide/plugins/com.st.stm32cube.ide.mcu.externaltools.gnu-tools-for-stm32.10.3-2021.10.win32_1.0.0.202111181127/tools/bin/../lib/gcc/arm-none-eabi/10.3.1/thumb/v7-m/nofp\libgcc.a
LOAD c:/st/stm32cubeide_1.9.0/stm32cubeide/plugins/com.st.stm32cube.ide.mcu.externaltools.gnu-tools-for-stm32.10.3-2021.10.win32_1.0.0.202111181127/tools/bin/../lib/gcc/arm-none-eabi/10.3.1/../../../../arm-none-eabi/lib/thumb/v7-m/nofp\libc_nano.a
END GROUP
LOAD c:/st/stm32cubeide_1.9.0/stm32cubeide/plugins/com.st.stm32cube.ide.mcu.externaltools.gnu-tools-for-stm32.10.3-2021.10.win32_1.0.0.202111181127/tools/bin/../lib/gcc/arm-none-eabi/10.3.1/thumb/v7-m/nofp/crtend.o
LOAD c:/st/stm32cubeide_1.9.0/stm32cubeide/plugins/com.st.stm32cube.ide.mcu.externaltools.gnu-tools-for-stm32.10.3-2021.10.win32_1.0.0.202111181127/tools/bin/../lib/gcc/arm-none-eabi/10.3.1/thumb/v7-m/nofp/crtn.o
                0x0000000020005000                _estack = (ORIGIN (RAM) + LENGTH (RAM))
                0x0000000000000200                _Min_Heap_Size = 0x200
                0x0000000000000400                _Min_Stack_Size = 0x400

.isr_vector     0x0000000008000000      0x10c
                0x0000000008000000                . = ALIGN (0x4)
 *(.isr_vector)
 .isr_vector    0x0000000008000000      0x10c ./Core/Startup/startup_stm32f103c8tx.o
                0x0000000008000000                g_pfnVectors
                0x000000000800010c                . = ALIGN (0x4)

.text           0x0000000008000110     0xf960
                0x0000000008000110                . = ALIGN (0x4)
 *(.text)
 .text          0x0000000008000110       0x40 c:/st/stm32cubeide_1.9.0/stm32cubeide/plugins/com.st.stm32cube.ide.mcu.externaltools.gnu-tools-for-stm32.10.3-2021.10.win32_1.0.0.202111181127/tools/bin/../lib/gcc/arm-none-eabi/10.3.1/thumb/v7-m/nofp/crtbegin.o
 .text          0x0000000008000150       0x10 c:/st/stm32cubeide_1.9.0/stm32cubeide/plugins/com.st.stm32cube.ide.mcu.externaltools.gnu-tools-for-stm32.10.3-2021.10.win32_1.0.0.202111181127/tools/bin/../lib/gcc/arm-none-eabi/10.3.1/../../../../arm-none-eabi/lib/thumb/v7-m/nofp\libc_nano.a(lib_a-strlen.o)
                0x0000000008000150                strlen
 .text          0x0000000008000160      0x168 c:/st/stm32cubeide_1.9.0/stm32cubeide/plugins/com.st.stm32cube.ide.mcu.externaltools.gnu-tools-for-stm32.10.3-2021.10.win32_1.0.0.202111181127/tools/bin/../lib/gcc/arm-none-eabi/10.3.1/thumb/v7-m/nofp\libgcc.a(_arm_mulsf3.o)
                0x0000000008000160                __aeabi_fmul
                0x0000000008000160                __mulsf3
 .text          0x00000000080002c8      0x378 c:/st/stm32cubeide_1.9.0/stm32cubeide/plugins/com.st.stm32cube.ide.mcu.externaltools.gnu-tools-for-stm32.10.3-2021.10.win32_1.0.0.202111181127/tools/bin/../lib/gcc/arm-none-eabi/10.3.1/thumb/v7-m/nofp\libgcc.a(_arm_addsubdf3.o)
                0x00000000080002c8                __aeabi_drsub
                0x00000000080002d0                __aeabi_dsub
                0x00000000080002d0                __subdf3
                0x00000000080002d4                __aeabi_dadd
                0x00000000080002d4                __adddf3
                0x000000000800054c                __floatunsidf
                0x000000000800054c                __aeabi_ui2d
                0x000000000800056c                __floatsidf
                0x000000000800056c                __aeabi_i2d
                0x0000000008000590                __aeabi_f2d
                0x0000000008000590                __extendsfdf2
                0x00000000080005d4                __floatundidf
                0x00000000080005d4                __aeabi_ul2d
                0x00000000080005e4                __floatdidf
                0x00000000080005e4                __aeabi_l2d
 .text          0x0000000008000640      0x424 c:/st/stm32cubeide_1.9.0/stm32cubeide/plugins/com.st.stm32cube.ide.mcu.externaltools.gnu-tools-for-stm32.10.3-2021.10.win32_1.0.0.202111181127/tools/bin/../lib/gcc/arm-none-eabi/10.3.1/thumb/v7-m/nofp\libgcc.a(_arm_muldivdf3.o)
                0x0000000008000640                __aeabi_dmul
                0x0000000008000640                __muldf3
                0x0000000008000894                __divdf3
                0x0000000008000894                __aeabi_ddiv
 .text          0x0000000008000a64       0xa0 c:/st/stm32cubeide_1.9.0/stm32cubeide/plugins/com.st.stm32cube.ide.mcu.externaltools.gnu-tools-for-stm32.10.3-2021.10.win32_1.0.0.202111181127/tools/bin/../lib/gcc/arm-none-eabi/10.3.1/thumb/v7-m/nofp\libgcc.a(_arm_truncdfsf2.o)
                0x0000000008000a64                __truncdfsf2
                0x0000000008000a64                __aeabi_d2f
 .text          0x0000000008000b04      0x21c c:/st/stm32cubeide_1.9.0/stm32cubeide/plugins/com.st.stm32cube.ide.mcu.externaltools.gnu-tools-for-stm32.10.3-2021.10.win32_1.0.0.202111181127/tools/bin/../lib/gcc/arm-none-eabi/10.3.1/thumb/v7-m/nofp\libgcc.a(_arm_addsubsf3.o)
                0x0000000008000b04                __aeabi_frsub
                0x0000000008000b0c                __subsf3
                0x0000000008000b0c                __aeabi_fsub
                0x0000000008000b10                __aeabi_fadd
                0x0000000008000b10                __addsf3
                0x0000000008000c70                __aeabi_ui2f
                0x0000000008000c70                __floatunsisf
                0x0000000008000c78                __aeabi_i2f
                0x0000000008000c78                __floatsisf
                0x0000000008000c94                __aeabi_ul2f
                0x0000000008000c94                __floatundisf
                0x0000000008000ca4                __aeabi_l2f
                0x0000000008000ca4                __floatdisf
 .text          0x0000000008000d20       0xec c:/st/stm32cubeide_1.9.0/stm32cubeide/plugins/com.st.stm32cube.ide.mcu.externaltools.gnu-tools-for-stm32.10.3-2021.10.win32_1.0.0.202111181127/tools/bin/../lib/gcc/arm-none-eabi/10.3.1/thumb/v7-m/nofp\libgcc.a(_arm_cmpsf2.o)
                0x0000000008000d20                __gesf2
                0x0000000008000d20                __gtsf2
                0x0000000008000d28                __lesf2
                0x0000000008000d28                __ltsf2
                0x0000000008000d30                __nesf2
                0x0000000008000d30                __eqsf2
                0x0000000008000d30                __cmpsf2
                0x0000000008000d90                __aeabi_cfrcmple
                0x0000000008000d98                __aeabi_cfcmpeq
                0x0000000008000d98                __aeabi_cfcmple
                0x0000000008000da8                __aeabi_fcmpeq
                0x0000000008000dbc                __aeabi_fcmplt
                0x0000000008000dd0                __aeabi_fcmple
                0x0000000008000de4                __aeabi_fcmpge
                0x0000000008000df8                __aeabi_fcmpgt
 .text          0x0000000008000e0c       0x4c c:/st/stm32cubeide_1.9.0/stm32cubeide/plugins/com.st.stm32cube.ide.mcu.externaltools.gnu-tools-for-stm32.10.3-2021.10.win32_1.0.0.202111181127/tools/bin/../lib/gcc/arm-none-eabi/10.3.1/thumb/v7-m/nofp\libgcc.a(_arm_fixsfsi.o)
                0x0000000008000e0c                __aeabi_f2iz
                0x0000000008000e0c                __fixsfsi
 *(.text*)
 .text.CO_getUint8
                0x0000000008000e58       0x1a ./CANopenNode/301/CO_Emergency.o
 .text.CO_setUint8
                0x0000000008000e72       0x1e ./CANopenNode/301/CO_Emergency.o
 .text.CO_setUint32
                0x0000000008000e90       0x1c ./CANopenNode/301/CO_Emergency.o
 .text.OD_getIndex
                0x0000000008000eac       0x20 ./CANopenNode/301/CO_Emergency.o
 .text.OD_extension_init
                0x0000000008000ecc       0x26 ./CANopenNode/301/CO_Emergency.o
 .text.OD_get_u32
                0x0000000008000ef2       0x2a ./CANopenNode/301/CO_Emergency.o
 .text.OD_read_1014_default
                0x0000000008000f1c       0x72 ./CANopenNode/301/CO_Emergency.o
 .text.OD_read_1003
                0x0000000008000f8e       0xdc ./CANopenNode/301/CO_Emergency.o
 .text.OD_write_1003
                0x000000000800106a       0x60 ./CANopenNode/301/CO_Emergency.o
 *fill*         0x00000000080010ca        0x2 
 .text.CO_EM_init
                0x00000000080010cc      0x1c0 ./CANopenNode/301/CO_Emergency.o
                0x00000000080010cc                CO_EM_init
 .text.CO_EM_process
                0x000000000800128c      0x294 ./CANopenNode/301/CO_Emergency.o
                0x000000000800128c                CO_EM_process
 .text.CO_error
                0x0000000008001520      0x178 ./CANopenNode/301/CO_Emergency.o
                0x0000000008001520                CO_error
 .text.CO_getUint32
                0x0000000008001698       0x1a ./CANopenNode/301/CO_HBconsumer.o
 .text.OD_getIndex
                0x00000000080016b2       0x20 ./CANopenNode/301/CO_HBconsumer.o
 .text.OD_extension_init
                0x00000000080016d2       0x26 ./CANopenNode/301/CO_HBconsumer.o
 .text.OD_get_u32
                0x00000000080016f8       0x2a ./CANopenNode/301/CO_HBconsumer.o
 .text.CO_HBcons_receive
                0x0000000008001722       0x3a ./CANopenNode/301/CO_HBconsumer.o
 .text.OD_write_1016
                0x000000000800175c       0x8e ./CANopenNode/301/CO_HBconsumer.o
 *fill*         0x00000000080017ea        0x2 
 .text.CO_HBconsumer_init
                0x00000000080017ec      0x158 ./CANopenNode/301/CO_HBconsumer.o
                0x00000000080017ec                CO_HBconsumer_init
 .text.CO_HBconsumer_initEntry
                0x0000000008001944      0x130 ./CANopenNode/301/CO_HBconsumer.o
 .text.CO_HBconsumer_process
                0x0000000008001a74      0x1aa ./CANopenNode/301/CO_HBconsumer.o
                0x0000000008001a74                CO_HBconsumer_process
 .text.CO_getUint16
                0x0000000008001c1e       0x1c ./CANopenNode/301/CO_NMT_Heartbeat.o
 .text.OD_getIndex
                0x0000000008001c3a       0x20 ./CANopenNode/301/CO_NMT_Heartbeat.o
 .text.OD_extension_init
                0x0000000008001c5a       0x26 ./CANopenNode/301/CO_NMT_Heartbeat.o
 .text.OD_get_u16
                0x0000000008001c80       0x2a ./CANopenNode/301/CO_NMT_Heartbeat.o
 .text.CO_isError
                0x0000000008001caa       0x4c ./CANopenNode/301/CO_NMT_Heartbeat.o
 .text.CO_getErrorRegister
                0x0000000008001cf6       0x2a ./CANopenNode/301/CO_NMT_Heartbeat.o
 .text.CO_NMT_receive
                0x0000000008001d20       0x4c ./CANopenNode/301/CO_NMT_Heartbeat.o
 .text.OD_write_1017
                0x0000000008001d6c       0x6a ./CANopenNode/301/CO_NMT_Heartbeat.o
 *fill*         0x0000000008001dd6        0x2 
 .text.CO_NMT_init
                0x0000000008001dd8      0x17c ./CANopenNode/301/CO_NMT_Heartbeat.o
                0x0000000008001dd8                CO_NMT_init
 .text.CO_NMT_process
                0x0000000008001f54      0x1dc ./CANopenNode/301/CO_NMT_Heartbeat.o
                0x0000000008001f54                CO_NMT_process
 .text.OD_readOriginal
                0x0000000008002130       0xb0 ./CANopenNode/301/CO_ODinterface.o
                0x0000000008002130                OD_readOriginal
 .text.OD_writeOriginal
                0x00000000080021e0       0xbc ./CANopenNode/301/CO_ODinterface.o
                0x00000000080021e0                OD_writeOriginal
 .text.OD_readDisabled
                0x000000000800229c       0x1a ./CANopenNode/301/CO_ODinterface.o
 .text.OD_writeDisabled
                0x00000000080022b6       0x1a ./CANopenNode/301/CO_ODinterface.o
 .text.OD_find  0x00000000080022d0       0xb6 ./CANopenNode/301/CO_ODinterface.o
                0x00000000080022d0                OD_find
 *fill*         0x0000000008002386        0x2 
 .text.OD_getSub
                0x0000000008002388      0x1e4 ./CANopenNode/301/CO_ODinterface.o
                0x0000000008002388                OD_getSub
 .text.OD_getSDOabCode
                0x000000000800256c       0x38 ./CANopenNode/301/CO_ODinterface.o
                0x000000000800256c                OD_getSDOabCode
 .text.OD_get_value
                0x00000000080025a4       0x6c ./CANopenNode/301/CO_ODinterface.o
                0x00000000080025a4                OD_get_value
 .text.OD_set_value
                0x0000000008002610       0x62 ./CANopenNode/301/CO_ODinterface.o
                0x0000000008002610                OD_set_value
 .text.OD_getPtr
                0x0000000008002672       0x86 ./CANopenNode/301/CO_ODinterface.o
                0x0000000008002672                OD_getPtr
 .text.CO_getUint8
                0x00000000080026f8       0x1a ./CANopenNode/301/CO_PDO.o
 .text.CO_getUint16
                0x0000000008002712       0x1c ./CANopenNode/301/CO_PDO.o
 .text.CO_getUint32
                0x000000000800272e       0x1a ./CANopenNode/301/CO_PDO.o
 .text.CO_setUint32
                0x0000000008002748       0x1c ./CANopenNode/301/CO_PDO.o
 .text.OD_getIndex
                0x0000000008002764       0x20 ./CANopenNode/301/CO_PDO.o
 .text.OD_extension_init
                0x0000000008002784       0x26 ./CANopenNode/301/CO_PDO.o
 .text.OD_get_u8
                0x00000000080027aa       0x2a ./CANopenNode/301/CO_PDO.o
 .text.OD_get_u16
                0x00000000080027d4       0x2a ./CANopenNode/301/CO_PDO.o
 .text.OD_get_u32
                0x00000000080027fe       0x2a ./CANopenNode/301/CO_PDO.o
 .text.OD_write_dummy
                0x0000000008002828       0x26 ./CANopenNode/301/CO_PDO.o
 .text.OD_read_dummy
                0x000000000800284e       0x4e ./CANopenNode/301/CO_PDO.o
 .text.PDOconfigMap
                0x000000000800289c      0x180 ./CANopenNode/301/CO_PDO.o
 .text.PDO_initMapping
                0x0000000008002a1c      0x15a ./CANopenNode/301/CO_PDO.o
 .text.OD_write_PDO_mapping
                0x0000000008002b76      0x142 ./CANopenNode/301/CO_PDO.o
 .text.OD_read_PDO_commParam
                0x0000000008002cb8       0x9c ./CANopenNode/301/CO_PDO.o
 .text.CO_PDO_receive
                0x0000000008002d54       0xbc ./CANopenNode/301/CO_PDO.o
 .text.OD_write_14xx
                0x0000000008002e10      0x23c ./CANopenNode/301/CO_PDO.o
 .text.CO_RPDO_init
                0x000000000800304c      0x28c ./CANopenNode/301/CO_PDO.o
                0x000000000800304c                CO_RPDO_init
 .text.CO_RPDO_process
                0x00000000080032d8      0x266 ./CANopenNode/301/CO_PDO.o
                0x00000000080032d8                CO_RPDO_process
 *fill*         0x000000000800353e        0x2 
 .text.OD_write_18xx
                0x0000000008003540      0x2a4 ./CANopenNode/301/CO_PDO.o
 .text.CO_TPDO_init
                0x00000000080037e4      0x2f4 ./CANopenNode/301/CO_PDO.o
                0x00000000080037e4                CO_TPDO_init
 .text.CO_TPDOsend
                0x0000000008003ad8      0x148 ./CANopenNode/301/CO_PDO.o
 .text.CO_TPDO_process
                0x0000000008003c20      0x204 ./CANopenNode/301/CO_PDO.o
                0x0000000008003c20                CO_TPDO_process
 .text.CO_getUint8
                0x0000000008003e24       0x1a ./CANopenNode/301/CO_SDOserver.o
 .text.CO_getUint32
                0x0000000008003e3e       0x1a ./CANopenNode/301/CO_SDOserver.o
 .text.OD_getIndex
                0x0000000008003e58       0x20 ./CANopenNode/301/CO_SDOserver.o
 .text.OD_mappable
                0x0000000008003e78       0x2a ./CANopenNode/301/CO_SDOserver.o
 .text.OD_extension_init
                0x0000000008003ea2       0x26 ./CANopenNode/301/CO_SDOserver.o
 .text.OD_get_u8
                0x0000000008003ec8       0x2a ./CANopenNode/301/CO_SDOserver.o
 .text.OD_get_u32
                0x0000000008003ef2       0x2a ./CANopenNode/301/CO_SDOserver.o
 .text.OD_set_u32
                0x0000000008003f1c       0x2a ./CANopenNode/301/CO_SDOserver.o
 .text.CO_SDO_receive
                0x0000000008003f46       0x54 ./CANopenNode/301/CO_SDOserver.o
 *fill*         0x0000000008003f9a        0x2 
 .text.CO_SDOserver_init_canRxTx
                0x0000000008003f9c       0xd8 ./CANopenNode/301/CO_SDOserver.o
 .text.OD_write_1201_additional
                0x0000000008004074      0x224 ./CANopenNode/301/CO_SDOserver.o
 .text.CO_SDOserver_init
                0x0000000008004298      0x228 ./CANopenNode/301/CO_SDOserver.o
                0x0000000008004298                CO_SDOserver_init
 .text.validateAndWriteToOD
                0x00000000080044c0      0x22c ./CANopenNode/301/CO_SDOserver.o
 .text.readFromOd
                0x00000000080046ec      0x198 ./CANopenNode/301/CO_SDOserver.o
 .text.CO_SDOserver_process
                0x0000000008004884      0xa28 ./CANopenNode/301/CO_SDOserver.o
                0x0000000008004884                CO_SDOserver_process
 .text.CO_getUint8
                0x00000000080052ac       0x1a ./CANopenNode/301/CO_SYNC.o
 .text.CO_getUint32
                0x00000000080052c6       0x1a ./CANopenNode/301/CO_SYNC.o
 .text.OD_getIndex
                0x00000000080052e0       0x20 ./CANopenNode/301/CO_SYNC.o
 .text.OD_extension_init
                0x0000000008005300       0x26 ./CANopenNode/301/CO_SYNC.o
 .text.OD_get_u8
                0x0000000008005326       0x2a ./CANopenNode/301/CO_SYNC.o
 .text.OD_get_u32
                0x0000000008005350       0x2a ./CANopenNode/301/CO_SYNC.o
 .text.CO_SYNCsend
                0x000000000800537a       0x64 ./CANopenNode/301/CO_SYNC.o
 .text.CO_SYNC_receive
                0x00000000080053de       0x8a ./CANopenNode/301/CO_SYNC.o
 .text.OD_write_1005
                0x0000000008005468      0x18c ./CANopenNode/301/CO_SYNC.o
 .text.OD_write_1019
                0x00000000080055f4       0xbe ./CANopenNode/301/CO_SYNC.o
 *fill*         0x00000000080056b2        0x2 
 .text.CO_SYNC_init
                0x00000000080056b4      0x250 ./CANopenNode/301/CO_SYNC.o
                0x00000000080056b4                CO_SYNC_init
 .text.CO_SYNC_process
                0x0000000008005904      0x172 ./CANopenNode/301/CO_SYNC.o
                0x0000000008005904                CO_SYNC_process
 .text.CO_getUint16
                0x0000000008005a76       0x1c ./CANopenNode/301/CO_TIME.o
 .text.CO_getUint32
                0x0000000008005a92       0x1a ./CANopenNode/301/CO_TIME.o
 .text.OD_getIndex
                0x0000000008005aac       0x20 ./CANopenNode/301/CO_TIME.o
 .text.OD_extension_init
                0x0000000008005acc       0x26 ./CANopenNode/301/CO_TIME.o
 .text.OD_get_u32
                0x0000000008005af2       0x2a ./CANopenNode/301/CO_TIME.o
 .text.CO_TIME_receive
                0x0000000008005b1c       0x3a ./CANopenNode/301/CO_TIME.o
 *fill*         0x0000000008005b56        0x2 
 .text.OD_write_1012
                0x0000000008005b58       0xe4 ./CANopenNode/301/CO_TIME.o
 .text.CO_TIME_init
                0x0000000008005c3c      0x100 ./CANopenNode/301/CO_TIME.o
                0x0000000008005c3c                CO_TIME_init
 .text.CO_TIME_process
                0x0000000008005d3c       0xec ./CANopenNode/301/CO_TIME.o
                0x0000000008005d3c                CO_TIME_process
 .text.CO_LEDs_init
                0x0000000008005e28       0x2e ./CANopenNode/303/CO_LEDs.o
                0x0000000008005e28                CO_LEDs_init
 *fill*         0x0000000008005e56        0x2 
 .text.CO_LEDs_process
                0x0000000008005e58      0x33c ./CANopenNode/303/CO_LEDs.o
                0x0000000008005e58                CO_LEDs_process
 .text.CO_LSSslave_receive
                0x0000000008006194      0x2c0 ./CANopenNode/305/CO_LSSslave.o
 .text.CO_LSSslave_init
                0x0000000008006454       0xec ./CANopenNode/305/CO_LSSslave.o
                0x0000000008006454                CO_LSSslave_init
 .text.CO_LSSslave_process
                0x0000000008006540      0x42c ./CANopenNode/305/CO_LSSslave.o
                0x0000000008006540                CO_LSSslave_process
 .text.CO_isError
                0x000000000800696c       0x4c ./CANopenNode/CANopen.o
 .text.CO_getErrorRegister
                0x00000000080069b8       0x2a ./CANopenNode/CANopen.o
 .text.CO_NMT_getInternalState
                0x00000000080069e2       0x22 ./CANopenNode/CANopen.o
 .text.CO_LSSslave_getState
                0x0000000008006a04       0x20 ./CANopenNode/CANopen.o
 .text.CO_new   0x0000000008006a24      0x290 ./CANopenNode/CANopen.o
                0x0000000008006a24                CO_new
 .text.CO_delete
                0x0000000008006cb4       0xbe ./CANopenNode/CANopen.o
                0x0000000008006cb4                CO_delete
 .text.CO_CANinit
                0x0000000008006d72       0x58 ./CANopenNode/CANopen.o
                0x0000000008006d72                CO_CANinit
 .text.CO_LSSinit
                0x0000000008006dca       0x58 ./CANopenNode/CANopen.o
                0x0000000008006dca                CO_LSSinit
 *fill*         0x0000000008006e22        0x2 
 .text.CO_CANopenInit
                0x0000000008006e24      0x290 ./CANopenNode/CANopen.o
                0x0000000008006e24                CO_CANopenInit
 .text.CO_CANopenInitPDO
                0x00000000080070b4      0x1b0 ./CANopenNode/CANopen.o
                0x00000000080070b4                CO_CANopenInitPDO
 .text.CO_process
                0x0000000008007264      0x1ea ./CANopenNode/CANopen.o
                0x0000000008007264                CO_process
 .text.CO_process_SYNC
                0x000000000800744e       0x84 ./CANopenNode/CANopen.o
                0x000000000800744e                CO_process_SYNC
 .text.CO_process_RPDO
                0x00000000080074d2       0x72 ./CANopenNode/CANopen.o
                0x00000000080074d2                CO_process_RPDO
 .text.CO_process_TPDO
                0x0000000008007544       0x72 ./CANopenNode/CANopen.o
                0x0000000008007544                CO_process_TPDO
 .text.CO_eeprom_init
                0x00000000080075b6       0x14 ./CANopenNode/storage/CO_eeprom.o
                0x00000000080075b6                CO_eeprom_init
 *fill*         0x00000000080075ca        0x2 
 .text.CO_eeprom_getAddr
                0x00000000080075cc       0x40 ./CANopenNode/storage/CO_eeprom.o
                0x00000000080075cc                CO_eeprom_getAddr
 .text.CO_eeprom_readBlock
                0x000000000800760c      0x164 ./CANopenNode/storage/CO_eeprom.o
                0x000000000800760c                CO_eeprom_readBlock
 .text.CO_eeprom_writeBlock
                0x0000000008007770      0x1e0 ./CANopenNode/storage/CO_eeprom.o
                0x0000000008007770                CO_eeprom_writeBlock
 .text.CO_getUint32
                0x0000000008007950       0x1a ./CANopenNode/storage/CO_storage.o
 .text.OD_extension_init
                0x000000000800796a       0x26 ./CANopenNode/storage/CO_storage.o
 .text.OD_write_1010
                0x0000000008007990      0x118 ./CANopenNode/storage/CO_storage.o
 .text.OD_write_1011
                0x0000000008007aa8      0x118 ./CANopenNode/storage/CO_storage.o
 .text.CO_storage_init
                0x0000000008007bc0       0x98 ./CANopenNode/storage/CO_storage.o
                0x0000000008007bc0                CO_storage_init
 .text.storeEeprom
                0x0000000008007c58       0x92 ./CANopenNode/storage/CO_storageEeprom.o
 .text.restoreEeprom
                0x0000000008007cea       0x52 ./CANopenNode/storage/CO_storageEeprom.o
 .text.CO_storageEeprom_init
                0x0000000008007d3c      0x244 ./CANopenNode/storage/CO_storageEeprom.o
                0x0000000008007d3c                CO_storageEeprom_init
 .text.canopen_app_init
                0x0000000008007f80       0xe4 ./CANopenNode_STM32/CO_app_STM32.o
                0x0000000008007f80                canopen_app_init
 .text.canopen_app_resetCommunication
                0x0000000008008064      0x260 ./CANopenNode_STM32/CO_app_STM32.o
                0x0000000008008064                canopen_app_resetCommunication
 .text.canopen_app_process
                0x00000000080082c4       0xc4 ./CANopenNode_STM32/CO_app_STM32.o
                0x00000000080082c4                canopen_app_process
 .text.canopen_app_interrupt
                0x0000000008008388       0x84 ./CANopenNode_STM32/CO_app_STM32.o
                0x0000000008008388                canopen_app_interrupt
 .text.CO_CANsetConfigurationMode
                0x000000000800840c       0x20 ./CANopenNode_STM32/CO_driver_STM32.o
                0x000000000800840c                CO_CANsetConfigurationMode
 .text.CO_CANsetNormalMode
                0x000000000800842c       0x30 ./CANopenNode_STM32/CO_driver_STM32.o
                0x000000000800842c                CO_CANsetNormalMode
 .text.CO_CANmodule_init
                0x000000000800845c      0x190 ./CANopenNode_STM32/CO_driver_STM32.o
                0x000000000800845c                CO_CANmodule_init
 .text.CO_CANmodule_disable
                0x00000000080085ec       0x2a ./CANopenNode_STM32/CO_driver_STM32.o
                0x00000000080085ec                CO_CANmodule_disable
 *fill*         0x0000000008008616        0x2 
 .text.CO_CANrxBufferInit
                0x0000000008008618       0xb8 ./CANopenNode_STM32/CO_driver_STM32.o
                0x0000000008008618                CO_CANrxBufferInit
 .text.CO_CANtxBufferInit
                0x00000000080086d0       0x72 ./CANopenNode_STM32/CO_driver_STM32.o
                0x00000000080086d0                CO_CANtxBufferInit
 *fill*         0x0000000008008742        0x2 
 .text.prv_send_can_message
                0x0000000008008744       0x80 ./CANopenNode_STM32/CO_driver_STM32.o
 .text.CO_CANsend
                0x00000000080087c4       0x86 ./CANopenNode_STM32/CO_driver_STM32.o
                0x00000000080087c4                CO_CANsend
 .text.CO_CANclearPendingSyncPDOs
                0x000000000800884a       0xca ./CANopenNode_STM32/CO_driver_STM32.o
                0x000000000800884a                CO_CANclearPendingSyncPDOs
 .text.CO_CANmodule_process
                0x0000000008008914       0x8e ./CANopenNode_STM32/CO_driver_STM32.o
                0x0000000008008914                CO_CANmodule_process
 *fill*         0x00000000080089a2        0x2 
 .text.prv_read_can_received_msg
                0x00000000080089a4       0xd8 ./CANopenNode_STM32/CO_driver_STM32.o
 .text.HAL_CAN_RxFifo0MsgPendingCallback
                0x0000000008008a7c       0x1a ./CANopenNode_STM32/CO_driver_STM32.o
                0x0000000008008a7c                HAL_CAN_RxFifo0MsgPendingCallback
 .text.HAL_CAN_RxFifo1MsgPendingCallback
                0x0000000008008a96       0x1a ./CANopenNode_STM32/CO_driver_STM32.o
                0x0000000008008a96                HAL_CAN_RxFifo1MsgPendingCallback
 .text.CO_CANinterrupt_TX
                0x0000000008008ab0       0xa4 ./CANopenNode_STM32/CO_driver_STM32.o
                0x0000000008008ab0                CO_CANinterrupt_TX
 .text.HAL_CAN_TxMailbox0CompleteCallback
                0x0000000008008b54       0x20 ./CANopenNode_STM32/CO_driver_STM32.o
                0x0000000008008b54                HAL_CAN_TxMailbox0CompleteCallback
 .text.HAL_CAN_TxMailbox1CompleteCallback
                0x0000000008008b74       0x20 ./CANopenNode_STM32/CO_driver_STM32.o
                0x0000000008008b74                HAL_CAN_TxMailbox1CompleteCallback
 .text.HAL_CAN_TxMailbox2CompleteCallback
                0x0000000008008b94       0x20 ./CANopenNode_STM32/CO_driver_STM32.o
                0x0000000008008b94                HAL_CAN_TxMailbox2CompleteCallback
 *fill*         0x0000000008008bb4        0x4 
 .text.HAL_ADCEx_InjectedConvCpltCallback
                0x0000000008008bb8      0x188 ./Core/Src/adc.o
                0x0000000008008bb8                HAL_ADCEx_InjectedConvCpltCallback
 .text.MX_ADC1_Init
                0x0000000008008d40       0xd4 ./Core/Src/adc.o
                0x0000000008008d40                MX_ADC1_Init
 .text.HAL_ADC_MspInit
                0x0000000008008e14       0x88 ./Core/Src/adc.o
                0x0000000008008e14                HAL_ADC_MspInit
 .text.HAL_GPIO_EXTI_Callback
                0x0000000008008e9c       0xdc ./Core/Src/buttons.o
                0x0000000008008e9c                HAL_GPIO_EXTI_Callback
 .text.MX_CAN_Init
                0x0000000008008f78       0x6c ./Core/Src/can.o
                0x0000000008008f78                MX_CAN_Init
 .text.HAL_CAN_MspInit
                0x0000000008008fe4       0xb8 ./Core/Src/can.o
                0x0000000008008fe4                HAL_CAN_MspInit
 .text.ledOff   0x000000000800909c       0x40 ./Core/Src/debug.o
                0x000000000800909c                ledOff
 .text.ledOn    0x00000000080090dc       0x40 ./Core/Src/debug.o
                0x00000000080090dc                ledOn
 .text.MX_GPIO_Init
                0x000000000800911c      0x160 ./Core/Src/gpio.o
                0x000000000800911c                MX_GPIO_Init
 .text.MX_I2C1_Init
                0x000000000800927c       0x5c ./Core/Src/i2c.o
                0x000000000800927c                MX_I2C1_Init
 .text.HAL_I2C_MspInit
                0x00000000080092d8       0x7c ./Core/Src/i2c.o
                0x00000000080092d8                HAL_I2C_MspInit
 .text.HAL_TIM_PeriodElapsedCallback
                0x0000000008009354       0x24 ./Core/Src/main.o
                0x0000000008009354                HAL_TIM_PeriodElapsedCallback
 .text.main     0x0000000008009378       0x58 ./Core/Src/main.o
                0x0000000008009378                main
 .text.SystemClock_Config
                0x00000000080093d0       0xb6 ./Core/Src/main.o
                0x00000000080093d0                SystemClock_Config
 .text.Error_Handler
                0x0000000008009486        0xc ./Core/Src/main.o
                0x0000000008009486                Error_Handler
 *fill*         0x0000000008009492        0x2 
 .text.mainCPP  0x0000000008009494      0x210 ./Core/Src/main_cpp.o
                0x0000000008009494                mainCPP
 .text.HAL_MspInit
                0x00000000080096a4       0x64 ./Core/Src/stm32f1xx_hal_msp.o
                0x00000000080096a4                HAL_MspInit
 .text.NMI_Handler
                0x0000000008009708        0xc ./Core/Src/stm32f1xx_it.o
                0x0000000008009708                NMI_Handler
 .text.HardFault_Handler
                0x0000000008009714        0x6 ./Core/Src/stm32f1xx_it.o
                0x0000000008009714                HardFault_Handler
 .text.MemManage_Handler
                0x000000000800971a        0x6 ./Core/Src/stm32f1xx_it.o
                0x000000000800971a                MemManage_Handler
 .text.BusFault_Handler
                0x0000000008009720        0x6 ./Core/Src/stm32f1xx_it.o
                0x0000000008009720                BusFault_Handler
 .text.UsageFault_Handler
                0x0000000008009726        0x6 ./Core/Src/stm32f1xx_it.o
                0x0000000008009726                UsageFault_Handler
 .text.SVC_Handler
                0x000000000800972c        0xc ./Core/Src/stm32f1xx_it.o
                0x000000000800972c                SVC_Handler
 .text.DebugMon_Handler
                0x0000000008009738        0xc ./Core/Src/stm32f1xx_it.o
                0x0000000008009738                DebugMon_Handler
 .text.PendSV_Handler
                0x0000000008009744        0xc ./Core/Src/stm32f1xx_it.o
                0x0000000008009744                PendSV_Handler
 .text.SysTick_Handler
                0x0000000008009750        0xc ./Core/Src/stm32f1xx_it.o
                0x0000000008009750                SysTick_Handler
 .text.EXTI0_IRQHandler
                0x000000000800975c        0xe ./Core/Src/stm32f1xx_it.o
                0x000000000800975c                EXTI0_IRQHandler
 .text.EXTI1_IRQHandler
                0x000000000800976a        0xe ./Core/Src/stm32f1xx_it.o
                0x000000000800976a                EXTI1_IRQHandler
 .text.ADC1_2_IRQHandler
                0x0000000008009778       0x14 ./Core/Src/stm32f1xx_it.o
                0x0000000008009778                ADC1_2_IRQHandler
 .text.USB_HP_CAN1_TX_IRQHandler
                0x000000000800978c       0x14 ./Core/Src/stm32f1xx_it.o
                0x000000000800978c                USB_HP_CAN1_TX_IRQHandler
 .text.USB_LP_CAN1_RX0_IRQHandler
                0x00000000080097a0       0x14 ./Core/Src/stm32f1xx_it.o
                0x00000000080097a0                USB_LP_CAN1_RX0_IRQHandler
 .text.TIM3_IRQHandler
                0x00000000080097b4       0x14 ./Core/Src/stm32f1xx_it.o
                0x00000000080097b4                TIM3_IRQHandler
 .text._read    0x00000000080097c8       0x3a ./Core/Src/syscalls.o
                0x00000000080097c8                _read
 .text._write   0x0000000008009802       0x38 ./Core/Src/syscalls.o
                0x0000000008009802                _write
 .text._close   0x000000000800983a       0x16 ./Core/Src/syscalls.o
                0x000000000800983a                _close
 .text._fstat   0x0000000008009850       0x1e ./Core/Src/syscalls.o
                0x0000000008009850                _fstat
 .text._isatty  0x000000000800986e       0x14 ./Core/Src/syscalls.o
                0x000000000800986e                _isatty
 .text._lseek   0x0000000008009882       0x18 ./Core/Src/syscalls.o
                0x0000000008009882                _lseek
 *fill*         0x000000000800989a        0x2 
 .text._sbrk    0x000000000800989c       0x6c ./Core/Src/sysmem.o
                0x000000000800989c                _sbrk
 .text.SystemInit
                0x0000000008009908        0xc ./Core/Src/system_stm32f1xx.o
                0x0000000008009908                SystemInit
 .text.MX_TIM3_Init
                0x0000000008009914       0x9c ./Core/Src/tim.o
                0x0000000008009914                MX_TIM3_Init
 .text.HAL_TIM_Base_MspInit
                0x00000000080099b0       0x4c ./Core/Src/tim.o
                0x00000000080099b0                HAL_TIM_Base_MspInit
 .text.MX_USART1_UART_Init
                0x00000000080099fc       0x54 ./Core/Src/usart.o
                0x00000000080099fc                MX_USART1_UART_Init
 .text.MX_USART3_UART_Init
                0x0000000008009a50       0x54 ./Core/Src/usart.o
                0x0000000008009a50                MX_USART3_UART_Init
 .text.HAL_UART_MspInit
                0x0000000008009aa4       0xf8 ./Core/Src/usart.o
                0x0000000008009aa4                HAL_UART_MspInit
 .text.Reset_Handler
                0x0000000008009b9c       0x48 ./Core/Startup/startup_stm32f103c8tx.o
                0x0000000008009b9c                Reset_Handler
 .text.Default_Handler
                0x0000000008009be4        0x2 ./Core/Startup/startup_stm32f103c8tx.o
                0x0000000008009be4                RTC_Alarm_IRQHandler
                0x0000000008009be4                EXTI2_IRQHandler
                0x0000000008009be4                TIM1_CC_IRQHandler
                0x0000000008009be4                PVD_IRQHandler
                0x0000000008009be4                EXTI3_IRQHandler
                0x0000000008009be4                I2C2_EV_IRQHandler
                0x0000000008009be4                SPI1_IRQHandler
                0x0000000008009be4                TAMPER_IRQHandler
                0x0000000008009be4                DMA1_Channel4_IRQHandler
                0x0000000008009be4                USART3_IRQHandler
                0x0000000008009be4                RTC_IRQHandler
                0x0000000008009be4                DMA1_Channel7_IRQHandler
                0x0000000008009be4                CAN1_RX1_IRQHandler
                0x0000000008009be4                TIM4_IRQHandler
                0x0000000008009be4                I2C1_EV_IRQHandler
                0x0000000008009be4                DMA1_Channel6_IRQHandler
                0x0000000008009be4                RCC_IRQHandler
                0x0000000008009be4                TIM1_TRG_COM_IRQHandler
                0x0000000008009be4                DMA1_Channel1_IRQHandler
                0x0000000008009be4                Default_Handler
                0x0000000008009be4                EXTI15_10_IRQHandler
                0x0000000008009be4                EXTI9_5_IRQHandler
                0x0000000008009be4                SPI2_IRQHandler
                0x0000000008009be4                DMA1_Channel5_IRQHandler
                0x0000000008009be4                EXTI4_IRQHandler
                0x0000000008009be4                DMA1_Channel3_IRQHandler
                0x0000000008009be4                TIM1_UP_IRQHandler
                0x0000000008009be4                WWDG_IRQHandler
                0x0000000008009be4                TIM2_IRQHandler
                0x0000000008009be4                TIM1_BRK_IRQHandler
                0x0000000008009be4                USART2_IRQHandler
                0x0000000008009be4                I2C2_ER_IRQHandler
                0x0000000008009be4                DMA1_Channel2_IRQHandler
                0x0000000008009be4                CAN1_SCE_IRQHandler
                0x0000000008009be4                FLASH_IRQHandler
                0x0000000008009be4                USART1_IRQHandler
                0x0000000008009be4                I2C1_ER_IRQHandler
                0x0000000008009be4                USBWakeUp_IRQHandler
 .text.CalculateChecksum
                0x0000000008009be6       0x6e ./DS18B20/ds18b20.o
 .text.DS18B20_Init
                0x0000000008009c54       0x26 ./DS18B20/ds18b20.o
                0x0000000008009c54                DS18B20_Init
 .text.DS18B20_InitializationCommand
                0x0000000008009c7a       0x42 ./DS18B20/ds18b20.o
                0x0000000008009c7a                DS18B20_InitializationCommand
 .text.ExecuteCommand
                0x0000000008009cbc       0xaa ./DS18B20/ds18b20.o
 *fill*         0x0000000008009d66        0x2 
 .text.DS18B20_ReadRom
                0x0000000008009d68       0x5c ./DS18B20/ds18b20.o
                0x0000000008009d68                DS18B20_ReadRom
 .text.DS18B20_ReadScratchpad
                0x0000000008009dc4       0xf4 ./DS18B20/ds18b20.o
                0x0000000008009dc4                DS18B20_ReadScratchpad
 .text.DS18B20_WriteScratchpad
                0x0000000008009eb8       0x4c ./DS18B20/ds18b20.o
                0x0000000008009eb8                DS18B20_WriteScratchpad
 .text.DS18B20_SkipRom
                0x0000000008009f04       0x34 ./DS18B20/ds18b20.o
                0x0000000008009f04                DS18B20_SkipRom
 .text.WaitForConversionFinished
                0x0000000008009f38       0x3a ./DS18B20/ds18b20.o
 *fill*         0x0000000008009f72        0x2 
 .text.DS18B20_ConvertT
                0x0000000008009f74       0x88 ./DS18B20/ds18b20.o
                0x0000000008009f74                DS18B20_ConvertT
 .text.HAL_Init
                0x0000000008009ffc       0x2c ./Drivers/STM32F1xx_HAL_Driver/Src/stm32f1xx_hal.o
                0x0000000008009ffc                HAL_Init
 .text.HAL_InitTick
                0x000000000800a028       0x60 ./Drivers/STM32F1xx_HAL_Driver/Src/stm32f1xx_hal.o
                0x000000000800a028                HAL_InitTick
 .text.HAL_IncTick
                0x000000000800a088       0x24 ./Drivers/STM32F1xx_HAL_Driver/Src/stm32f1xx_hal.o
                0x000000000800a088                HAL_IncTick
 .text.HAL_GetTick
                0x000000000800a0ac       0x14 ./Drivers/STM32F1xx_HAL_Driver/Src/stm32f1xx_hal.o
                0x000000000800a0ac                HAL_GetTick
 .text.HAL_Delay
                0x000000000800a0c0       0x48 ./Drivers/STM32F1xx_HAL_Driver/Src/stm32f1xx_hal.o
                0x000000000800a0c0                HAL_Delay
 .text.HAL_ADC_Init
                0x000000000800a108      0x1b0 ./Drivers/STM32F1xx_HAL_Driver/Src/stm32f1xx_hal_adc.o
                0x000000000800a108                HAL_ADC_Init
 .text.HAL_ADC_IRQHandler
                0x000000000800a2b8      0x17e ./Drivers/STM32F1xx_HAL_Driver/Src/stm32f1xx_hal_adc.o
                0x000000000800a2b8                HAL_ADC_IRQHandler
 .text.HAL_ADC_ConvCpltCallback
                0x000000000800a436       0x12 ./Drivers/STM32F1xx_HAL_Driver/Src/stm32f1xx_hal_adc.o
                0x000000000800a436                HAL_ADC_ConvCpltCallback
 .text.HAL_ADC_LevelOutOfWindowCallback
                0x000000000800a448       0x12 ./Drivers/STM32F1xx_HAL_Driver/Src/stm32f1xx_hal_adc.o
                0x000000000800a448                HAL_ADC_LevelOutOfWindowCallback
 *fill*         0x000000000800a45a        0x2 
 .text.ADC_Enable
                0x000000000800a45c       0xb4 ./Drivers/STM32F1xx_HAL_Driver/Src/stm32f1xx_hal_adc.o
                0x000000000800a45c                ADC_Enable
 .text.ADC_ConversionStop_Disable
                0x000000000800a510       0x82 ./Drivers/STM32F1xx_HAL_Driver/Src/stm32f1xx_hal_adc.o
                0x000000000800a510                ADC_ConversionStop_Disable
 *fill*         0x000000000800a592        0x2 
 .text.HAL_ADCEx_InjectedStart_IT
                0x000000000800a594      0x11c ./Drivers/STM32F1xx_HAL_Driver/Src/stm32f1xx_hal_adc_ex.o
                0x000000000800a594                HAL_ADCEx_InjectedStart_IT
 .text.HAL_ADCEx_InjectedGetValue
                0x000000000800a6b0       0x5c ./Drivers/STM32F1xx_HAL_Driver/Src/stm32f1xx_hal_adc_ex.o
                0x000000000800a6b0                HAL_ADCEx_InjectedGetValue
 .text.HAL_ADCEx_InjectedConfigChannel
                0x000000000800a70c      0x334 ./Drivers/STM32F1xx_HAL_Driver/Src/stm32f1xx_hal_adc_ex.o
                0x000000000800a70c                HAL_ADCEx_InjectedConfigChannel
 .text.HAL_CAN_Init
                0x000000000800aa40      0x1f6 ./Drivers/STM32F1xx_HAL_Driver/Src/stm32f1xx_hal_can.o
                0x000000000800aa40                HAL_CAN_Init
 .text.HAL_CAN_ConfigFilter
                0x000000000800ac36      0x192 ./Drivers/STM32F1xx_HAL_Driver/Src/stm32f1xx_hal_can.o
                0x000000000800ac36                HAL_CAN_ConfigFilter
 .text.HAL_CAN_Start
                0x000000000800adc8       0x88 ./Drivers/STM32F1xx_HAL_Driver/Src/stm32f1xx_hal_can.o
                0x000000000800adc8                HAL_CAN_Start
 .text.HAL_CAN_Stop
                0x000000000800ae50       0x92 ./Drivers/STM32F1xx_HAL_Driver/Src/stm32f1xx_hal_can.o
                0x000000000800ae50                HAL_CAN_Stop
 .text.HAL_CAN_AddTxMessage
                0x000000000800aee2      0x19e ./Drivers/STM32F1xx_HAL_Driver/Src/stm32f1xx_hal_can.o
                0x000000000800aee2                HAL_CAN_AddTxMessage
 .text.HAL_CAN_GetTxMailboxesFreeLevel
                0x000000000800b080       0x68 ./Drivers/STM32F1xx_HAL_Driver/Src/stm32f1xx_hal_can.o
                0x000000000800b080                HAL_CAN_GetTxMailboxesFreeLevel
 .text.HAL_CAN_GetRxMessage
                0x000000000800b0e8      0x242 ./Drivers/STM32F1xx_HAL_Driver/Src/stm32f1xx_hal_can.o
                0x000000000800b0e8                HAL_CAN_GetRxMessage
 .text.HAL_CAN_ActivateNotification
                0x000000000800b32a       0x4a ./Drivers/STM32F1xx_HAL_Driver/Src/stm32f1xx_hal_can.o
                0x000000000800b32a                HAL_CAN_ActivateNotification
 .text.HAL_CAN_IRQHandler
                0x000000000800b374      0x36e ./Drivers/STM32F1xx_HAL_Driver/Src/stm32f1xx_hal_can.o
                0x000000000800b374                HAL_CAN_IRQHandler
 .text.HAL_CAN_TxMailbox0AbortCallback
                0x000000000800b6e2       0x12 ./Drivers/STM32F1xx_HAL_Driver/Src/stm32f1xx_hal_can.o
                0x000000000800b6e2                HAL_CAN_TxMailbox0AbortCallback
 .text.HAL_CAN_TxMailbox1AbortCallback
                0x000000000800b6f4       0x12 ./Drivers/STM32F1xx_HAL_Driver/Src/stm32f1xx_hal_can.o
                0x000000000800b6f4                HAL_CAN_TxMailbox1AbortCallback
 .text.HAL_CAN_TxMailbox2AbortCallback
                0x000000000800b706       0x12 ./Drivers/STM32F1xx_HAL_Driver/Src/stm32f1xx_hal_can.o
                0x000000000800b706                HAL_CAN_TxMailbox2AbortCallback
 .text.HAL_CAN_RxFifo0FullCallback
                0x000000000800b718       0x12 ./Drivers/STM32F1xx_HAL_Driver/Src/stm32f1xx_hal_can.o
                0x000000000800b718                HAL_CAN_RxFifo0FullCallback
 .text.HAL_CAN_RxFifo1FullCallback
                0x000000000800b72a       0x12 ./Drivers/STM32F1xx_HAL_Driver/Src/stm32f1xx_hal_can.o
                0x000000000800b72a                HAL_CAN_RxFifo1FullCallback
 .text.HAL_CAN_SleepCallback
                0x000000000800b73c       0x12 ./Drivers/STM32F1xx_HAL_Driver/Src/stm32f1xx_hal_can.o
                0x000000000800b73c                HAL_CAN_SleepCallback
 .text.HAL_CAN_WakeUpFromRxMsgCallback
                0x000000000800b74e       0x12 ./Drivers/STM32F1xx_HAL_Driver/Src/stm32f1xx_hal_can.o
                0x000000000800b74e                HAL_CAN_WakeUpFromRxMsgCallback
 .text.HAL_CAN_ErrorCallback
                0x000000000800b760       0x12 ./Drivers/STM32F1xx_HAL_Driver/Src/stm32f1xx_hal_can.o
                0x000000000800b760                HAL_CAN_ErrorCallback
 *fill*         0x000000000800b772        0x2 
 .text.__NVIC_SetPriorityGrouping
                0x000000000800b774       0x48 ./Drivers/STM32F1xx_HAL_Driver/Src/stm32f1xx_hal_cortex.o
 .text.__NVIC_GetPriorityGrouping
                0x000000000800b7bc       0x1c ./Drivers/STM32F1xx_HAL_Driver/Src/stm32f1xx_hal_cortex.o
 .text.__NVIC_EnableIRQ
                0x000000000800b7d8       0x38 ./Drivers/STM32F1xx_HAL_Driver/Src/stm32f1xx_hal_cortex.o
 .text.__NVIC_SetPriority
                0x000000000800b810       0x54 ./Drivers/STM32F1xx_HAL_Driver/Src/stm32f1xx_hal_cortex.o
 .text.NVIC_EncodePriority
                0x000000000800b864       0x64 ./Drivers/STM32F1xx_HAL_Driver/Src/stm32f1xx_hal_cortex.o
 .text.__NVIC_SystemReset
                0x000000000800b8c8       0x2c ./Drivers/STM32F1xx_HAL_Driver/Src/stm32f1xx_hal_cortex.o
 .text.SysTick_Config
                0x000000000800b8f4       0x44 ./Drivers/STM32F1xx_HAL_Driver/Src/stm32f1xx_hal_cortex.o
 .text.HAL_NVIC_SetPriorityGrouping
                0x000000000800b938       0x16 ./Drivers/STM32F1xx_HAL_Driver/Src/stm32f1xx_hal_cortex.o
                0x000000000800b938                HAL_NVIC_SetPriorityGrouping
 .text.HAL_NVIC_SetPriority
                0x000000000800b94e       0x38 ./Drivers/STM32F1xx_HAL_Driver/Src/stm32f1xx_hal_cortex.o
                0x000000000800b94e                HAL_NVIC_SetPriority
 .text.HAL_NVIC_EnableIRQ
                0x000000000800b986       0x1c ./Drivers/STM32F1xx_HAL_Driver/Src/stm32f1xx_hal_cortex.o
                0x000000000800b986                HAL_NVIC_EnableIRQ
 .text.HAL_NVIC_SystemReset
                0x000000000800b9a2        0x8 ./Drivers/STM32F1xx_HAL_Driver/Src/stm32f1xx_hal_cortex.o
                0x000000000800b9a2                HAL_NVIC_SystemReset
 .text.HAL_SYSTICK_Config
                0x000000000800b9aa       0x18 ./Drivers/STM32F1xx_HAL_Driver/Src/stm32f1xx_hal_cortex.o
                0x000000000800b9aa                HAL_SYSTICK_Config
 *fill*         0x000000000800b9c2        0x2 
 .text.HAL_GPIO_Init
                0x000000000800b9c4      0x308 ./Drivers/STM32F1xx_HAL_Driver/Src/stm32f1xx_hal_gpio.o
                0x000000000800b9c4                HAL_GPIO_Init
 .text.HAL_GPIO_WritePin
                0x000000000800bccc       0x30 ./Drivers/STM32F1xx_HAL_Driver/Src/stm32f1xx_hal_gpio.o
                0x000000000800bccc                HAL_GPIO_WritePin
 .text.HAL_GPIO_EXTI_IRQHandler
                0x000000000800bcfc       0x30 ./Drivers/STM32F1xx_HAL_Driver/Src/stm32f1xx_hal_gpio.o
                0x000000000800bcfc                HAL_GPIO_EXTI_IRQHandler
 .text.HAL_I2C_Init
                0x000000000800bd2c      0x288 ./Drivers/STM32F1xx_HAL_Driver/Src/stm32f1xx_hal_i2c.o
                0x000000000800bd2c                HAL_I2C_Init
 .text.HAL_I2C_Mem_Write
                0x000000000800bfb4      0x1f4 ./Drivers/STM32F1xx_HAL_Driver/Src/stm32f1xx_hal_i2c.o
                0x000000000800bfb4                HAL_I2C_Mem_Write
 .text.HAL_I2C_Mem_Read
                0x000000000800c1a8      0x4d0 ./Drivers/STM32F1xx_HAL_Driver/Src/stm32f1xx_hal_i2c.o
                0x000000000800c1a8                HAL_I2C_Mem_Read
 .text.HAL_I2C_IsDeviceReady
                0x000000000800c678      0x25c ./Drivers/STM32F1xx_HAL_Driver/Src/stm32f1xx_hal_i2c.o
                0x000000000800c678                HAL_I2C_IsDeviceReady
 .text.I2C_RequestMemoryWrite
                0x000000000800c8d4      0x12c ./Drivers/STM32F1xx_HAL_Driver/Src/stm32f1xx_hal_i2c.o
 .text.I2C_RequestMemoryRead
                0x000000000800ca00      0x1d0 ./Drivers/STM32F1xx_HAL_Driver/Src/stm32f1xx_hal_i2c.o
 .text.I2C_WaitOnFlagUntilTimeout
                0x000000000800cbd0       0xf4 ./Drivers/STM32F1xx_HAL_Driver/Src/stm32f1xx_hal_i2c.o
 .text.I2C_WaitOnMasterAddressFlagUntilTimeout
                0x000000000800ccc4      0x140 ./Drivers/STM32F1xx_HAL_Driver/Src/stm32f1xx_hal_i2c.o
 .text.I2C_WaitOnTXEFlagUntilTimeout
                0x000000000800ce04       0x90 ./Drivers/STM32F1xx_HAL_Driver/Src/stm32f1xx_hal_i2c.o
 .text.I2C_WaitOnBTFFlagUntilTimeout
                0x000000000800ce94       0x90 ./Drivers/STM32F1xx_HAL_Driver/Src/stm32f1xx_hal_i2c.o
 .text.I2C_WaitOnRXNEFlagUntilTimeout
                0x000000000800cf24       0xba ./Drivers/STM32F1xx_HAL_Driver/Src/stm32f1xx_hal_i2c.o
 .text.I2C_IsAcknowledgeFailed
                0x000000000800cfde       0x5c ./Drivers/STM32F1xx_HAL_Driver/Src/stm32f1xx_hal_i2c.o
 *fill*         0x000000000800d03a        0x2 
 .text.HAL_RCC_OscConfig
                0x000000000800d03c      0x504 ./Drivers/STM32F1xx_HAL_Driver/Src/stm32f1xx_hal_rcc.o
                0x000000000800d03c                HAL_RCC_OscConfig
 .text.HAL_RCC_ClockConfig
                0x000000000800d540      0x1d4 ./Drivers/STM32F1xx_HAL_Driver/Src/stm32f1xx_hal_rcc.o
                0x000000000800d540                HAL_RCC_ClockConfig
 .text.HAL_RCC_GetSysClockFreq
                0x000000000800d714       0xa8 ./Drivers/STM32F1xx_HAL_Driver/Src/stm32f1xx_hal_rcc.o
                0x000000000800d714                HAL_RCC_GetSysClockFreq
 .text.HAL_RCC_GetHCLKFreq
                0x000000000800d7bc       0x14 ./Drivers/STM32F1xx_HAL_Driver/Src/stm32f1xx_hal_rcc.o
                0x000000000800d7bc                HAL_RCC_GetHCLKFreq
 .text.HAL_RCC_GetPCLK1Freq
                0x000000000800d7d0       0x28 ./Drivers/STM32F1xx_HAL_Driver/Src/stm32f1xx_hal_rcc.o
                0x000000000800d7d0                HAL_RCC_GetPCLK1Freq
 .text.HAL_RCC_GetPCLK2Freq
                0x000000000800d7f8       0x28 ./Drivers/STM32F1xx_HAL_Driver/Src/stm32f1xx_hal_rcc.o
                0x000000000800d7f8                HAL_RCC_GetPCLK2Freq
 .text.RCC_Delay
                0x000000000800d820       0x3c ./Drivers/STM32F1xx_HAL_Driver/Src/stm32f1xx_hal_rcc.o
 .text.HAL_RCCEx_PeriphCLKConfig
                0x000000000800d85c      0x16c ./Drivers/STM32F1xx_HAL_Driver/Src/stm32f1xx_hal_rcc_ex.o
                0x000000000800d85c                HAL_RCCEx_PeriphCLKConfig
 .text.HAL_TIM_Base_Init
                0x000000000800d9c8       0x9e ./Drivers/STM32F1xx_HAL_Driver/Src/stm32f1xx_hal_tim.o
                0x000000000800d9c8                HAL_TIM_Base_Init
 *fill*         0x000000000800da66        0x2 
 .text.HAL_TIM_Base_Start_IT
                0x000000000800da68       0xa4 ./Drivers/STM32F1xx_HAL_Driver/Src/stm32f1xx_hal_tim.o
                0x000000000800da68                HAL_TIM_Base_Start_IT
 .text.HAL_TIM_IRQHandler
                0x000000000800db0c      0x210 ./Drivers/STM32F1xx_HAL_Driver/Src/stm32f1xx_hal_tim.o
                0x000000000800db0c                HAL_TIM_IRQHandler
 .text.HAL_TIM_ConfigClockSource
                0x000000000800dd1c      0x18e ./Drivers/STM32F1xx_HAL_Driver/Src/stm32f1xx_hal_tim.o
                0x000000000800dd1c                HAL_TIM_ConfigClockSource
 .text.HAL_TIM_OC_DelayElapsedCallback
                0x000000000800deaa       0x12 ./Drivers/STM32F1xx_HAL_Driver/Src/stm32f1xx_hal_tim.o
                0x000000000800deaa                HAL_TIM_OC_DelayElapsedCallback
 .text.HAL_TIM_IC_CaptureCallback
                0x000000000800debc       0x12 ./Drivers/STM32F1xx_HAL_Driver/Src/stm32f1xx_hal_tim.o
                0x000000000800debc                HAL_TIM_IC_CaptureCallback
 .text.HAL_TIM_PWM_PulseFinishedCallback
                0x000000000800dece       0x12 ./Drivers/STM32F1xx_HAL_Driver/Src/stm32f1xx_hal_tim.o
                0x000000000800dece                HAL_TIM_PWM_PulseFinishedCallback
 .text.HAL_TIM_TriggerCallback
                0x000000000800dee0       0x12 ./Drivers/STM32F1xx_HAL_Driver/Src/stm32f1xx_hal_tim.o
                0x000000000800dee0                HAL_TIM_TriggerCallback
 *fill*         0x000000000800def2        0x2 
 .text.TIM_Base_SetConfig
                0x000000000800def4       0xc4 ./Drivers/STM32F1xx_HAL_Driver/Src/stm32f1xx_hal_tim.o
                0x000000000800def4                TIM_Base_SetConfig
 .text.TIM_TI1_ConfigInputStage
                0x000000000800dfb8       0x5c ./Drivers/STM32F1xx_HAL_Driver/Src/stm32f1xx_hal_tim.o
 .text.TIM_TI2_ConfigInputStage
                0x000000000800e014       0x5e ./Drivers/STM32F1xx_HAL_Driver/Src/stm32f1xx_hal_tim.o
 .text.TIM_ITRx_SetConfig
                0x000000000800e072       0x34 ./Drivers/STM32F1xx_HAL_Driver/Src/stm32f1xx_hal_tim.o
 .text.TIM_ETR_SetConfig
                0x000000000800e0a6       0x3e ./Drivers/STM32F1xx_HAL_Driver/Src/stm32f1xx_hal_tim.o
                0x000000000800e0a6                TIM_ETR_SetConfig
 .text.HAL_TIMEx_MasterConfigSynchronization
                0x000000000800e0e4       0xbc ./Drivers/STM32F1xx_HAL_Driver/Src/stm32f1xx_hal_tim_ex.o
                0x000000000800e0e4                HAL_TIMEx_MasterConfigSynchronization
 .text.HAL_TIMEx_CommutCallback
                0x000000000800e1a0       0x12 ./Drivers/STM32F1xx_HAL_Driver/Src/stm32f1xx_hal_tim_ex.o
                0x000000000800e1a0                HAL_TIMEx_CommutCallback
 .text.HAL_TIMEx_BreakCallback
                0x000000000800e1b2       0x12 ./Drivers/STM32F1xx_HAL_Driver/Src/stm32f1xx_hal_tim_ex.o
                0x000000000800e1b2                HAL_TIMEx_BreakCallback
 .text.HAL_UART_Init
                0x000000000800e1c4       0xa0 ./Drivers/STM32F1xx_HAL_Driver/Src/stm32f1xx_hal_uart.o
                0x000000000800e1c4                HAL_UART_Init
 .text.HAL_HalfDuplex_Init
                0x000000000800e264       0xb0 ./Drivers/STM32F1xx_HAL_Driver/Src/stm32f1xx_hal_uart.o
                0x000000000800e264                HAL_HalfDuplex_Init
 .text.HAL_UART_Transmit
                0x000000000800e314      0x106 ./Drivers/STM32F1xx_HAL_Driver/Src/stm32f1xx_hal_uart.o
                0x000000000800e314                HAL_UART_Transmit
 .text.HAL_UART_Receive
                0x000000000800e41a      0x124 ./Drivers/STM32F1xx_HAL_Driver/Src/stm32f1xx_hal_uart.o
                0x000000000800e41a                HAL_UART_Receive
 .text.UART_WaitOnFlagUntilTimeout
                0x000000000800e53e       0xdc ./Drivers/STM32F1xx_HAL_Driver/Src/stm32f1xx_hal_uart.o
 *fill*         0x000000000800e61a        0x2 
 .text.UART_SetConfig
                0x000000000800e61c      0x11c ./Drivers/STM32F1xx_HAL_Driver/Src/stm32f1xx_hal_uart.o
 .text.SetBaudrate
                0x000000000800e738       0xbc ./OneWire/onewire.o
 .text.OneWire_Reset
                0x000000000800e7f4       0x5a ./OneWire/onewire.o
                0x000000000800e7f4                OneWire_Reset
 .text.OneWire_ProcessByte
                0x000000000800e84e       0x6c ./OneWire/onewire.o
                0x000000000800e84e                OneWire_ProcessByte
 .text.OneWire_ProcessBit
                0x000000000800e8ba       0x44 ./OneWire/onewire.o
                0x000000000800e8ba                OneWire_ProcessBit
 *fill*         0x000000000800e8fe        0x2 
 .text.calloc   0x000000000800e900       0x10 c:/st/stm32cubeide_1.9.0/stm32cubeide/plugins/com.st.stm32cube.ide.mcu.externaltools.gnu-tools-for-stm32.10.3-2021.10.win32_1.0.0.202111181127/tools/bin/../lib/gcc/arm-none-eabi/10.3.1/../../../../arm-none-eabi/lib/thumb/v7-m/nofp\libc_nano.a(lib_a-calloc.o)
                0x000000000800e900                calloc
 .text.__errno  0x000000000800e910        0xc c:/st/stm32cubeide_1.9.0/stm32cubeide/plugins/com.st.stm32cube.ide.mcu.externaltools.gnu-tools-for-stm32.10.3-2021.10.win32_1.0.0.202111181127/tools/bin/../lib/gcc/arm-none-eabi/10.3.1/../../../../arm-none-eabi/lib/thumb/v7-m/nofp\libc_nano.a(lib_a-errno.o)
                0x000000000800e910                __errno
 .text.__sflush_r
                0x000000000800e91c      0x104 c:/st/stm32cubeide_1.9.0/stm32cubeide/plugins/com.st.stm32cube.ide.mcu.externaltools.gnu-tools-for-stm32.10.3-2021.10.win32_1.0.0.202111181127/tools/bin/../lib/gcc/arm-none-eabi/10.3.1/../../../../arm-none-eabi/lib/thumb/v7-m/nofp\libc_nano.a(lib_a-fflush.o)
                0x000000000800e91c                __sflush_r
 .text._fflush_r
                0x000000000800ea20       0x78 c:/st/stm32cubeide_1.9.0/stm32cubeide/plugins/com.st.stm32cube.ide.mcu.externaltools.gnu-tools-for-stm32.10.3-2021.10.win32_1.0.0.202111181127/tools/bin/../lib/gcc/arm-none-eabi/10.3.1/../../../../arm-none-eabi/lib/thumb/v7-m/nofp\libc_nano.a(lib_a-fflush.o)
                0x000000000800ea20                _fflush_r
 .text.fflush   0x000000000800ea98       0x24 c:/st/stm32cubeide_1.9.0/stm32cubeide/plugins/com.st.stm32cube.ide.mcu.externaltools.gnu-tools-for-stm32.10.3-2021.10.win32_1.0.0.202111181127/tools/bin/../lib/gcc/arm-none-eabi/10.3.1/../../../../arm-none-eabi/lib/thumb/v7-m/nofp\libc_nano.a(lib_a-fflush.o)
                0x000000000800ea98                fflush
 .text.std      0x000000000800eabc       0x48 c:/st/stm32cubeide_1.9.0/stm32cubeide/plugins/com.st.stm32cube.ide.mcu.externaltools.gnu-tools-for-stm32.10.3-2021.10.win32_1.0.0.202111181127/tools/bin/../lib/gcc/arm-none-eabi/10.3.1/../../../../arm-none-eabi/lib/thumb/v7-m/nofp\libc_nano.a(lib_a-findfp.o)
 .text._cleanup_r
                0x000000000800eb04        0xc c:/st/stm32cubeide_1.9.0/stm32cubeide/plugins/com.st.stm32cube.ide.mcu.externaltools.gnu-tools-for-stm32.10.3-2021.10.win32_1.0.0.202111181127/tools/bin/../lib/gcc/arm-none-eabi/10.3.1/../../../../arm-none-eabi/lib/thumb/v7-m/nofp\libc_nano.a(lib_a-findfp.o)
                0x000000000800eb04                _cleanup_r
 .text.__sfmoreglue
                0x000000000800eb10       0x2c c:/st/stm32cubeide_1.9.0/stm32cubeide/plugins/com.st.stm32cube.ide.mcu.externaltools.gnu-tools-for-stm32.10.3-2021.10.win32_1.0.0.202111181127/tools/bin/../lib/gcc/arm-none-eabi/10.3.1/../../../../arm-none-eabi/lib/thumb/v7-m/nofp\libc_nano.a(lib_a-findfp.o)
                0x000000000800eb10                __sfmoreglue
 .text.__sfp_lock_acquire
                0x000000000800eb3c        0xc c:/st/stm32cubeide_1.9.0/stm32cubeide/plugins/com.st.stm32cube.ide.mcu.externaltools.gnu-tools-for-stm32.10.3-2021.10.win32_1.0.0.202111181127/tools/bin/../lib/gcc/arm-none-eabi/10.3.1/../../../../arm-none-eabi/lib/thumb/v7-m/nofp\libc_nano.a(lib_a-findfp.o)
                0x000000000800eb3c                __sfp_lock_acquire
 .text.__sfp_lock_release
                0x000000000800eb48        0xc c:/st/stm32cubeide_1.9.0/stm32cubeide/plugins/com.st.stm32cube.ide.mcu.externaltools.gnu-tools-for-stm32.10.3-2021.10.win32_1.0.0.202111181127/tools/bin/../lib/gcc/arm-none-eabi/10.3.1/../../../../arm-none-eabi/lib/thumb/v7-m/nofp\libc_nano.a(lib_a-findfp.o)
                0x000000000800eb48                __sfp_lock_release
 .text.__sinit_lock_acquire
                0x000000000800eb54        0xc c:/st/stm32cubeide_1.9.0/stm32cubeide/plugins/com.st.stm32cube.ide.mcu.externaltools.gnu-tools-for-stm32.10.3-2021.10.win32_1.0.0.202111181127/tools/bin/../lib/gcc/arm-none-eabi/10.3.1/../../../../arm-none-eabi/lib/thumb/v7-m/nofp\libc_nano.a(lib_a-findfp.o)
                0x000000000800eb54                __sinit_lock_acquire
 .text.__sinit_lock_release
                0x000000000800eb60        0xc c:/st/stm32cubeide_1.9.0/stm32cubeide/plugins/com.st.stm32cube.ide.mcu.externaltools.gnu-tools-for-stm32.10.3-2021.10.win32_1.0.0.202111181127/tools/bin/../lib/gcc/arm-none-eabi/10.3.1/../../../../arm-none-eabi/lib/thumb/v7-m/nofp\libc_nano.a(lib_a-findfp.o)
                0x000000000800eb60                __sinit_lock_release
 .text.__sinit  0x000000000800eb6c       0x70 c:/st/stm32cubeide_1.9.0/stm32cubeide/plugins/com.st.stm32cube.ide.mcu.externaltools.gnu-tools-for-stm32.10.3-2021.10.win32_1.0.0.202111181127/tools/bin/../lib/gcc/arm-none-eabi/10.3.1/../../../../arm-none-eabi/lib/thumb/v7-m/nofp\libc_nano.a(lib_a-findfp.o)
                0x000000000800eb6c                __sinit
 .text.__sfp    0x000000000800ebdc       0x8c c:/st/stm32cubeide_1.9.0/stm32cubeide/plugins/com.st.stm32cube.ide.mcu.externaltools.gnu-tools-for-stm32.10.3-2021.10.win32_1.0.0.202111181127/tools/bin/../lib/gcc/arm-none-eabi/10.3.1/../../../../arm-none-eabi/lib/thumb/v7-m/nofp\libc_nano.a(lib_a-findfp.o)
                0x000000000800ebdc                __sfp
 .text._fwalk_reent
                0x000000000800ec68       0x3e c:/st/stm32cubeide_1.9.0/stm32cubeide/plugins/com.st.stm32cube.ide.mcu.externaltools.gnu-tools-for-stm32.10.3-2021.10.win32_1.0.0.202111181127/tools/bin/../lib/gcc/arm-none-eabi/10.3.1/../../../../arm-none-eabi/lib/thumb/v7-m/nofp\libc_nano.a(lib_a-fwalk.o)
                0x000000000800ec68                _fwalk_reent
 *fill*         0x000000000800eca6        0x2 
 .text.__libc_init_array
                0x000000000800eca8       0x48 c:/st/stm32cubeide_1.9.0/stm32cubeide/plugins/com.st.stm32cube.ide.mcu.externaltools.gnu-tools-for-stm32.10.3-2021.10.win32_1.0.0.202111181127/tools/bin/../lib/gcc/arm-none-eabi/10.3.1/../../../../arm-none-eabi/lib/thumb/v7-m/nofp\libc_nano.a(lib_a-init.o)
                0x000000000800eca8                __libc_init_array
 .text.__retarget_lock_init_recursive
                0x000000000800ecf0        0x2 c:/st/stm32cubeide_1.9.0/stm32cubeide/plugins/com.st.stm32cube.ide.mcu.externaltools.gnu-tools-for-stm32.10.3-2021.10.win32_1.0.0.202111181127/tools/bin/../lib/gcc/arm-none-eabi/10.3.1/../../../../arm-none-eabi/lib/thumb/v7-m/nofp\libc_nano.a(lib_a-lock.o)
                0x000000000800ecf0                __retarget_lock_init_recursive
 .text.__retarget_lock_acquire_recursive
                0x000000000800ecf2        0x2 c:/st/stm32cubeide_1.9.0/stm32cubeide/plugins/com.st.stm32cube.ide.mcu.externaltools.gnu-tools-for-stm32.10.3-2021.10.win32_1.0.0.202111181127/tools/bin/../lib/gcc/arm-none-eabi/10.3.1/../../../../arm-none-eabi/lib/thumb/v7-m/nofp\libc_nano.a(lib_a-lock.o)
                0x000000000800ecf2                __retarget_lock_acquire_recursive
 .text.__retarget_lock_release_recursive
                0x000000000800ecf4        0x2 c:/st/stm32cubeide_1.9.0/stm32cubeide/plugins/com.st.stm32cube.ide.mcu.externaltools.gnu-tools-for-stm32.10.3-2021.10.win32_1.0.0.202111181127/tools/bin/../lib/gcc/arm-none-eabi/10.3.1/../../../../arm-none-eabi/lib/thumb/v7-m/nofp\libc_nano.a(lib_a-lock.o)
                0x000000000800ecf4                __retarget_lock_release_recursive
 *fill*         0x000000000800ecf6        0x2 
 .text.free     0x000000000800ecf8       0x10 c:/st/stm32cubeide_1.9.0/stm32cubeide/plugins/com.st.stm32cube.ide.mcu.externaltools.gnu-tools-for-stm32.10.3-2021.10.win32_1.0.0.202111181127/tools/bin/../lib/gcc/arm-none-eabi/10.3.1/../../../../arm-none-eabi/lib/thumb/v7-m/nofp\libc_nano.a(lib_a-malloc.o)
                0x000000000800ecf8                free
 .text.memcmp   0x000000000800ed08       0x20 c:/st/stm32cubeide_1.9.0/stm32cubeide/plugins/com.st.stm32cube.ide.mcu.externaltools.gnu-tools-for-stm32.10.3-2021.10.win32_1.0.0.202111181127/tools/bin/../lib/gcc/arm-none-eabi/10.3.1/../../../../arm-none-eabi/lib/thumb/v7-m/nofp\libc_nano.a(lib_a-memcmp.o)
                0x000000000800ed08                memcmp
 .text.memcpy   0x000000000800ed28       0x1c c:/st/stm32cubeide_1.9.0/stm32cubeide/plugins/com.st.stm32cube.ide.mcu.externaltools.gnu-tools-for-stm32.10.3-2021.10.win32_1.0.0.202111181127/tools/bin/../lib/gcc/arm-none-eabi/10.3.1/../../../../arm-none-eabi/lib/thumb/v7-m/nofp\libc_nano.a(lib_a-memcpy-stub.o)
                0x000000000800ed28                memcpy
 .text.memmove  0x000000000800ed44       0x34 c:/st/stm32cubeide_1.9.0/stm32cubeide/plugins/com.st.stm32cube.ide.mcu.externaltools.gnu-tools-for-stm32.10.3-2021.10.win32_1.0.0.202111181127/tools/bin/../lib/gcc/arm-none-eabi/10.3.1/../../../../arm-none-eabi/lib/thumb/v7-m/nofp\libc_nano.a(lib_a-memmove.o)
                0x000000000800ed44                memmove
 .text.memset   0x000000000800ed78       0x10 c:/st/stm32cubeide_1.9.0/stm32cubeide/plugins/com.st.stm32cube.ide.mcu.externaltools.gnu-tools-for-stm32.10.3-2021.10.win32_1.0.0.202111181127/tools/bin/../lib/gcc/arm-none-eabi/10.3.1/../../../../arm-none-eabi/lib/thumb/v7-m/nofp\libc_nano.a(lib_a-memset.o)
                0x000000000800ed78                memset
 .text._calloc_r
                0x000000000800ed88       0x28 c:/st/stm32cubeide_1.9.0/stm32cubeide/plugins/com.st.stm32cube.ide.mcu.externaltools.gnu-tools-for-stm32.10.3-2021.10.win32_1.0.0.202111181127/tools/bin/../lib/gcc/arm-none-eabi/10.3.1/../../../../arm-none-eabi/lib/thumb/v7-m/nofp\libc_nano.a(lib_a-nano-callocr.o)
                0x000000000800ed88                _calloc_r
 .text._free_r  0x000000000800edb0       0x90 c:/st/stm32cubeide_1.9.0/stm32cubeide/plugins/com.st.stm32cube.ide.mcu.externaltools.gnu-tools-for-stm32.10.3-2021.10.win32_1.0.0.202111181127/tools/bin/../lib/gcc/arm-none-eabi/10.3.1/../../../../arm-none-eabi/lib/thumb/v7-m/nofp\libc_nano.a(lib_a-nano-freer.o)
                0x000000000800edb0                _free_r
 .text.sbrk_aligned
                0x000000000800ee40       0x40 c:/st/stm32cubeide_1.9.0/stm32cubeide/plugins/com.st.stm32cube.ide.mcu.externaltools.gnu-tools-for-stm32.10.3-2021.10.win32_1.0.0.202111181127/tools/bin/../lib/gcc/arm-none-eabi/10.3.1/../../../../arm-none-eabi/lib/thumb/v7-m/nofp\libc_nano.a(lib_a-nano-mallocr.o)
 .text._malloc_r
                0x000000000800ee80       0xe8 c:/st/stm32cubeide_1.9.0/stm32cubeide/plugins/com.st.stm32cube.ide.mcu.externaltools.gnu-tools-for-stm32.10.3-2021.10.win32_1.0.0.202111181127/tools/bin/../lib/gcc/arm-none-eabi/10.3.1/../../../../arm-none-eabi/lib/thumb/v7-m/nofp\libc_nano.a(lib_a-nano-mallocr.o)
                0x000000000800ee80                _malloc_r
 .text.printf   0x000000000800ef68       0x30 c:/st/stm32cubeide_1.9.0/stm32cubeide/plugins/com.st.stm32cube.ide.mcu.externaltools.gnu-tools-for-stm32.10.3-2021.10.win32_1.0.0.202111181127/tools/bin/../lib/gcc/arm-none-eabi/10.3.1/../../../../arm-none-eabi/lib/thumb/v7-m/nofp\libc_nano.a(lib_a-printf.o)
                0x000000000800ef68                iprintf
                0x000000000800ef68                printf
 .text._puts_r  0x000000000800ef98       0xdc c:/st/stm32cubeide_1.9.0/stm32cubeide/plugins/com.st.stm32cube.ide.mcu.externaltools.gnu-tools-for-stm32.10.3-2021.10.win32_1.0.0.202111181127/tools/bin/../lib/gcc/arm-none-eabi/10.3.1/../../../../arm-none-eabi/lib/thumb/v7-m/nofp\libc_nano.a(lib_a-puts.o)
                0x000000000800ef98                _puts_r
 .text.puts     0x000000000800f074       0x10 c:/st/stm32cubeide_1.9.0/stm32cubeide/plugins/com.st.stm32cube.ide.mcu.externaltools.gnu-tools-for-stm32.10.3-2021.10.win32_1.0.0.202111181127/tools/bin/../lib/gcc/arm-none-eabi/10.3.1/../../../../arm-none-eabi/lib/thumb/v7-m/nofp\libc_nano.a(lib_a-puts.o)
                0x000000000800f074                puts
 .text._sbrk_r  0x000000000800f084       0x20 c:/st/stm32cubeide_1.9.0/stm32cubeide/plugins/com.st.stm32cube.ide.mcu.externaltools.gnu-tools-for-stm32.10.3-2021.10.win32_1.0.0.202111181127/tools/bin/../lib/gcc/arm-none-eabi/10.3.1/../../../../arm-none-eabi/lib/thumb/v7-m/nofp\libc_nano.a(lib_a-sbrkr.o)
                0x000000000800f084                _sbrk_r
 .text.__sread  0x000000000800f0a4       0x22 c:/st/stm32cubeide_1.9.0/stm32cubeide/plugins/com.st.stm32cube.ide.mcu.externaltools.gnu-tools-for-stm32.10.3-2021.10.win32_1.0.0.202111181127/tools/bin/../lib/gcc/arm-none-eabi/10.3.1/../../../../arm-none-eabi/lib/thumb/v7-m/nofp\libc_nano.a(lib_a-stdio.o)
                0x000000000800f0a4                __sread
 .text.__swrite
                0x000000000800f0c6       0x38 c:/st/stm32cubeide_1.9.0/stm32cubeide/plugins/com.st.stm32cube.ide.mcu.externaltools.gnu-tools-for-stm32.10.3-2021.10.win32_1.0.0.202111181127/tools/bin/../lib/gcc/arm-none-eabi/10.3.1/../../../../arm-none-eabi/lib/thumb/v7-m/nofp\libc_nano.a(lib_a-stdio.o)
                0x000000000800f0c6                __swrite
 .text.__sseek  0x000000000800f0fe       0x24 c:/st/stm32cubeide_1.9.0/stm32cubeide/plugins/com.st.stm32cube.ide.mcu.externaltools.gnu-tools-for-stm32.10.3-2021.10.win32_1.0.0.202111181127/tools/bin/../lib/gcc/arm-none-eabi/10.3.1/../../../../arm-none-eabi/lib/thumb/v7-m/nofp\libc_nano.a(lib_a-stdio.o)
                0x000000000800f0fe                __sseek
 .text.__sclose
                0x000000000800f122        0x8 c:/st/stm32cubeide_1.9.0/stm32cubeide/plugins/com.st.stm32cube.ide.mcu.externaltools.gnu-tools-for-stm32.10.3-2021.10.win32_1.0.0.202111181127/tools/bin/../lib/gcc/arm-none-eabi/10.3.1/../../../../arm-none-eabi/lib/thumb/v7-m/nofp\libc_nano.a(lib_a-stdio.o)
                0x000000000800f122                __sclose
 *fill*         0x000000000800f12a        0x2 
 .text.__swbuf_r
                0x000000000800f12c       0xa4 c:/st/stm32cubeide_1.9.0/stm32cubeide/plugins/com.st.stm32cube.ide.mcu.externaltools.gnu-tools-for-stm32.10.3-2021.10.win32_1.0.0.202111181127/tools/bin/../lib/gcc/arm-none-eabi/10.3.1/../../../../arm-none-eabi/lib/thumb/v7-m/nofp\libc_nano.a(lib_a-wbuf.o)
                0x000000000800f12c                __swbuf_r
 .text._write_r
                0x000000000800f1d0       0x24 c:/st/stm32cubeide_1.9.0/stm32cubeide/plugins/com.st.stm32cube.ide.mcu.externaltools.gnu-tools-for-stm32.10.3-2021.10.win32_1.0.0.202111181127/tools/bin/../lib/gcc/arm-none-eabi/10.3.1/../../../../arm-none-eabi/lib/thumb/v7-m/nofp\libc_nano.a(lib_a-writer.o)
                0x000000000800f1d0                _write_r
 .text.__swsetup_r
                0x000000000800f1f4       0xdc c:/st/stm32cubeide_1.9.0/stm32cubeide/plugins/com.st.stm32cube.ide.mcu.externaltools.gnu-tools-for-stm32.10.3-2021.10.win32_1.0.0.202111181127/tools/bin/../lib/gcc/arm-none-eabi/10.3.1/../../../../arm-none-eabi/lib/thumb/v7-m/nofp\libc_nano.a(lib_a-wsetup.o)
                0x000000000800f1f4                __swsetup_r
 .text._close_r
                0x000000000800f2d0       0x20 c:/st/stm32cubeide_1.9.0/stm32cubeide/plugins/com.st.stm32cube.ide.mcu.externaltools.gnu-tools-for-stm32.10.3-2021.10.win32_1.0.0.202111181127/tools/bin/../lib/gcc/arm-none-eabi/10.3.1/../../../../arm-none-eabi/lib/thumb/v7-m/nofp\libc_nano.a(lib_a-closer.o)
                0x000000000800f2d0                _close_r
 .text._lseek_r
                0x000000000800f2f0       0x24 c:/st/stm32cubeide_1.9.0/stm32cubeide/plugins/com.st.stm32cube.ide.mcu.externaltools.gnu-tools-for-stm32.10.3-2021.10.win32_1.0.0.202111181127/tools/bin/../lib/gcc/arm-none-eabi/10.3.1/../../../../arm-none-eabi/lib/thumb/v7-m/nofp\libc_nano.a(lib_a-lseekr.o)
                0x000000000800f2f0                _lseek_r
 .text.__swhatbuf_r
                0x000000000800f314       0x4a c:/st/stm32cubeide_1.9.0/stm32cubeide/plugins/com.st.stm32cube.ide.mcu.externaltools.gnu-tools-for-stm32.10.3-2021.10.win32_1.0.0.202111181127/tools/bin/../lib/gcc/arm-none-eabi/10.3.1/../../../../arm-none-eabi/lib/thumb/v7-m/nofp\libc_nano.a(lib_a-makebuf.o)
                0x000000000800f314                __swhatbuf_r
 *fill*         0x000000000800f35e        0x2 
 .text.__smakebuf_r
                0x000000000800f360       0x80 c:/st/stm32cubeide_1.9.0/stm32cubeide/plugins/com.st.stm32cube.ide.mcu.externaltools.gnu-tools-for-stm32.10.3-2021.10.win32_1.0.0.202111181127/tools/bin/../lib/gcc/arm-none-eabi/10.3.1/../../../../arm-none-eabi/lib/thumb/v7-m/nofp\libc_nano.a(lib_a-makebuf.o)
                0x000000000800f360                __smakebuf_r
 .text.__malloc_lock
                0x000000000800f3e0        0xc c:/st/stm32cubeide_1.9.0/stm32cubeide/plugins/com.st.stm32cube.ide.mcu.externaltools.gnu-tools-for-stm32.10.3-2021.10.win32_1.0.0.202111181127/tools/bin/../lib/gcc/arm-none-eabi/10.3.1/../../../../arm-none-eabi/lib/thumb/v7-m/nofp\libc_nano.a(lib_a-mlock.o)
                0x000000000800f3e0                __malloc_lock
 .text.__malloc_unlock
                0x000000000800f3ec        0xc c:/st/stm32cubeide_1.9.0/stm32cubeide/plugins/com.st.stm32cube.ide.mcu.externaltools.gnu-tools-for-stm32.10.3-2021.10.win32_1.0.0.202111181127/tools/bin/../lib/gcc/arm-none-eabi/10.3.1/../../../../arm-none-eabi/lib/thumb/v7-m/nofp\libc_nano.a(lib_a-mlock.o)
                0x000000000800f3ec                __malloc_unlock
 .text.__sfputc_r
                0x000000000800f3f8       0x2a c:/st/stm32cubeide_1.9.0/stm32cubeide/plugins/com.st.stm32cube.ide.mcu.externaltools.gnu-tools-for-stm32.10.3-2021.10.win32_1.0.0.202111181127/tools/bin/../lib/gcc/arm-none-eabi/10.3.1/../../../../arm-none-eabi/lib/thumb/v7-m/nofp\libc_nano.a(lib_a-nano-vfprintf.o)
 .text.__sfputs_r
                0x000000000800f422       0x24 c:/st/stm32cubeide_1.9.0/stm32cubeide/plugins/com.st.stm32cube.ide.mcu.externaltools.gnu-tools-for-stm32.10.3-2021.10.win32_1.0.0.202111181127/tools/bin/../lib/gcc/arm-none-eabi/10.3.1/../../../../arm-none-eabi/lib/thumb/v7-m/nofp\libc_nano.a(lib_a-nano-vfprintf.o)
                0x000000000800f422                __sfputs_r
 *fill*         0x000000000800f446        0x2 
 .text._vfprintf_r
                0x000000000800f448      0x260 c:/st/stm32cubeide_1.9.0/stm32cubeide/plugins/com.st.stm32cube.ide.mcu.externaltools.gnu-tools-for-stm32.10.3-2021.10.win32_1.0.0.202111181127/tools/bin/../lib/gcc/arm-none-eabi/10.3.1/../../../../arm-none-eabi/lib/thumb/v7-m/nofp\libc_nano.a(lib_a-nano-vfprintf.o)
                0x000000000800f448                _vfprintf_r
                0x000000000800f448                _vfiprintf_r
 .text._printf_common
                0x000000000800f6a8       0xde c:/st/stm32cubeide_1.9.0/stm32cubeide/plugins/com.st.stm32cube.ide.mcu.externaltools.gnu-tools-for-stm32.10.3-2021.10.win32_1.0.0.202111181127/tools/bin/../lib/gcc/arm-none-eabi/10.3.1/../../../../arm-none-eabi/lib/thumb/v7-m/nofp\libc_nano.a(lib_a-nano-vfprintf_i.o)
                0x000000000800f6a8                _printf_common
 *fill*         0x000000000800f786        0x2 
 .text._printf_i
                0x000000000800f788      0x24c c:/st/stm32cubeide_1.9.0/stm32cubeide/plugins/com.st.stm32cube.ide.mcu.externaltools.gnu-tools-for-stm32.10.3-2021.10.win32_1.0.0.202111181127/tools/bin/../lib/gcc/arm-none-eabi/10.3.1/../../../../arm-none-eabi/lib/thumb/v7-m/nofp\libc_nano.a(lib_a-nano-vfprintf_i.o)
                0x000000000800f788                _printf_i
 .text._read_r  0x000000000800f9d4       0x24 c:/st/stm32cubeide_1.9.0/stm32cubeide/plugins/com.st.stm32cube.ide.mcu.externaltools.gnu-tools-for-stm32.10.3-2021.10.win32_1.0.0.202111181127/tools/bin/../lib/gcc/arm-none-eabi/10.3.1/../../../../arm-none-eabi/lib/thumb/v7-m/nofp\libc_nano.a(lib_a-readr.o)
                0x000000000800f9d4                _read_r
 .text._fstat_r
                0x000000000800f9f8       0x24 c:/st/stm32cubeide_1.9.0/stm32cubeide/plugins/com.st.stm32cube.ide.mcu.externaltools.gnu-tools-for-stm32.10.3-2021.10.win32_1.0.0.202111181127/tools/bin/../lib/gcc/arm-none-eabi/10.3.1/../../../../arm-none-eabi/lib/thumb/v7-m/nofp\libc_nano.a(lib_a-fstatr.o)
                0x000000000800f9f8                _fstat_r
 .text._isatty_r
                0x000000000800fa1c       0x20 c:/st/stm32cubeide_1.9.0/stm32cubeide/plugins/com.st.stm32cube.ide.mcu.externaltools.gnu-tools-for-stm32.10.3-2021.10.win32_1.0.0.202111181127/tools/bin/../lib/gcc/arm-none-eabi/10.3.1/../../../../arm-none-eabi/lib/thumb/v7-m/nofp\libc_nano.a(lib_a-isattyr.o)
                0x000000000800fa1c                _isatty_r
 .text.memchr   0x000000000800fa3c       0x1c c:/st/stm32cubeide_1.9.0/stm32cubeide/plugins/com.st.stm32cube.ide.mcu.externaltools.gnu-tools-for-stm32.10.3-2021.10.win32_1.0.0.202111181127/tools/bin/../lib/gcc/arm-none-eabi/10.3.1/../../../../arm-none-eabi/lib/thumb/v7-m/nofp\libc_nano.a(lib_a-memchr-stub.o)
                0x000000000800fa3c                memchr
 *(.glue_7)
 .glue_7        0x000000000800fa58        0x0 linker stubs
 *(.glue_7t)
 .glue_7t       0x000000000800fa58        0x0 linker stubs
 *(.eh_frame)
 .eh_frame      0x000000000800fa58        0x0 c:/st/stm32cubeide_1.9.0/stm32cubeide/plugins/com.st.stm32cube.ide.mcu.externaltools.gnu-tools-for-stm32.10.3-2021.10.win32_1.0.0.202111181127/tools/bin/../lib/gcc/arm-none-eabi/10.3.1/thumb/v7-m/nofp/crtbegin.o
 *(.init)
 .init          0x000000000800fa58        0x4 c:/st/stm32cubeide_1.9.0/stm32cubeide/plugins/com.st.stm32cube.ide.mcu.externaltools.gnu-tools-for-stm32.10.3-2021.10.win32_1.0.0.202111181127/tools/bin/../lib/gcc/arm-none-eabi/10.3.1/thumb/v7-m/nofp/crti.o
                0x000000000800fa58                _init
 .init          0x000000000800fa5c        0x8 c:/st/stm32cubeide_1.9.0/stm32cubeide/plugins/com.st.stm32cube.ide.mcu.externaltools.gnu-tools-for-stm32.10.3-2021.10.win32_1.0.0.202111181127/tools/bin/../lib/gcc/arm-none-eabi/10.3.1/thumb/v7-m/nofp/crtn.o
 *(.fini)
 .fini          0x000000000800fa64        0x4 c:/st/stm32cubeide_1.9.0/stm32cubeide/plugins/com.st.stm32cube.ide.mcu.externaltools.gnu-tools-for-stm32.10.3-2021.10.win32_1.0.0.202111181127/tools/bin/../lib/gcc/arm-none-eabi/10.3.1/thumb/v7-m/nofp/crti.o
                0x000000000800fa64                _fini
 .fini          0x000000000800fa68        0x8 c:/st/stm32cubeide_1.9.0/stm32cubeide/plugins/com.st.stm32cube.ide.mcu.externaltools.gnu-tools-for-stm32.10.3-2021.10.win32_1.0.0.202111181127/tools/bin/../lib/gcc/arm-none-eabi/10.3.1/thumb/v7-m/nofp/crtn.o
                0x000000000800fa70                . = ALIGN (0x4)
                0x000000000800fa70                _etext = .

.vfp11_veneer   0x000000000800fa70        0x0
 .vfp11_veneer  0x000000000800fa70        0x0 linker stubs

.v4_bx          0x000000000800fa70        0x0
 .v4_bx         0x000000000800fa70        0x0 linker stubs

.iplt           0x000000000800fa70        0x0
 .iplt          0x000000000800fa70        0x0 c:/st/stm32cubeide_1.9.0/stm32cubeide/plugins/com.st.stm32cube.ide.mcu.externaltools.gnu-tools-for-stm32.10.3-2021.10.win32_1.0.0.202111181127/tools/bin/../lib/gcc/arm-none-eabi/10.3.1/thumb/v7-m/nofp/crtbegin.o

.rodata         0x000000000800fa70      0xa50
                0x000000000800fa70                . = ALIGN (0x4)
 *(.rodata)
 .rodata        0x000000000800fa70      0x1d9 ./CANopenNode_STM32/CO_app_STM32.o
 *(.rodata*)
 *fill*         0x000000000800fc49        0x3 
 .rodata.abortCodes.0
                0x000000000800fc4c       0x68 ./CANopenNode/301/CO_ODinterface.o
 .rodata.CO_LSS_bitTimingTableLookup
                0x000000000800fcb4       0x14 ./CANopenNode/305/CO_LSSslave.o
 .rodata.ODObjs
                0x000000000800fcc8      0x734 ./CANopenNode_STM32/OD.o
 .rodata.AHBPrescTable
                0x00000000080103fc       0x10 ./Core/Src/system_stm32f1xx.o
                0x00000000080103fc                AHBPrescTable
 .rodata.APBPrescTable
                0x000000000801040c        0x8 ./Core/Src/system_stm32f1xx.o
                0x000000000801040c                APBPrescTable
 .rodata.aPLLMULFactorTable.1
                0x0000000008010414       0x10 ./Drivers/STM32F1xx_HAL_Driver/Src/stm32f1xx_hal_rcc.o
 .rodata.aPredivFactorTable.0
                0x0000000008010424        0x2 ./Drivers/STM32F1xx_HAL_Driver/Src/stm32f1xx_hal_rcc.o
 *fill*         0x0000000008010426        0x2 
 .rodata.__sf_fake_stderr
                0x0000000008010428       0x20 c:/st/stm32cubeide_1.9.0/stm32cubeide/plugins/com.st.stm32cube.ide.mcu.externaltools.gnu-tools-for-stm32.10.3-2021.10.win32_1.0.0.202111181127/tools/bin/../lib/gcc/arm-none-eabi/10.3.1/../../../../arm-none-eabi/lib/thumb/v7-m/nofp\libc_nano.a(lib_a-findfp.o)
                0x0000000008010428                __sf_fake_stderr
 .rodata.__sf_fake_stdin
                0x0000000008010448       0x20 c:/st/stm32cubeide_1.9.0/stm32cubeide/plugins/com.st.stm32cube.ide.mcu.externaltools.gnu-tools-for-stm32.10.3-2021.10.win32_1.0.0.202111181127/tools/bin/../lib/gcc/arm-none-eabi/10.3.1/../../../../arm-none-eabi/lib/thumb/v7-m/nofp\libc_nano.a(lib_a-findfp.o)
                0x0000000008010448                __sf_fake_stdin
 .rodata.__sf_fake_stdout
                0x0000000008010468       0x20 c:/st/stm32cubeide_1.9.0/stm32cubeide/plugins/com.st.stm32cube.ide.mcu.externaltools.gnu-tools-for-stm32.10.3-2021.10.win32_1.0.0.202111181127/tools/bin/../lib/gcc/arm-none-eabi/10.3.1/../../../../arm-none-eabi/lib/thumb/v7-m/nofp\libc_nano.a(lib_a-findfp.o)
                0x0000000008010468                __sf_fake_stdout
 .rodata._global_impure_ptr
                0x0000000008010488        0x4 c:/st/stm32cubeide_1.9.0/stm32cubeide/plugins/com.st.stm32cube.ide.mcu.externaltools.gnu-tools-for-stm32.10.3-2021.10.win32_1.0.0.202111181127/tools/bin/../lib/gcc/arm-none-eabi/10.3.1/../../../../arm-none-eabi/lib/thumb/v7-m/nofp\libc_nano.a(lib_a-impure.o)
                0x0000000008010488                _global_impure_ptr
 .rodata._vfprintf_r.str1.1
                0x000000000801048c       0x11 c:/st/stm32cubeide_1.9.0/stm32cubeide/plugins/com.st.stm32cube.ide.mcu.externaltools.gnu-tools-for-stm32.10.3-2021.10.win32_1.0.0.202111181127/tools/bin/../lib/gcc/arm-none-eabi/10.3.1/../../../../arm-none-eabi/lib/thumb/v7-m/nofp\libc_nano.a(lib_a-nano-vfprintf.o)
 .rodata._printf_i.str1.1
                0x000000000801049d       0x22 c:/st/stm32cubeide_1.9.0/stm32cubeide/plugins/com.st.stm32cube.ide.mcu.externaltools.gnu-tools-for-stm32.10.3-2021.10.win32_1.0.0.202111181127/tools/bin/../lib/gcc/arm-none-eabi/10.3.1/../../../../arm-none-eabi/lib/thumb/v7-m/nofp\libc_nano.a(lib_a-nano-vfprintf_i.o)
                0x00000000080104c0                . = ALIGN (0x4)
 *fill*         0x00000000080104bf        0x1 

.rel.dyn        0x00000000080104c0        0x0
 .rel.iplt      0x00000000080104c0        0x0 c:/st/stm32cubeide_1.9.0/stm32cubeide/plugins/com.st.stm32cube.ide.mcu.externaltools.gnu-tools-for-stm32.10.3-2021.10.win32_1.0.0.202111181127/tools/bin/../lib/gcc/arm-none-eabi/10.3.1/thumb/v7-m/nofp/crtbegin.o

.ARM.extab      0x00000000080104c0        0x0
                0x00000000080104c0                . = ALIGN (0x4)
 *(.ARM.extab* .gnu.linkonce.armextab.*)
                0x00000000080104c0                . = ALIGN (0x4)

.ARM            0x00000000080104c0        0x0
                0x00000000080104c0                . = ALIGN (0x4)
                0x00000000080104c0                __exidx_start = .
 *(.ARM.exidx*)
                0x00000000080104c0                __exidx_end = .
                0x00000000080104c0                . = ALIGN (0x4)

.preinit_array  0x00000000080104c0        0x0
                0x00000000080104c0                . = ALIGN (0x4)
                0x00000000080104c0                PROVIDE (__preinit_array_start = .)
 *(.preinit_array*)
                0x00000000080104c0                PROVIDE (__preinit_array_end = .)
                0x00000000080104c0                . = ALIGN (0x4)

.init_array     0x00000000080104c0        0x4
                0x00000000080104c0                . = ALIGN (0x4)
                0x00000000080104c0                PROVIDE (__init_array_start = .)
 *(SORT_BY_NAME(.init_array.*))
 *(.init_array*)
 .init_array    0x00000000080104c0        0x4 c:/st/stm32cubeide_1.9.0/stm32cubeide/plugins/com.st.stm32cube.ide.mcu.externaltools.gnu-tools-for-stm32.10.3-2021.10.win32_1.0.0.202111181127/tools/bin/../lib/gcc/arm-none-eabi/10.3.1/thumb/v7-m/nofp/crtbegin.o
                0x00000000080104c4                PROVIDE (__init_array_end = .)
                0x00000000080104c4                . = ALIGN (0x4)

.fini_array     0x00000000080104c4        0x4
                0x00000000080104c4                . = ALIGN (0x4)
                [!provide]                        PROVIDE (__fini_array_start = .)
 *(SORT_BY_NAME(.fini_array.*))
 *(.fini_array*)
 .fini_array    0x00000000080104c4        0x4 c:/st/stm32cubeide_1.9.0/stm32cubeide/plugins/com.st.stm32cube.ide.mcu.externaltools.gnu-tools-for-stm32.10.3-2021.10.win32_1.0.0.202111181127/tools/bin/../lib/gcc/arm-none-eabi/10.3.1/thumb/v7-m/nofp/crtbegin.o
                [!provide]                        PROVIDE (__fini_array_end = .)
                0x00000000080104c8                . = ALIGN (0x4)
                0x00000000080104c8                _sidata = LOADADDR (.data)

.data           0x0000000020000000      0x624 load address 0x00000000080104c8
                0x0000000020000000                . = ALIGN (0x4)
                0x0000000020000000                _sdata = .
 *(.data)
 *(.data*)
 .data.I2C1_DEVICE_ADDRESS
                0x0000000020000000        0x1 ./CANopenNode/storage/CO_eeprom.o
                0x0000000020000000                I2C1_DEVICE_ADDRESS
 *fill*         0x0000000020000001        0x3 
 .data.storageEntries
                0x0000000020000004       0x24 ./CANopenNode_STM32/CO_app_STM32.o
                0x0000000020000004                storageEntries
 .data.OD_PERSIST_COMM
                0x0000000020000028      0x210 ./CANopenNode_STM32/OD.o
                0x0000000020000028                OD_PERSIST_COMM
 .data.OD_RAM   0x0000000020000238      0x140 ./CANopenNode_STM32/OD.o
                0x0000000020000238                OD_RAM
 .data.ODList   0x0000000020000378      0x21c ./CANopenNode_STM32/OD.o
 .data._OD      0x0000000020000594        0x8 ./CANopenNode_STM32/OD.o
 .data.OD       0x000000002000059c        0x4 ./CANopenNode_STM32/OD.o
                0x000000002000059c                OD
 .data.SystemCoreClock
                0x00000000200005a0        0x4 ./Core/Src/system_stm32f1xx.o
                0x00000000200005a0                SystemCoreClock
 .data.readRom  0x00000000200005a4        0x3 ./DS18B20/ds18b20.o
 *fill*         0x00000000200005a7        0x1 
 .data.skipRom  0x00000000200005a8        0x3 ./DS18B20/ds18b20.o
 *fill*         0x00000000200005ab        0x1 
 .data.readScratchpad
                0x00000000200005ac        0x3 ./DS18B20/ds18b20.o
 *fill*         0x00000000200005af        0x1 
 .data.writeScratchpad
                0x00000000200005b0        0x3 ./DS18B20/ds18b20.o
 *fill*         0x00000000200005b3        0x1 
 .data.convertT
                0x00000000200005b4        0x3 ./DS18B20/ds18b20.o
 *fill*         0x00000000200005b7        0x1 
 .data.uwTickPrio
                0x00000000200005b8        0x4 ./Drivers/STM32F1xx_HAL_Driver/Src/stm32f1xx_hal.o
                0x00000000200005b8                uwTickPrio
 .data.uwTickFreq
                0x00000000200005bc        0x1 ./Drivers/STM32F1xx_HAL_Driver/Src/stm32f1xx_hal.o
                0x00000000200005bc                uwTickFreq
 *fill*         0x00000000200005bd        0x3 
 .data._impure_ptr
                0x00000000200005c0        0x4 c:/st/stm32cubeide_1.9.0/stm32cubeide/plugins/com.st.stm32cube.ide.mcu.externaltools.gnu-tools-for-stm32.10.3-2021.10.win32_1.0.0.202111181127/tools/bin/../lib/gcc/arm-none-eabi/10.3.1/../../../../arm-none-eabi/lib/thumb/v7-m/nofp\libc_nano.a(lib_a-impure.o)
                0x00000000200005c0                _impure_ptr
 .data.impure_data
                0x00000000200005c4       0x60 c:/st/stm32cubeide_1.9.0/stm32cubeide/plugins/com.st.stm32cube.ide.mcu.externaltools.gnu-tools-for-stm32.10.3-2021.10.win32_1.0.0.202111181127/tools/bin/../lib/gcc/arm-none-eabi/10.3.1/../../../../arm-none-eabi/lib/thumb/v7-m/nofp\libc_nano.a(lib_a-impure.o)
 *(.RamFunc)
 *(.RamFunc*)
                0x0000000020000624                . = ALIGN (0x4)
                0x0000000020000624                _edata = .

.igot.plt       0x0000000020000624        0x0 load address 0x0000000008010aec
 .igot.plt      0x0000000020000624        0x0 c:/st/stm32cubeide_1.9.0/stm32cubeide/plugins/com.st.stm32cube.ide.mcu.externaltools.gnu-tools-for-stm32.10.3-2021.10.win32_1.0.0.202111181127/tools/bin/../lib/gcc/arm-none-eabi/10.3.1/thumb/v7-m/nofp/crtbegin.o
                0x0000000020000624                . = ALIGN (0x4)

.bss            0x0000000020000624      0x264 load address 0x0000000008010aec
                0x0000000020000624                _sbss = .
                0x0000000020000624                __bss_start__ = _sbss
 *(.bss)
 .bss           0x0000000020000624       0x1c c:/st/stm32cubeide_1.9.0/stm32cubeide/plugins/com.st.stm32cube.ide.mcu.externaltools.gnu-tools-for-stm32.10.3-2021.10.win32_1.0.0.202111181127/tools/bin/../lib/gcc/arm-none-eabi/10.3.1/thumb/v7-m/nofp/crtbegin.o
 *(.bss*)